<html>
<body>
<pre>
<h1>µVision Build Log</h1>
<h2>Tool Versions:</h2>
IDE-Version: µVision V5.31.0.0
Copyright (C) 2020 ARM Ltd and ARM Germany GmbH. All rights reserved.
License Information: Damien Burger, Rochester Institute of Technology, LIC=----
 
Tool Versions:
Toolchain:       MDK-Lite  Version: 5.31.0.0
Toolchain Path:  C:\Keil_v5\ARM\ARMCLANG\Bin
C Compiler:      ArmClang.exe V6.14
Assembler:       Armasm.exe V6.14
Linker/Locator:  ArmLink.exe V6.14
Library Manager: ArmAr.exe V6.14
Hex Converter:   FromElf.exe V6.14
CPU DLL:         SARMCM3.DLL V5.31.0.0
Dialog DLL:      DARMCM1.DLL V1.19.3.0
Target DLL:      CMSIS_AGDI.dll V1.32.6.0
Dialog DLL:      TARMCM1.DLL V1.14.2.0
 
<h2>Project:</h2>
C:\Users\samp\Downloads\IDE-projects\lab05\lab05.uvprojx
Project File Date:  02/19/2026

<h2>Output:</h2>
*** Using Compiler 'V6.14', folder: 'C:\Keil_v5\ARM\ARMCLANG\Bin'
Rebuild target 'Target 1'
assembling startup_mspm0g350x_uvision.s...
compiling timers.c...
main.c(13): warning: no previous extern declaration for non-static variable 'ms_counter' [-Wmissing-variable-declarations]
int32_t ms_counter = 0;
        ^
main.c(13): note: declare 'static' if the variable is not intended to be used outside of this translation unit
int32_t ms_counter = 0;
^
main.c(39): warning: no previous prototype for function 'TIMG12_IRQHandler' [-Wmissing-prototypes]
void TIMG12_IRQHandler(void){
     ^
main.c(39): note: declare 'static' if the function is not intended to be used outside of this translation unit
void TIMG12_IRQHandler(void){
^
static 
2 warnings generated.
compiling main.c...
compiling adc12.c...
compiling leds.c...
compiling switches.c...
../lib/lab2/uart.c(54): warning: implicit conversion changes signedness: 'int' to 'unsigned int' [-Wsign-conversion]
        UART0->IBRD = ((int)int_part & UART_IBRD_DIVINT_MASK);                                            //integer part
                       ^~~~~~~~~~~~~ ~
../lib/lab2/uart.c(55): warning: implicit conversion changes signedness: 'int' to 'unsigned int' [-Wsign-conversion]
        UART0->FBRD = ((int)((frac_part*64)+0.5) & UART_FBRD_DIVFRAC_MASK); //fractional part is multiplied by 64 to get in the 6 digit range, 
                       ^~~~~~~~~~~~~~~~~~~~~~~~~ ~
../lib/lab2/uart.c(121): warning: implicit conversion changes signedness: 'int' to 'unsigned int' [-Wsign-conversion]
        UART1->IBRD = ((int)int_part & UART_IBRD_DIVINT_MASK);                                            //integer part
                       ^~~~~~~~~~~~~ ~
../lib/lab2/uart.c(122): warning: implicit conversion changes signedness: 'int' to 'unsigned int' [-Wsign-conversion]
        UART1->FBRD = ((int)((frac_part*64)+0.5) & UART_FBRD_DIVFRAC_MASK); //fractional part is multiplied by 64 to get in the 6 digit range, 
                       ^~~~~~~~~~~~~~~~~~~~~~~~~ ~
4 warnings generated.
compiling uart.c...
camera.c(66): warning: no previous prototype for function 'TIMG6_IRQHandler' [-Wmissing-prototypes]
void TIMG6_IRQHandler(void){
     ^
camera.c(66): note: declare 'static' if the function is not intended to be used outside of this translation unit
void TIMG6_IRQHandler(void){
^
static 
camera.c(92): warning: no previous prototype for function 'TIMG0_IRQHandler' [-Wmissing-prototypes]
void TIMG0_IRQHandler(void){
     ^
camera.c(92): note: declare 'static' if the function is not intended to be used outside of this translation unit
void TIMG0_IRQHandler(void){
^
static 
2 warnings generated.
compiling camera.c...
compiling sysctl.c...
compiling uart_extras.c...
linking...
Program Size: Code=4320 RO-data=224 RW-data=4 ZI-data=1396  
".\Objects\lab05.axf" - 0 Error(s), 8 Warning(s).

<h2>Software Packages used:</h2>

Package Vendor: ARM
                http://www.keil.com/pack/ARM.CMSIS.5.7.0.pack
                ARM.CMSIS.5.7.0
                CMSIS (Cortex Microcontroller Software Interface Standard)
   * Component: CORE Version: 5.4.0

Package Vendor: TexasInstruments
                https://software-dl.ti.com/msp430/esd/MSPM0-CMSIS/MSPM0G1X0X_G3X0X/latest/exports/TexasInstruments.MSPM0G1X0X_G3X0X_DFP.1.3.1.pack
                TexasInstruments.MSPM0G1X0X_G3X0X_DFP.1.3.1
                Device Family Pack for Texas Instruments MSPM0G1X0X_G3X0X Series

<h2>Collection of Component include folders:</h2>
  .\RTE\_Target_1
  C:\Users\samp\AppData\Local\Arm\Packs\ARM\CMSIS\5.7.0\CMSIS\Core\Include

<h2>Collection of Component Files used:</h2>

   * Component: ARM::CMSIS:CORE:5.4.0
Build Time Elapsed:  00:00:01
</pre>
</body>
</html>
