<html>
<body>
<pre>
<h1>µVision Build Log</h1>
<h2>Tool Versions:</h2>
IDE-Version: µVision V5.31.0.0
Copyright (C) 2020 ARM Ltd and ARM Germany GmbH. All rights reserved.
License Information: Poop Poop, Poop, LIC=----
 
Tool Versions:
Toolchain:       MDK-Lite  Version: 5.31.0.0
Toolchain Path:  D:\keil\core\ARM\ARMCLANG\Bin
C Compiler:      ArmClang.exe V6.14
Assembler:       Armasm.exe V6.14
Linker/Locator:  ArmLink.exe V6.14
Library Manager: ArmAr.exe V6.14
Hex Converter:   FromElf.exe V6.14
CPU DLL:         SARMCM3.DLL V5.31.0.0
Dialog DLL:      DARMCM1.DLL V1.19.3.0
Target DLL:      CMSIS_AGDI.dll V1.32.6.0
Dialog DLL:      TARMCM1.DLL V1.14.2.0
 
<h2>Project:</h2>
D:\IDE-projects\lab05\lab05.uvprojx
Project File Date:  02/17/2026

<h2>Output:</h2>
*** Using Compiler 'V6.14', folder: 'D:\keil\core\ARM\ARMCLANG\Bin'
Rebuild target 'Target 1'
assembling startup_mspm0g350x_uvision.s...
compiling adc12.c...
compiling leds.c...
compiling timers.c...
compiling switches.c...
main.c(41): warning: no newline at end of file [-Wnewline-eof]
}
 ^
main.c(31): warning: no previous prototype for function 'GROUP1_IRQHandler' [-Wmissing-prototypes]
void GROUP1_IRQHandler(void){
     ^
main.c(31): note: declare 'static' if the function is not intended to be used outside of this translation unit
void GROUP1_IRQHandler(void){
^
static 
main.c(9): warning: unused variable 'sw1_state' [-Wunused-variable]
static int sw1_state = 0;
           ^
main.c(10): warning: unused variable 'sw2_state_counter' [-Wunused-variable]
static int sw2_state_counter = 0;
           ^
4 warnings generated.
compiling main.c...
linking...
Program Size: Code=1272 RO-data=208 RW-data=0 ZI-data=1120  
".\Objects\lab05.axf" - 0 Error(s), 4 Warning(s).

<h2>Software Packages used:</h2>

Package Vendor: ARM
                http://www.keil.com/pack/ARM.CMSIS.5.7.0.pack
                ARM.CMSIS.5.7.0
                CMSIS (Cortex Microcontroller Software Interface Standard)
   * Component: CORE Version: 5.4.0

Package Vendor: TexasInstruments
                https://software-dl.ti.com/msp430/esd/MSPM0-CMSIS/MSPM0G1X0X_G3X0X/latest/exports/TexasInstruments.MSPM0G1X0X_G3X0X_DFP.1.3.1.pack
                TexasInstruments.MSPM0G1X0X_G3X0X_DFP.1.3.1
                Device Family Pack for Texas Instruments MSPM0G1X0X_G3X0X Series

<h2>Collection of Component include folders:</h2>
  .\RTE\_Target_1
  D:\keil\packs\ARM\CMSIS\5.7.0\CMSIS\Core\Include

<h2>Collection of Component Files used:</h2>

   * Component: ARM::CMSIS:CORE:5.4.0
Build Time Elapsed:  00:00:01
</pre>
</body>
</html>
