Component: ARM Compiler 6.14 Tool: armlink [5db06800]

==============================================================================

Section Cross References

    main.o(.text.main) refers to uart.o(.text.UART0_init) for UART0_init
    main.o(.text.main) refers to leds.o(.text.LED1_init) for LED1_init
    main.o(.text.main) refers to leds.o(.text.LED2_init) for LED2_init
    main.o(.text.main) refers to adc12.o(.text.ADC0_init) for ADC0_init
    main.o(.text.main) refers to switches.o(.text.S1_init_interrupt) for S1_init_interrupt
    main.o(.text.main) refers to switches.o(.text.S2_init_interrupt) for S2_init_interrupt
    main.o(.text.main) refers to camera.o(.text.Camera_init) for Camera_init
    main.o(.text.main) refers to timers.o(.text.TIMG12_init) for TIMG12_init
    main.o(.text.main) refers to camera.o(.text.Camera_isDataReady) for Camera_isDataReady
    main.o(.text.main) refers to uart.o(.text.UART0_put) for UART0_put
    main.o(.text.main) refers to camera.o(.text.Camera_getData) for Camera_getData
    main.o(.text.main) refers to uart_extras.o(.text.UART0_printDec) for UART0_printDec
    main.o(.ARM.exidx.text.main) refers to main.o(.text.main) for [Anonymous Symbol]
    main.o(.text.TIMG12_IRQHandler) refers to main.o(.bss.ms_counter) for ms_counter
    main.o(.ARM.exidx.text.TIMG12_IRQHandler) refers to main.o(.text.TIMG12_IRQHandler) for [Anonymous Symbol]
    main.o(.text.print_and_reset_ms_count) refers to uart.o(.text.UART0_put) for UART0_put
    main.o(.text.print_and_reset_ms_count) refers to uart_extras.o(.text.UART0_printDec) for UART0_printDec
    main.o(.text.print_and_reset_ms_count) refers to main.o(.bss.ms_counter) for ms_counter
    main.o(.ARM.exidx.text.print_and_reset_ms_count) refers to main.o(.text.print_and_reset_ms_count) for [Anonymous Symbol]
    startup_mspm0g350x_uvision.o(STACK) refers (Special) to heapauxi.o(.text) for __use_two_region_memory
    startup_mspm0g350x_uvision.o(HEAP) refers (Special) to heapauxi.o(.text) for __use_two_region_memory
    startup_mspm0g350x_uvision.o(RESET) refers (Special) to heapauxi.o(.text) for __use_two_region_memory
    startup_mspm0g350x_uvision.o(RESET) refers to startup_mspm0g350x_uvision.o(STACK) for __initial_sp
    startup_mspm0g350x_uvision.o(RESET) refers to startup_mspm0g350x_uvision.o(.text) for Reset_Handler
    startup_mspm0g350x_uvision.o(RESET) refers to camera.o(.text.TIMG0_IRQHandler) for TIMG0_IRQHandler
    startup_mspm0g350x_uvision.o(RESET) refers to camera.o(.text.TIMG6_IRQHandler) for TIMG6_IRQHandler
    startup_mspm0g350x_uvision.o(RESET) refers to main.o(.text.TIMG12_IRQHandler) for TIMG12_IRQHandler
    startup_mspm0g350x_uvision.o(.text) refers (Special) to heapauxi.o(.text) for __use_two_region_memory
    startup_mspm0g350x_uvision.o(.text) refers to __main.o(!!!main) for __main
    startup_mspm0g350x_uvision.o(.text) refers to startup_mspm0g350x_uvision.o(HEAP) for Heap_Mem
    startup_mspm0g350x_uvision.o(.text) refers to startup_mspm0g350x_uvision.o(STACK) for Stack_Mem
    timers.o(.text.TIMG0_init) refers to timers.o(.text.__NVIC_EnableIRQ) for __NVIC_EnableIRQ
    timers.o(.ARM.exidx.text.TIMG0_init) refers to timers.o(.text.TIMG0_init) for [Anonymous Symbol]
    timers.o(.ARM.exidx.text.__NVIC_EnableIRQ) refers to timers.o(.text.__NVIC_EnableIRQ) for [Anonymous Symbol]
    timers.o(.text.TIMG6_init) refers to timers.o(.text.__NVIC_EnableIRQ) for __NVIC_EnableIRQ
    timers.o(.ARM.exidx.text.TIMG6_init) refers to timers.o(.text.TIMG6_init) for [Anonymous Symbol]
    timers.o(.text.TIMG12_init) refers to timers.o(.text.__NVIC_EnableIRQ) for __NVIC_EnableIRQ
    timers.o(.ARM.exidx.text.TIMG12_init) refers to timers.o(.text.TIMG12_init) for [Anonymous Symbol]
    adc12.o(.ARM.exidx.text.ADC0_init) refers to adc12.o(.text.ADC0_init) for [Anonymous Symbol]
    adc12.o(.ARM.exidx.text.ADC0_getVal) refers to adc12.o(.text.ADC0_getVal) for [Anonymous Symbol]
    leds.o(.ARM.exidx.text.LED1_init) refers to leds.o(.text.LED1_init) for [Anonymous Symbol]
    leds.o(.ARM.exidx.text.LED2_init) refers to leds.o(.text.LED2_init) for [Anonymous Symbol]
    leds.o(.ARM.exidx.text.LED1_set) refers to leds.o(.text.LED1_set) for [Anonymous Symbol]
    leds.o(.ARM.exidx.text.LED2_set) refers to leds.o(.text.LED2_set) for [Anonymous Symbol]
    switches.o(.ARM.exidx.text.S1_init) refers to switches.o(.text.S1_init) for [Anonymous Symbol]
    switches.o(.ARM.exidx.text.S1_pressed) refers to switches.o(.text.S1_pressed) for [Anonymous Symbol]
    switches.o(.ARM.exidx.text.S2_init) refers to switches.o(.text.S2_init) for [Anonymous Symbol]
    switches.o(.ARM.exidx.text.S2_pressed) refers to switches.o(.text.S2_pressed) for [Anonymous Symbol]
    switches.o(.text.S1_init_interrupt) refers to switches.o(.text.S1_init) for S1_init
    switches.o(.text.S1_init_interrupt) refers to switches.o(.text.__NVIC_EnableIRQ) for __NVIC_EnableIRQ
    switches.o(.ARM.exidx.text.S1_init_interrupt) refers to switches.o(.text.S1_init_interrupt) for [Anonymous Symbol]
    switches.o(.ARM.exidx.text.__NVIC_EnableIRQ) refers to switches.o(.text.__NVIC_EnableIRQ) for [Anonymous Symbol]
    switches.o(.text.S2_init_interrupt) refers to switches.o(.text.S2_init) for S2_init
    switches.o(.text.S2_init_interrupt) refers to switches.o(.text.__NVIC_EnableIRQ) for __NVIC_EnableIRQ
    switches.o(.ARM.exidx.text.S2_init_interrupt) refers to switches.o(.text.S2_init_interrupt) for [Anonymous Symbol]
    uart.o(.text.UART0_init) refers to sysctl.o(.text.SYSCTL_SYSCLK_getULPCLK) for SYSCTL_SYSCLK_getULPCLK
    uart.o(.text.UART0_init) refers to aeabi_sdivfast.o(.text_divfast) for __aeabi_uidiv
    uart.o(.text.UART0_init) refers to dflti.o(.text) for __aeabi_ui2d
    uart.o(.text.UART0_init) refers to modf.o(i.modf) for modf
    uart.o(.text.UART0_init) refers to dfixi.o(.text) for __aeabi_d2iz
    uart.o(.text.UART0_init) refers to dmul.o(.text) for __aeabi_dmul
    uart.o(.text.UART0_init) refers to daddsub.o(.text) for __aeabi_dadd
    uart.o(.ARM.exidx.text.UART0_init) refers to uart.o(.text.UART0_init) for [Anonymous Symbol]
    uart.o(.ARM.exidx.text.UART0_putchar) refers to uart.o(.text.UART0_putchar) for [Anonymous Symbol]
    uart.o(.ARM.exidx.text.UART0_getchar) refers to uart.o(.text.UART0_getchar) for [Anonymous Symbol]
    uart.o(.text.UART0_put) refers to uart.o(.text.UART0_putchar) for UART0_putchar
    uart.o(.ARM.exidx.text.UART0_put) refers to uart.o(.text.UART0_put) for [Anonymous Symbol]
    uart.o(.ARM.exidx.text.UART0_peek_receive) refers to uart.o(.text.UART0_peek_receive) for [Anonymous Symbol]
    uart.o(.text.UART1_init) refers to sysctl.o(.text.SYSCTL_SYSCLK_getULPCLK) for SYSCTL_SYSCLK_getULPCLK
    uart.o(.text.UART1_init) refers to aeabi_sdivfast.o(.text_divfast) for __aeabi_uidiv
    uart.o(.text.UART1_init) refers to dflti.o(.text) for __aeabi_ui2d
    uart.o(.text.UART1_init) refers to modf.o(i.modf) for modf
    uart.o(.text.UART1_init) refers to dfixi.o(.text) for __aeabi_d2iz
    uart.o(.text.UART1_init) refers to dmul.o(.text) for __aeabi_dmul
    uart.o(.text.UART1_init) refers to daddsub.o(.text) for __aeabi_dadd
    uart.o(.ARM.exidx.text.UART1_init) refers to uart.o(.text.UART1_init) for [Anonymous Symbol]
    uart.o(.ARM.exidx.text.UART1_putchar) refers to uart.o(.text.UART1_putchar) for [Anonymous Symbol]
    uart.o(.ARM.exidx.text.UART1_getchar) refers to uart.o(.text.UART1_getchar) for [Anonymous Symbol]
    uart.o(.text.UART1_put) refers to uart.o(.text.UART1_putchar) for UART1_putchar
    uart.o(.ARM.exidx.text.UART1_put) refers to uart.o(.text.UART1_put) for [Anonymous Symbol]
    uart.o(.ARM.exidx.text.UART1_peek_receive) refers to uart.o(.text.UART1_peek_receive) for [Anonymous Symbol]
    camera.o(.text.Camera_init) refers to adc12.o(.text.ADC0_init) for ADC0_init
    camera.o(.text.Camera_init) refers to timers.o(.text.TIMG0_init) for TIMG0_init
    camera.o(.text.Camera_init) refers to timers.o(.text.TIMG6_init) for TIMG6_init
    camera.o(.ARM.exidx.text.Camera_init) refers to camera.o(.text.Camera_init) for [Anonymous Symbol]
    camera.o(.text.Camera_isDataReady) refers to camera.o(.bss.cameraData_complete) for [Anonymous Symbol]
    camera.o(.ARM.exidx.text.Camera_isDataReady) refers to camera.o(.text.Camera_isDataReady) for [Anonymous Symbol]
    camera.o(.text.Camera_getData) refers to camera.o(.bss.cameraData) for [Anonymous Symbol]
    camera.o(.ARM.exidx.text.Camera_getData) refers to camera.o(.text.Camera_getData) for [Anonymous Symbol]
    camera.o(.text.TIMG6_IRQHandler) refers to camera.o(.bss.cameraData_complete) for [Anonymous Symbol]
    camera.o(.ARM.exidx.text.TIMG6_IRQHandler) refers to camera.o(.text.TIMG6_IRQHandler) for [Anonymous Symbol]
    camera.o(.text.TIMG0_IRQHandler) refers to main.o(.text.print_and_reset_ms_count) for print_and_reset_ms_count
    camera.o(.text.TIMG0_IRQHandler) refers to adc12.o(.text.ADC0_getVal) for ADC0_getVal
    camera.o(.text.TIMG0_IRQHandler) refers to camera.o(.bss.pixel_counter) for [Anonymous Symbol]
    camera.o(.text.TIMG0_IRQHandler) refers to camera.o(.bss.cameraData) for [Anonymous Symbol]
    camera.o(.text.TIMG0_IRQHandler) refers to camera.o(.bss.cameraData_complete) for [Anonymous Symbol]
    camera.o(.ARM.exidx.text.TIMG0_IRQHandler) refers to camera.o(.text.TIMG0_IRQHandler) for [Anonymous Symbol]
    sysctl.o(.text.SYSCTL_SYSCLK_set) refers to sysctl.o(.data.SystemMasterClock) for [Anonymous Symbol]
    sysctl.o(.ARM.exidx.text.SYSCTL_SYSCLK_set) refers to sysctl.o(.text.SYSCTL_SYSCLK_set) for [Anonymous Symbol]
    sysctl.o(.text.SYSCTL_SYSCLK_getMCLK) refers to sysctl.o(.data.SystemMasterClock) for [Anonymous Symbol]
    sysctl.o(.ARM.exidx.text.SYSCTL_SYSCLK_getMCLK) refers to sysctl.o(.text.SYSCTL_SYSCLK_getMCLK) for [Anonymous Symbol]
    sysctl.o(.text.SYSCTL_SYSCLK_getULPCLK) refers to sysctl.o(.data.SystemMasterClock) for [Anonymous Symbol]
    sysctl.o(.ARM.exidx.text.SYSCTL_SYSCLK_getULPCLK) refers to sysctl.o(.text.SYSCTL_SYSCLK_getULPCLK) for [Anonymous Symbol]
    uart_extras.o(.text.UART0_printDec) refers to aeabi_sdivfast.o(.text_divfast) for __aeabi_idiv
    uart_extras.o(.text.UART0_printDec) refers to uart.o(.text.UART0_put) for UART0_put
    uart_extras.o(.ARM.exidx.text.UART0_printDec) refers to uart_extras.o(.text.UART0_printDec) for [Anonymous Symbol]
    uart_extras.o(.text.UART0_printFloat) refers to dcmp.o(i._dgeq) for __aeabi_dcmpge
    uart_extras.o(.text.UART0_printFloat) refers to uart.o(.text.UART0_putchar) for UART0_putchar
    uart_extras.o(.text.UART0_printFloat) refers to dfixi.o(.text) for __aeabi_d2iz
    uart_extras.o(.text.UART0_printFloat) refers to uart_extras.o(.text.UART0_printDec) for UART0_printDec
    uart_extras.o(.text.UART0_printFloat) refers to dflti.o(.text) for __aeabi_i2d
    uart_extras.o(.text.UART0_printFloat) refers to daddsub.o(.text) for __aeabi_dsub
    uart_extras.o(.text.UART0_printFloat) refers to dcmp.o(i._dleq) for __aeabi_dcmple
    uart_extras.o(.text.UART0_printFloat) refers to dmul.o(.text) for __aeabi_dmul
    uart_extras.o(.ARM.exidx.text.UART0_printFloat) refers to uart_extras.o(.text.UART0_printFloat) for [Anonymous Symbol]
    __main.o(!!!main) refers to __rtentry.o(.ARM.Collect$$rtentry$$00000000) for __rt_entry
    daddsub.o(.text) refers (Special) to usenofp.o(x$fpl$usenofp) for __I$use$fp
    dcmp.o(i._deq) refers (Special) to usenofp.o(x$fpl$usenofp) for __I$use$fp
    dcmp.o(i._deq) refers to deqf.o(x$fpl$deqf) for _dcmpeq
    dcmp.o(i._dgeq) refers (Special) to usenofp.o(x$fpl$usenofp) for __I$use$fp
    dcmp.o(i._dgeq) refers to dgef.o(x$fpl$dgeqf) for _dcmpge
    dcmp.o(i._dgr) refers (Special) to usenofp.o(x$fpl$usenofp) for __I$use$fp
    dcmp.o(i._dgr) refers to dgef.o(x$fpl$dgeqf) for _dcmpge
    dcmp.o(i._dleq) refers (Special) to usenofp.o(x$fpl$usenofp) for __I$use$fp
    dcmp.o(i._dleq) refers to dlef.o(x$fpl$dleqf) for _dcmple
    dcmp.o(i._dls) refers (Special) to usenofp.o(x$fpl$usenofp) for __I$use$fp
    dcmp.o(i._dls) refers to dlef.o(x$fpl$dleqf) for _dcmple
    dcmp.o(i._dneq) refers (Special) to usenofp.o(x$fpl$usenofp) for __I$use$fp
    dcmp.o(i._dneq) refers to deqf.o(x$fpl$deqf) for _dcmpeq
    dfixi.o(.text) refers (Special) to usenofp.o(x$fpl$usenofp) for __I$use$fp
    dflti.o(.text) refers (Special) to usenofp.o(x$fpl$usenofp) for __I$use$fp
    dmul.o(.text) refers (Special) to usenofp.o(x$fpl$usenofp) for __I$use$fp
    modf.o(i.__softfp_modf) refers (Special) to usenofp.o(x$fpl$usenofp) for __I$use$fp
    modf.o(i.__softfp_modf) refers to modf.o(i.modf) for modf
    modf.o(i.modf) refers (Special) to usenofp.o(x$fpl$usenofp) for __I$use$fp
    modf.o(i.modf) refers to daddsub.o(.text) for __aeabi_dsub
    __rtentry.o(.ARM.Collect$$rtentry$$00000000) refers (Special) to __rtentry2.o(.ARM.Collect$$rtentry$$0000000A) for __rt_entry_li
    __rtentry.o(.ARM.Collect$$rtentry$$00000000) refers (Special) to __rtentry2.o(.ARM.Collect$$rtentry$$0000000D) for __rt_entry_main
    __rtentry.o(.ARM.Collect$$rtentry$$00000000) refers (Special) to __rtentry2.o(.ARM.Collect$$rtentry$$0000000C) for __rt_entry_postli_1
    __rtentry.o(.ARM.Collect$$rtentry$$00000000) refers (Special) to __rtentry2.o(.ARM.Collect$$rtentry$$00000009) for __rt_entry_postsh_1
    __rtentry.o(.ARM.Collect$$rtentry$$00000000) refers (Special) to __rtentry2.o(.ARM.Collect$$rtentry$$00000002) for __rt_entry_presh_1
    __rtentry.o(.ARM.Collect$$rtentry$$00000000) refers (Special) to __rtentry4.o(.ARM.Collect$$rtentry$$00000004) for __rt_entry_sh
    aeabi_idiv0_sigfpe.o(.text) refers to rt_div0.o(.text) for __rt_div0
    deqf.o(x$fpl$deqf) refers (Special) to usenofp.o(x$fpl$usenofp) for __I$use$fp
    deqf.o(x$fpl$deqf) refers to dcmpin.o(.text) for __fpl_dcmp_InfNaN
    dgef.o(x$fpl$dgeqf) refers (Special) to usenofp.o(x$fpl$usenofp) for __I$use$fp
    dgef.o(x$fpl$dgeqf) refers to dcmpin.o(.text) for __fpl_dcmp_InfNaN
    dlef.o(x$fpl$dleqf) refers (Special) to usenofp.o(x$fpl$usenofp) for __I$use$fp
    dlef.o(x$fpl$dleqf) refers to dcmpin.o(.text) for __fpl_dcmp_InfNaN
    __rtentry2.o(.ARM.Collect$$rtentry$$00000008) refers to boardinit2.o(.text) for _platform_post_stackheap_init
    __rtentry2.o(.ARM.Collect$$rtentry$$0000000A) refers to libinit.o(.ARM.Collect$$libinit$$00000000) for __rt_lib_init
    __rtentry2.o(.ARM.Collect$$rtentry$$0000000B) refers to boardinit3.o(.text) for _platform_post_lib_init
    __rtentry2.o(.ARM.Collect$$rtentry$$0000000D) refers to main.o(.text.main) for main
    __rtentry2.o(.ARM.Collect$$rtentry$$0000000D) refers to exit.o(.text) for exit
    __rtentry2.o(.ARM.exidx) refers to __rtentry2.o(.ARM.Collect$$rtentry$$00000001) for .ARM.Collect$$rtentry$$00000001
    __rtentry2.o(.ARM.exidx) refers to __rtentry2.o(.ARM.Collect$$rtentry$$00000008) for .ARM.Collect$$rtentry$$00000008
    __rtentry2.o(.ARM.exidx) refers to __rtentry2.o(.ARM.Collect$$rtentry$$0000000A) for .ARM.Collect$$rtentry$$0000000A
    __rtentry2.o(.ARM.exidx) refers to __rtentry2.o(.ARM.Collect$$rtentry$$0000000B) for .ARM.Collect$$rtentry$$0000000B
    __rtentry2.o(.ARM.exidx) refers to __rtentry2.o(.ARM.Collect$$rtentry$$0000000D) for .ARM.Collect$$rtentry$$0000000D
    __rtentry4.o(.ARM.Collect$$rtentry$$00000004) refers to sys_stackheap_outer.o(.text) for __user_setup_stackheap
    __rtentry4.o(.ARM.exidx) refers to __rtentry4.o(.ARM.Collect$$rtentry$$00000004) for .ARM.Collect$$rtentry$$00000004
    rt_div0.o(.text) refers to defsig_fpe_outer.o(.text) for __rt_SIGFPE
    dcmpin.o(.text) refers (Special) to usenofp.o(x$fpl$usenofp) for __I$use$fp
    dcmpin.o(.text) refers to cmpret.o(.text) for __fpl_cmpreturn
    dcmpin.o(.text) refers to dnan2.o(.text) for __fpl_dcheck_NaN2
    sys_stackheap_outer.o(.text) refers to libspace.o(.text) for __user_perproc_libspace
    sys_stackheap_outer.o(.text) refers to startup_mspm0g350x_uvision.o(.text) for __user_initial_stackheap
    sys_stackheap_outer.o(__vectab_stack_and_reset_area) refers to tempstk.o(.text) for __temporary_stack_top
    sys_stackheap_outer.o(__vectab_stack_and_reset_area) refers to __main.o(!!!main) for __main
    exit.o(.text) refers to rtexit.o(.ARM.Collect$$rtexit$$00000000) for __rt_exit
    defsig_fpe_outer.o(.text) refers to defsig_fpe_inner.o(.text) for __rt_SIGFPE_inner
    defsig_fpe_outer.o(.text) refers to defsig_exit.o(.text) for __sig_exit
    defsig_fpe_formal.o(.text) refers to rt_raise.o(.text) for __rt_raise
    libinit.o(.ARM.Collect$$libinit$$00000000) refers (Special) to libinit2.o(.ARM.Collect$$libinit$$0000002E) for __rt_lib_init_alloca_1
    libinit.o(.ARM.Collect$$libinit$$00000000) refers (Special) to libinit2.o(.ARM.Collect$$libinit$$0000002C) for __rt_lib_init_argv_1
    libinit.o(.ARM.Collect$$libinit$$00000000) refers (Special) to libinit2.o(.ARM.Collect$$libinit$$0000001B) for __rt_lib_init_atexit_1
    libinit.o(.ARM.Collect$$libinit$$00000000) refers (Special) to libinit2.o(.ARM.Collect$$libinit$$00000021) for __rt_lib_init_clock_1
    libinit.o(.ARM.Collect$$libinit$$00000000) refers (Special) to libinit2.o(.ARM.Collect$$libinit$$00000032) for __rt_lib_init_cpp_1
    libinit.o(.ARM.Collect$$libinit$$00000000) refers (Special) to libinit2.o(.ARM.Collect$$libinit$$00000030) for __rt_lib_init_exceptions_1
    libinit.o(.ARM.Collect$$libinit$$00000000) refers (Special) to libinit2.o(.ARM.Collect$$libinit$$00000002) for __rt_lib_init_fp_1
    libinit.o(.ARM.Collect$$libinit$$00000000) refers (Special) to libinit2.o(.ARM.Collect$$libinit$$0000001F) for __rt_lib_init_fp_trap_1
    libinit.o(.ARM.Collect$$libinit$$00000000) refers (Special) to libinit2.o(.ARM.Collect$$libinit$$00000023) for __rt_lib_init_getenv_1
    libinit.o(.ARM.Collect$$libinit$$00000000) refers (Special) to libinit2.o(.ARM.Collect$$libinit$$0000000A) for __rt_lib_init_heap_1
    libinit.o(.ARM.Collect$$libinit$$00000000) refers (Special) to libinit2.o(.ARM.Collect$$libinit$$00000011) for __rt_lib_init_lc_collate_1
    libinit.o(.ARM.Collect$$libinit$$00000000) refers (Special) to libinit2.o(.ARM.Collect$$libinit$$00000013) for __rt_lib_init_lc_ctype_1
    libinit.o(.ARM.Collect$$libinit$$00000000) refers (Special) to libinit2.o(.ARM.Collect$$libinit$$00000015) for __rt_lib_init_lc_monetary_1
    libinit.o(.ARM.Collect$$libinit$$00000000) refers (Special) to libinit2.o(.ARM.Collect$$libinit$$00000017) for __rt_lib_init_lc_numeric_1
    libinit.o(.ARM.Collect$$libinit$$00000000) refers (Special) to libinit2.o(.ARM.Collect$$libinit$$00000019) for __rt_lib_init_lc_time_1
    libinit.o(.ARM.Collect$$libinit$$00000000) refers (Special) to libinit2.o(.ARM.Collect$$libinit$$00000004) for __rt_lib_init_preinit_1
    libinit.o(.ARM.Collect$$libinit$$00000000) refers (Special) to libinit2.o(.ARM.Collect$$libinit$$0000000E) for __rt_lib_init_rand_1
    libinit.o(.ARM.Collect$$libinit$$00000000) refers (Special) to libinit2.o(.ARM.Collect$$libinit$$00000033) for __rt_lib_init_return
    libinit.o(.ARM.Collect$$libinit$$00000000) refers (Special) to libinit2.o(.ARM.Collect$$libinit$$0000001D) for __rt_lib_init_signal_1
    libinit.o(.ARM.Collect$$libinit$$00000000) refers (Special) to libinit2.o(.ARM.Collect$$libinit$$00000025) for __rt_lib_init_stdio_1
    libinit.o(.ARM.Collect$$libinit$$00000000) refers (Special) to libinit2.o(.ARM.Collect$$libinit$$0000000C) for __rt_lib_init_user_alloc_1
    cmpret.o(.text) refers (Special) to usenofp.o(x$fpl$usenofp) for __I$use$fp
    dnan2.o(.text) refers (Special) to usenofp.o(x$fpl$usenofp) for __I$use$fp
    dnan2.o(.text) refers to retnan.o(.text) for __fpl_return_NaN
    libspace.o(.text) refers to libspace.o(.bss) for __libspace_start
    rtexit.o(.ARM.Collect$$rtexit$$00000000) refers (Special) to rtexit2.o(.ARM.Collect$$rtexit$$00000004) for __rt_exit_exit
    rtexit.o(.ARM.Collect$$rtexit$$00000000) refers (Special) to rtexit2.o(.ARM.Collect$$rtexit$$00000003) for __rt_exit_ls
    rtexit.o(.ARM.Collect$$rtexit$$00000000) refers (Special) to rtexit2.o(.ARM.Collect$$rtexit$$00000002) for __rt_exit_prels_1
    rtexit.o(.ARM.exidx) refers (Special) to rtexit2.o(.ARM.Collect$$rtexit$$00000004) for __rt_exit_exit
    rtexit.o(.ARM.exidx) refers (Special) to rtexit2.o(.ARM.Collect$$rtexit$$00000003) for __rt_exit_ls
    rtexit.o(.ARM.exidx) refers (Special) to rtexit2.o(.ARM.Collect$$rtexit$$00000002) for __rt_exit_prels_1
    rtexit.o(.ARM.exidx) refers to rtexit.o(.ARM.Collect$$rtexit$$00000000) for .ARM.Collect$$rtexit$$00000000
    rt_raise.o(.text) refers to __raise.o(.text) for __raise
    rt_raise.o(.text) refers to sys_exit.o(.text) for _sys_exit
    defsig_exit.o(.text) refers to sys_exit.o(.text) for _sys_exit
    defsig_fpe_inner.o(.text) refers to defsig_general.o(.text) for __default_signal_display
    libinit2.o(.ARM.Collect$$libinit$$00000010) refers to libinit2.o(.ARM.Collect$$libinit$$0000000F) for .ARM.Collect$$libinit$$0000000F
    libinit2.o(.ARM.Collect$$libinit$$00000012) refers to libinit2.o(.ARM.Collect$$libinit$$0000000F) for .ARM.Collect$$libinit$$0000000F
    libinit2.o(.ARM.Collect$$libinit$$00000014) refers to libinit2.o(.ARM.Collect$$libinit$$0000000F) for .ARM.Collect$$libinit$$0000000F
    libinit2.o(.ARM.Collect$$libinit$$00000016) refers to libinit2.o(.ARM.Collect$$libinit$$0000000F) for .ARM.Collect$$libinit$$0000000F
    libinit2.o(.ARM.Collect$$libinit$$00000018) refers to libinit2.o(.ARM.Collect$$libinit$$0000000F) for .ARM.Collect$$libinit$$0000000F
    libinit2.o(.ARM.Collect$$libinit$$00000026) refers to argv_veneer.o(.text) for __ARM_argv_veneer
    libinit2.o(.ARM.Collect$$libinit$$00000027) refers to argv_veneer.o(.text) for __ARM_argv_veneer
    retnan.o(.text) refers (Special) to usenofp.o(x$fpl$usenofp) for __I$use$fp
    retnan.o(.text) refers to cmpret.o(.text) for __fpl_cmpreturn
    sys_exit.o(.text) refers (Special) to use_no_semi.o(.text) for __I$use$semihosting
    sys_exit.o(.text) refers (Special) to indicate_semi.o(.text) for __semihosting_library_function
    sys_exit_hlt.o(.text) refers (Special) to use_no_semi.o(.text) for __I$use$semihosting
    sys_exit_hlt.o(.text) refers (Special) to indicate_semi.o(.text) for __semihosting_library_function
    rtexit2.o(.ARM.Collect$$rtexit$$00000003) refers to libshutdown.o(.ARM.Collect$$libshutdown$$00000000) for __rt_lib_shutdown
    rtexit2.o(.ARM.Collect$$rtexit$$00000004) refers to sys_exit.o(.text) for _sys_exit
    rtexit2.o(.ARM.exidx) refers to rtexit2.o(.ARM.Collect$$rtexit$$00000001) for .ARM.Collect$$rtexit$$00000001
    rtexit2.o(.ARM.exidx) refers to rtexit2.o(.ARM.Collect$$rtexit$$00000003) for .ARM.Collect$$rtexit$$00000003
    rtexit2.o(.ARM.exidx) refers to rtexit2.o(.ARM.Collect$$rtexit$$00000004) for .ARM.Collect$$rtexit$$00000004
    __raise.o(.text) refers to defsig.o(CL$$defsig) for __default_signal_handler
    defsig_general.o(.text) refers to sys_wrch.o(.text) for _ttywrch
    sys_wrch.o(.text) refers (Special) to use_no_semi.o(.text) for __I$use$semihosting
    sys_wrch.o(.text) refers (Special) to indicate_semi.o(.text) for __semihosting_library_function
    sys_wrch_hlt.o(.text) refers (Special) to use_no_semi.o(.text) for __I$use$semihosting
    sys_wrch_hlt.o(.text) refers (Special) to indicate_semi.o(.text) for __semihosting_library_function
    defsig.o(CL$$defsig) refers to defsig_fpe_inner.o(.text) for __rt_SIGFPE_inner
    defsig.o(CL$$defsig) refers to defsig_rtmem_inner.o(.text) for __rt_SIGRTMEM_inner
    _get_argv_nomalloc.o(.text) refers (Special) to hrguard.o(.text) for __heap_region$guard
    _get_argv_nomalloc.o(.text) refers to defsig_rtmem_outer.o(.text) for __rt_SIGRTMEM
    _get_argv_nomalloc.o(.text) refers to sys_command.o(.text) for _sys_command_string
    libshutdown.o(.ARM.Collect$$libshutdown$$00000000) refers (Special) to libshutdown2.o(.ARM.Collect$$libshutdown$$00000002) for __rt_lib_shutdown_cpp_1
    libshutdown.o(.ARM.Collect$$libshutdown$$00000000) refers (Special) to libshutdown2.o(.ARM.Collect$$libshutdown$$00000007) for __rt_lib_shutdown_fp_trap_1
    libshutdown.o(.ARM.Collect$$libshutdown$$00000000) refers (Special) to libshutdown2.o(.ARM.Collect$$libshutdown$$0000000F) for __rt_lib_shutdown_heap_1
    libshutdown.o(.ARM.Collect$$libshutdown$$00000000) refers (Special) to libshutdown2.o(.ARM.Collect$$libshutdown$$00000010) for __rt_lib_shutdown_return
    libshutdown.o(.ARM.Collect$$libshutdown$$00000000) refers (Special) to libshutdown2.o(.ARM.Collect$$libshutdown$$0000000A) for __rt_lib_shutdown_signal_1
    libshutdown.o(.ARM.Collect$$libshutdown$$00000000) refers (Special) to libshutdown2.o(.ARM.Collect$$libshutdown$$00000004) for __rt_lib_shutdown_stdio_1
    libshutdown.o(.ARM.Collect$$libshutdown$$00000000) refers (Special) to libshutdown2.o(.ARM.Collect$$libshutdown$$0000000C) for __rt_lib_shutdown_user_alloc_1
    sys_command.o(.text) refers (Special) to use_no_semi.o(.text) for __I$use$semihosting
    sys_command.o(.text) refers (Special) to indicate_semi.o(.text) for __semihosting_library_function
    sys_command_hlt.o(.text) refers (Special) to use_no_semi.o(.text) for __I$use$semihosting
    sys_command_hlt.o(.text) refers (Special) to indicate_semi.o(.text) for __semihosting_library_function
    defsig_abrt_inner.o(.text) refers to defsig_general.o(.text) for __default_signal_display
    defsig_rtred_inner.o(.text) refers to defsig_general.o(.text) for __default_signal_display
    defsig_rtmem_inner.o(.text) refers to defsig_general.o(.text) for __default_signal_display
    defsig_rtmem_outer.o(.text) refers to defsig_rtmem_inner.o(.text) for __rt_SIGRTMEM_inner
    defsig_rtmem_outer.o(.text) refers to defsig_exit.o(.text) for __sig_exit
    defsig_rtmem_formal.o(.text) refers to rt_raise.o(.text) for __rt_raise
    defsig_stak_inner.o(.text) refers to defsig_general.o(.text) for __default_signal_display
    defsig_pvfn_inner.o(.text) refers to defsig_general.o(.text) for __default_signal_display
    defsig_cppl_inner.o(.text) refers to defsig_general.o(.text) for __default_signal_display
    defsig_segv_inner.o(.text) refers to defsig_general.o(.text) for __default_signal_display
    defsig_other.o(.text) refers to defsig_general.o(.text) for __default_signal_display


==============================================================================

Removing Unused input sections from the image.

    Removing main.o(.text), (0 bytes).
    Removing main.o(.ARM.exidx.text.main), (8 bytes).
    Removing main.o(.ARM.exidx.text.TIMG12_IRQHandler), (8 bytes).
    Removing main.o(.ARM.exidx.text.print_and_reset_ms_count), (8 bytes).
    Removing main.o(.ARM.use_no_argv), (4 bytes).
    Removing timers.o(.text), (0 bytes).
    Removing timers.o(.ARM.exidx.text.TIMG0_init), (8 bytes).
    Removing timers.o(.ARM.exidx.text.__NVIC_EnableIRQ), (8 bytes).
    Removing timers.o(.ARM.exidx.text.TIMG6_init), (8 bytes).
    Removing timers.o(.ARM.exidx.text.TIMG12_init), (8 bytes).
    Removing adc12.o(.text), (0 bytes).
    Removing adc12.o(.ARM.exidx.text.ADC0_init), (8 bytes).
    Removing adc12.o(.ARM.exidx.text.ADC0_getVal), (8 bytes).
    Removing leds.o(.text), (0 bytes).
    Removing leds.o(.ARM.exidx.text.LED1_init), (8 bytes).
    Removing leds.o(.ARM.exidx.text.LED2_init), (8 bytes).
    Removing leds.o(.text.LED1_set), (52 bytes).
    Removing leds.o(.ARM.exidx.text.LED1_set), (8 bytes).
    Removing leds.o(.text.LED2_set), (200 bytes).
    Removing leds.o(.ARM.exidx.text.LED2_set), (8 bytes).
    Removing switches.o(.text), (0 bytes).
    Removing switches.o(.ARM.exidx.text.S1_init), (8 bytes).
    Removing switches.o(.text.S1_pressed), (16 bytes).
    Removing switches.o(.ARM.exidx.text.S1_pressed), (8 bytes).
    Removing switches.o(.ARM.exidx.text.S2_init), (8 bytes).
    Removing switches.o(.text.S2_pressed), (16 bytes).
    Removing switches.o(.ARM.exidx.text.S2_pressed), (8 bytes).
    Removing switches.o(.ARM.exidx.text.S1_init_interrupt), (8 bytes).
    Removing switches.o(.ARM.exidx.text.__NVIC_EnableIRQ), (8 bytes).
    Removing switches.o(.ARM.exidx.text.S2_init_interrupt), (8 bytes).
    Removing uart.o(.text), (0 bytes).
    Removing uart.o(.ARM.exidx.text.UART0_init), (8 bytes).
    Removing uart.o(.ARM.exidx.text.UART0_putchar), (8 bytes).
    Removing uart.o(.text.UART0_getchar), (20 bytes).
    Removing uart.o(.ARM.exidx.text.UART0_getchar), (8 bytes).
    Removing uart.o(.ARM.exidx.text.UART0_put), (8 bytes).
    Removing uart.o(.text.UART0_peek_receive), (16 bytes).
    Removing uart.o(.ARM.exidx.text.UART0_peek_receive), (8 bytes).
    Removing uart.o(.text.UART1_init), (232 bytes).
    Removing uart.o(.ARM.exidx.text.UART1_init), (8 bytes).
    Removing uart.o(.text.UART1_putchar), (16 bytes).
    Removing uart.o(.ARM.exidx.text.UART1_putchar), (8 bytes).
    Removing uart.o(.text.UART1_getchar), (20 bytes).
    Removing uart.o(.ARM.exidx.text.UART1_getchar), (8 bytes).
    Removing uart.o(.text.UART1_put), (28 bytes).
    Removing uart.o(.ARM.exidx.text.UART1_put), (8 bytes).
    Removing uart.o(.text.UART1_peek_receive), (16 bytes).
    Removing uart.o(.ARM.exidx.text.UART1_peek_receive), (8 bytes).
    Removing camera.o(.text), (0 bytes).
    Removing camera.o(.ARM.exidx.text.Camera_init), (8 bytes).
    Removing camera.o(.ARM.exidx.text.Camera_isDataReady), (8 bytes).
    Removing camera.o(.ARM.exidx.text.Camera_getData), (8 bytes).
    Removing camera.o(.ARM.exidx.text.TIMG6_IRQHandler), (8 bytes).
    Removing camera.o(.ARM.exidx.text.TIMG0_IRQHandler), (8 bytes).
    Removing sysctl.o(.text), (0 bytes).
    Removing sysctl.o(.text.SYSCTL_SYSCLK_set), (328 bytes).
    Removing sysctl.o(.ARM.exidx.text.SYSCTL_SYSCLK_set), (8 bytes).
    Removing sysctl.o(.text.SYSCTL_SYSCLK_getMCLK), (12 bytes).
    Removing sysctl.o(.ARM.exidx.text.SYSCTL_SYSCLK_getMCLK), (8 bytes).
    Removing sysctl.o(.ARM.exidx.text.SYSCTL_SYSCLK_getULPCLK), (8 bytes).
    Removing uart_extras.o(.text), (0 bytes).
    Removing uart_extras.o(.ARM.exidx.text.UART0_printDec), (8 bytes).
    Removing uart_extras.o(.text.UART0_printFloat), (176 bytes).
    Removing uart_extras.o(.ARM.exidx.text.UART0_printFloat), (8 bytes).

64 unused section(s) (total 1472 bytes) removed from the image.

==============================================================================

Image Symbol Table

    Local Symbols

    Symbol Name                              Value     Ov Type        Size  Object(Section)

    ../clib/angel/boardlib.s                 0x00000000   Number         0  boardinit1.o ABSOLUTE
    ../clib/angel/boardlib.s                 0x00000000   Number         0  boardinit2.o ABSOLUTE
    ../clib/angel/boardlib.s                 0x00000000   Number         0  boardinit3.o ABSOLUTE
    ../clib/angel/boardlib.s                 0x00000000   Number         0  boardshut.o ABSOLUTE
    ../clib/angel/handlers.s                 0x00000000   Number         0  __scatter_copy.o ABSOLUTE
    ../clib/angel/handlers.s                 0x00000000   Number         0  __scatter_zi.o ABSOLUTE
    ../clib/angel/kernel.s                   0x00000000   Number         0  __rtentry.o ABSOLUTE
    ../clib/angel/kernel.s                   0x00000000   Number         0  __rtentry2.o ABSOLUTE
    ../clib/angel/kernel.s                   0x00000000   Number         0  __rtentry4.o ABSOLUTE
    ../clib/angel/kernel.s                   0x00000000   Number         0  rtexit.o ABSOLUTE
    ../clib/angel/kernel.s                   0x00000000   Number         0  rtexit2.o ABSOLUTE
    ../clib/angel/rt.s                       0x00000000   Number         0  aeabi_idiv0.o ABSOLUTE
    ../clib/angel/rt.s                       0x00000000   Number         0  aeabi_idiv0_sigfpe.o ABSOLUTE
    ../clib/angel/rt.s                       0x00000000   Number         0  rt_div0.o ABSOLUTE
    ../clib/angel/rt.s                       0x00000000   Number         0  rt_raise.o ABSOLUTE
    ../clib/angel/scatterp.s                 0x00000000   Number         0  __scatter.o ABSOLUTE
    ../clib/angel/startup.s                  0x00000000   Number         0  __main.o ABSOLUTE
    ../clib/angel/sys.s                      0x00000000   Number         0  sys_stackheap_outer.o ABSOLUTE
    ../clib/angel/sys.s                      0x00000000   Number         0  libspace.o ABSOLUTE
    ../clib/angel/sys.s                      0x00000000   Number         0  tempstk.o ABSOLUTE
    ../clib/angel/sys.s                      0x00000000   Number         0  use_no_semi.o ABSOLUTE
    ../clib/angel/sys.s                      0x00000000   Number         0  indicate_semi.o ABSOLUTE
    ../clib/angel/sysapp.c                   0x00000000   Number         0  sys_exit.o ABSOLUTE
    ../clib/angel/sysapp.c                   0x00000000   Number         0  sys_exit_hlt.o ABSOLUTE
    ../clib/angel/sysapp.c                   0x00000000   Number         0  sys_wrch.o ABSOLUTE
    ../clib/angel/sysapp.c                   0x00000000   Number         0  sys_wrch_hlt.o ABSOLUTE
    ../clib/angel/sysapp.c                   0x00000000   Number         0  sys_command.o ABSOLUTE
    ../clib/angel/sysapp.c                   0x00000000   Number         0  sys_command_hlt.o ABSOLUTE
    ../clib/armsys.c                         0x00000000   Number         0  argv_veneer.o ABSOLUTE
    ../clib/armsys.c                         0x00000000   Number         0  _get_argv_nomalloc.o ABSOLUTE
    ../clib/armsys.c                         0x00000000   Number         0  no_argv.o ABSOLUTE
    ../clib/division.s                       0x00000000   Number         0  aeabi_sdivfast.o ABSOLUTE
    ../clib/division.s                       0x00000000   Number         0  aeabi_sdivfast_div0.o ABSOLUTE
    ../clib/heapalloc.c                      0x00000000   Number         0  hrguard.o ABSOLUTE
    ../clib/heapaux.c                        0x00000000   Number         0  heapauxi.o ABSOLUTE
    ../clib/libinit.s                        0x00000000   Number         0  libinit.o ABSOLUTE
    ../clib/libinit.s                        0x00000000   Number         0  libinit2.o ABSOLUTE
    ../clib/libinit.s                        0x00000000   Number         0  libshutdown.o ABSOLUTE
    ../clib/libinit.s                        0x00000000   Number         0  libshutdown2.o ABSOLUTE
    ../clib/signal.c                         0x00000000   Number         0  defsig_fpe_outer.o ABSOLUTE
    ../clib/signal.c                         0x00000000   Number         0  defsig_fpe_formal.o ABSOLUTE
    ../clib/signal.c                         0x00000000   Number         0  defsig_exit.o ABSOLUTE
    ../clib/signal.c                         0x00000000   Number         0  defsig_fpe_inner.o ABSOLUTE
    ../clib/signal.c                         0x00000000   Number         0  __raise.o ABSOLUTE
    ../clib/signal.c                         0x00000000   Number         0  defsig_general.o ABSOLUTE
    ../clib/signal.c                         0x00000000   Number         0  defsig_abrt_inner.o ABSOLUTE
    ../clib/signal.c                         0x00000000   Number         0  defsig_rtred_inner.o ABSOLUTE
    ../clib/signal.c                         0x00000000   Number         0  defsig_rtmem_inner.o ABSOLUTE
    ../clib/signal.c                         0x00000000   Number         0  defsig_rtmem_outer.o ABSOLUTE
    ../clib/signal.c                         0x00000000   Number         0  defsig_rtmem_formal.o ABSOLUTE
    ../clib/signal.c                         0x00000000   Number         0  defsig_stak_inner.o ABSOLUTE
    ../clib/signal.c                         0x00000000   Number         0  defsig_pvfn_inner.o ABSOLUTE
    ../clib/signal.c                         0x00000000   Number         0  defsig_cppl_inner.o ABSOLUTE
    ../clib/signal.c                         0x00000000   Number         0  defsig_segv_inner.o ABSOLUTE
    ../clib/signal.c                         0x00000000   Number         0  defsig_other.o ABSOLUTE
    ../clib/signal.s                         0x00000000   Number         0  defsig.o ABSOLUTE
    ../clib/stdlib.c                         0x00000000   Number         0  exit.o ABSOLUTE
    ../fplib/cfplib/cmp.c                    0x00000000   Number         0  dcmp.o ABSOLUTE
    ../fplib/cfplib/cmpret.c                 0x00000000   Number         0  cmpret.o ABSOLUTE
    ../fplib/cfplib/daddsub.c                0x00000000   Number         0  daddsub.o ABSOLUTE
    ../fplib/cfplib/dcmpin.c                 0x00000000   Number         0  dcmpin.o ABSOLUTE
    ../fplib/cfplib/dmul.c                   0x00000000   Number         0  dmul.o ABSOLUTE
    ../fplib/cfplib/ffix.c                   0x00000000   Number         0  dfixi.o ABSOLUTE
    ../fplib/cfplib/fflt.c                   0x00000000   Number         0  dflti.o ABSOLUTE
    ../fplib/cfplib/fpinit.c                 0x00000000   Number         0  fpinit.o ABSOLUTE
    ../fplib/cfplib/nan2.c                   0x00000000   Number         0  dnan2.o ABSOLUTE
    ../fplib/cfplib/retnan.c                 0x00000000   Number         0  retnan.o ABSOLUTE
    ../fplib/deqf6m.s                        0x00000000   Number         0  deqf.o ABSOLUTE
    ../fplib/dgeqf6m.s                       0x00000000   Number         0  dgef.o ABSOLUTE
    ../fplib/dleqf6m.s                       0x00000000   Number         0  dlef.o ABSOLUTE
    ../fplib/usenofp.s                       0x00000000   Number         0  usenofp.o ABSOLUTE
    ../mathlib/modf.c                        0x00000000   Number         0  modf.o ABSOLUTE
    ../source/ti/devices/msp/m0p/startup_system_files/keil/startup_mspm0g350x_uvision.s 0x00000000   Number         0  startup_mspm0g350x_uvision.o ABSOLUTE
    adc12.c                                  0x00000000   Number         0  adc12.o ABSOLUTE
    camera.c                                 0x00000000   Number         0  camera.o ABSOLUTE
    dc.s                                     0x00000000   Number         0  dc.o ABSOLUTE
    leds.c                                   0x00000000   Number         0  leds.o ABSOLUTE
    main.c                                   0x00000000   Number         0  main.o ABSOLUTE
    switches.c                               0x00000000   Number         0  switches.o ABSOLUTE
    sysctl.c                                 0x00000000   Number         0  sysctl.o ABSOLUTE
    timers.c                                 0x00000000   Number         0  timers.o ABSOLUTE
    uart.c                                   0x00000000   Number         0  uart.o ABSOLUTE
    uart_extras.c                            0x00000000   Number         0  uart_extras.o ABSOLUTE
    RESET                                    0x00000000   Section      192  startup_mspm0g350x_uvision.o(RESET)
    !!!main                                  0x000000c0   Section        8  __main.o(!!!main)
    !!!scatter                               0x000000c8   Section       60  __scatter.o(!!!scatter)
    !!handler_copy                           0x00000108   Section       26  __scatter_copy.o(!!handler_copy)
    !!handler_zi                             0x00000128   Section       28  __scatter_zi.o(!!handler_zi)
    .ARM.Collect$$libinit$$00000000          0x00000144   Section        2  libinit.o(.ARM.Collect$$libinit$$00000000)
    .ARM.Collect$$libinit$$00000002          0x00000146   Section        0  libinit2.o(.ARM.Collect$$libinit$$00000002)
    .ARM.Collect$$libinit$$00000004          0x00000146   Section        0  libinit2.o(.ARM.Collect$$libinit$$00000004)
    .ARM.Collect$$libinit$$0000000A          0x00000146   Section        0  libinit2.o(.ARM.Collect$$libinit$$0000000A)
    .ARM.Collect$$libinit$$0000000C          0x00000146   Section        0  libinit2.o(.ARM.Collect$$libinit$$0000000C)
    .ARM.Collect$$libinit$$0000000E          0x00000146   Section        0  libinit2.o(.ARM.Collect$$libinit$$0000000E)
    .ARM.Collect$$libinit$$00000011          0x00000146   Section        0  libinit2.o(.ARM.Collect$$libinit$$00000011)
    .ARM.Collect$$libinit$$00000013          0x00000146   Section        0  libinit2.o(.ARM.Collect$$libinit$$00000013)
    .ARM.Collect$$libinit$$00000015          0x00000146   Section        0  libinit2.o(.ARM.Collect$$libinit$$00000015)
    .ARM.Collect$$libinit$$00000017          0x00000146   Section        0  libinit2.o(.ARM.Collect$$libinit$$00000017)
    .ARM.Collect$$libinit$$00000019          0x00000146   Section        0  libinit2.o(.ARM.Collect$$libinit$$00000019)
    .ARM.Collect$$libinit$$0000001B          0x00000146   Section        0  libinit2.o(.ARM.Collect$$libinit$$0000001B)
    .ARM.Collect$$libinit$$0000001D          0x00000146   Section        0  libinit2.o(.ARM.Collect$$libinit$$0000001D)
    .ARM.Collect$$libinit$$0000001F          0x00000146   Section        0  libinit2.o(.ARM.Collect$$libinit$$0000001F)
    .ARM.Collect$$libinit$$00000021          0x00000146   Section        0  libinit2.o(.ARM.Collect$$libinit$$00000021)
    .ARM.Collect$$libinit$$00000023          0x00000146   Section        0  libinit2.o(.ARM.Collect$$libinit$$00000023)
    .ARM.Collect$$libinit$$00000025          0x00000146   Section        0  libinit2.o(.ARM.Collect$$libinit$$00000025)
    .ARM.Collect$$libinit$$0000002C          0x00000146   Section        0  libinit2.o(.ARM.Collect$$libinit$$0000002C)
    .ARM.Collect$$libinit$$0000002E          0x00000146   Section        0  libinit2.o(.ARM.Collect$$libinit$$0000002E)
    .ARM.Collect$$libinit$$00000030          0x00000146   Section        0  libinit2.o(.ARM.Collect$$libinit$$00000030)
    .ARM.Collect$$libinit$$00000032          0x00000146   Section        0  libinit2.o(.ARM.Collect$$libinit$$00000032)
    .ARM.Collect$$libinit$$00000033          0x00000146   Section        2  libinit2.o(.ARM.Collect$$libinit$$00000033)
    .ARM.Collect$$libshutdown$$00000000      0x00000148   Section        2  libshutdown.o(.ARM.Collect$$libshutdown$$00000000)
    .ARM.Collect$$libshutdown$$00000002      0x0000014a   Section        0  libshutdown2.o(.ARM.Collect$$libshutdown$$00000002)
    .ARM.Collect$$libshutdown$$00000004      0x0000014a   Section        0  libshutdown2.o(.ARM.Collect$$libshutdown$$00000004)
    .ARM.Collect$$libshutdown$$00000007      0x0000014a   Section        0  libshutdown2.o(.ARM.Collect$$libshutdown$$00000007)
    .ARM.Collect$$libshutdown$$0000000A      0x0000014a   Section        0  libshutdown2.o(.ARM.Collect$$libshutdown$$0000000A)
    .ARM.Collect$$libshutdown$$0000000C      0x0000014a   Section        0  libshutdown2.o(.ARM.Collect$$libshutdown$$0000000C)
    .ARM.Collect$$libshutdown$$0000000F      0x0000014a   Section        0  libshutdown2.o(.ARM.Collect$$libshutdown$$0000000F)
    .ARM.Collect$$libshutdown$$00000010      0x0000014a   Section        2  libshutdown2.o(.ARM.Collect$$libshutdown$$00000010)
    .ARM.Collect$$rtentry$$00000000          0x0000014c   Section        0  __rtentry.o(.ARM.Collect$$rtentry$$00000000)
    .ARM.Collect$$rtentry$$00000002          0x0000014c   Section        0  __rtentry2.o(.ARM.Collect$$rtentry$$00000002)
    .ARM.Collect$$rtentry$$00000004          0x0000014c   Section        6  __rtentry4.o(.ARM.Collect$$rtentry$$00000004)
    .ARM.Collect$$rtentry$$00000009          0x00000152   Section        0  __rtentry2.o(.ARM.Collect$$rtentry$$00000009)
    .ARM.Collect$$rtentry$$0000000A          0x00000152   Section        4  __rtentry2.o(.ARM.Collect$$rtentry$$0000000A)
    .ARM.Collect$$rtentry$$0000000C          0x00000156   Section        0  __rtentry2.o(.ARM.Collect$$rtentry$$0000000C)
    .ARM.Collect$$rtentry$$0000000D          0x00000156   Section        8  __rtentry2.o(.ARM.Collect$$rtentry$$0000000D)
    .ARM.Collect$$rtexit$$00000000           0x0000015e   Section        2  rtexit.o(.ARM.Collect$$rtexit$$00000000)
    .ARM.Collect$$rtexit$$00000002           0x00000160   Section        0  rtexit2.o(.ARM.Collect$$rtexit$$00000002)
    .ARM.Collect$$rtexit$$00000003           0x00000160   Section        4  rtexit2.o(.ARM.Collect$$rtexit$$00000003)
    .ARM.Collect$$rtexit$$00000004           0x00000164   Section        6  rtexit2.o(.ARM.Collect$$rtexit$$00000004)
    .text                                    0x0000016c   Section       48  startup_mspm0g350x_uvision.o(.text)
    .text                                    0x0000019c   Section        0  heapauxi.o(.text)
    _dadd1                                   0x000001a5   Thumb Code   290  daddsub.o(.text)
    .text                                    0x000001a4   Section        0  daddsub.o(.text)
    _dsub1                                   0x000002c7   Thumb Code   470  daddsub.o(.text)
    .text                                    0x000004fc   Section        0  dfixi.o(.text)
    .text                                    0x00000568   Section        0  dflti.o(.text)
    .text                                    0x000005c0   Section        0  dmul.o(.text)
    .text                                    0x00000808   Section       62  sys_stackheap_outer.o(.text)
    .text                                    0x00000846   Section        0  exit.o(.text)
    .text                                    0x00000858   Section        8  libspace.o(.text)
    .text                                    0x00000860   Section        0  sys_exit.o(.text)
    .text                                    0x0000086c   Section        2  use_no_semi.o(.text)
    .text                                    0x0000086e   Section        0  indicate_semi.o(.text)
    [Anonymous Symbol]                       0x00000870   Section        0  adc12.o(.text.ADC0_getVal)
    __arm_cp.1_0                             0x00000898   Number         4  adc12.o(.text.ADC0_getVal)
    __arm_cp.1_1                             0x0000089c   Number         4  adc12.o(.text.ADC0_getVal)
    __arm_cp.1_2                             0x000008a0   Number         4  adc12.o(.text.ADC0_getVal)
    [Anonymous Symbol]                       0x000008a4   Section        0  adc12.o(.text.ADC0_init)
    __arm_cp.0_0                             0x000008d4   Number         4  adc12.o(.text.ADC0_init)
    __arm_cp.0_1                             0x000008d8   Number         4  adc12.o(.text.ADC0_init)
    __arm_cp.0_3                             0x000008dc   Number         4  adc12.o(.text.ADC0_init)
    __arm_cp.0_4                             0x000008e0   Number         4  adc12.o(.text.ADC0_init)
    __arm_cp.0_5                             0x000008e4   Number         4  adc12.o(.text.ADC0_init)
    __arm_cp.0_6                             0x000008e8   Number         4  adc12.o(.text.ADC0_init)
    [Anonymous Symbol]                       0x000008ec   Section        0  camera.o(.text.Camera_getData)
    [Anonymous Symbol]                       0x000008f0   Section        0  camera.o(.text.Camera_init)
    __arm_cp.0_3                             0x00000950   Number         4  camera.o(.text.Camera_init)
    __arm_cp.0_5                             0x00000954   Number         4  camera.o(.text.Camera_init)
    [Anonymous Symbol]                       0x00000958   Section        0  camera.o(.text.Camera_isDataReady)
    [Anonymous Symbol]                       0x00000960   Section        0  leds.o(.text.LED1_init)
    __arm_cp.0_0                             0x0000099c   Number         4  leds.o(.text.LED1_init)
    __arm_cp.0_3                             0x000009a0   Number         4  leds.o(.text.LED1_init)
    __arm_cp.0_4                             0x000009a4   Number         4  leds.o(.text.LED1_init)
    [Anonymous Symbol]                       0x000009a8   Section        0  leds.o(.text.LED2_init)
    __arm_cp.1_0                             0x00000a1c   Number         4  leds.o(.text.LED2_init)
    __arm_cp.1_3                             0x00000a20   Number         4  leds.o(.text.LED2_init)
    __arm_cp.1_4                             0x00000a24   Number         4  leds.o(.text.LED2_init)
    [Anonymous Symbol]                       0x00000a28   Section        0  switches.o(.text.S1_init)
    __arm_cp.0_0                             0x00000a48   Number         4  switches.o(.text.S1_init)
    [Anonymous Symbol]                       0x00000a4c   Section        0  switches.o(.text.S1_init_interrupt)
    __arm_cp.4_0                             0x00000a70   Number         4  switches.o(.text.S1_init_interrupt)
    __arm_cp.4_1                             0x00000a74   Number         4  switches.o(.text.S1_init_interrupt)
    [Anonymous Symbol]                       0x00000a78   Section        0  switches.o(.text.S2_init)
    __arm_cp.2_0                             0x00000aa0   Number         4  switches.o(.text.S2_init)
    [Anonymous Symbol]                       0x00000aa4   Section        0  switches.o(.text.S2_init_interrupt)
    __arm_cp.6_0                             0x00000ac8   Number         4  switches.o(.text.S2_init_interrupt)
    __arm_cp.6_1                             0x00000acc   Number         4  switches.o(.text.S2_init_interrupt)
    [Anonymous Symbol]                       0x00000ad0   Section        0  sysctl.o(.text.SYSCTL_SYSCLK_getULPCLK)
    __arm_cp.2_0                             0x00000ae8   Number         4  sysctl.o(.text.SYSCTL_SYSCLK_getULPCLK)
    __arm_cp.2_1                             0x00000aec   Number         4  sysctl.o(.text.SYSCTL_SYSCLK_getULPCLK)
    [Anonymous Symbol]                       0x00000af0   Section        0  camera.o(.text.TIMG0_IRQHandler)
    __arm_cp.4_2                             0x00000b48   Number         4  camera.o(.text.TIMG0_IRQHandler)
    __arm_cp.4_3                             0x00000b4c   Number         4  camera.o(.text.TIMG0_IRQHandler)
    [Anonymous Symbol]                       0x00000b50   Section        0  timers.o(.text.TIMG0_init)
    __arm_cp.0_0                             0x00000bac   Number         4  timers.o(.text.TIMG0_init)
    __arm_cp.0_3                             0x00000bb0   Number         4  timers.o(.text.TIMG0_init)
    __arm_cp.0_4                             0x00000bb4   Number         4  timers.o(.text.TIMG0_init)
    [Anonymous Symbol]                       0x00000bb8   Section        0  main.o(.text.TIMG12_IRQHandler)
    [Anonymous Symbol]                       0x00000bc4   Section        0  timers.o(.text.TIMG12_init)
    __arm_cp.3_0                             0x00000c1c   Number         4  timers.o(.text.TIMG12_init)
    __arm_cp.3_1                             0x00000c20   Number         4  timers.o(.text.TIMG12_init)
    __arm_cp.3_2                             0x00000c24   Number         4  timers.o(.text.TIMG12_init)
    __arm_cp.3_3                             0x00000c28   Number         4  timers.o(.text.TIMG12_init)
    __arm_cp.3_4                             0x00000c2c   Number         4  timers.o(.text.TIMG12_init)
    __arm_cp.3_5                             0x00000c30   Number         4  timers.o(.text.TIMG12_init)
    [Anonymous Symbol]                       0x00000c34   Section        0  camera.o(.text.TIMG6_IRQHandler)
    __arm_cp.3_0                             0x00000c78   Number         4  camera.o(.text.TIMG6_IRQHandler)
    __arm_cp.3_1                             0x00000c7c   Number         4  camera.o(.text.TIMG6_IRQHandler)
    __arm_cp.3_2                             0x00000c80   Number         4  camera.o(.text.TIMG6_IRQHandler)
    [Anonymous Symbol]                       0x00000c84   Section        0  timers.o(.text.TIMG6_init)
    __arm_cp.2_0                             0x00000ce0   Number         4  timers.o(.text.TIMG6_init)
    __arm_cp.2_1                             0x00000ce4   Number         4  timers.o(.text.TIMG6_init)
    __arm_cp.2_2                             0x00000ce8   Number         4  timers.o(.text.TIMG6_init)
    __arm_cp.2_3                             0x00000cec   Number         4  timers.o(.text.TIMG6_init)
    __arm_cp.2_4                             0x00000cf0   Number         4  timers.o(.text.TIMG6_init)
    __arm_cp.2_5                             0x00000cf4   Number         4  timers.o(.text.TIMG6_init)
    [Anonymous Symbol]                       0x00000cf8   Section        0  uart.o(.text.UART0_init)
    __arm_cp.0_0                             0x00000dc0   Number         4  uart.o(.text.UART0_init)
    __arm_cp.0_1                             0x00000dc4   Number         4  uart.o(.text.UART0_init)
    __arm_cp.0_2                             0x00000dc8   Number         4  uart.o(.text.UART0_init)
    __arm_cp.0_3                             0x00000dcc   Number         4  uart.o(.text.UART0_init)
    __arm_cp.0_4                             0x00000dd0   Number         4  uart.o(.text.UART0_init)
    __arm_cp.0_5                             0x00000dd4   Number         4  uart.o(.text.UART0_init)
    __arm_cp.0_6                             0x00000dd8   Number         4  uart.o(.text.UART0_init)
    __arm_cp.0_7                             0x00000ddc   Number         4  uart.o(.text.UART0_init)
    [Anonymous Symbol]                       0x00000de0   Section        0  uart_extras.o(.text.UART0_printDec)
    [Anonymous Symbol]                       0x00000e38   Section        0  uart.o(.text.UART0_put)
    [Anonymous Symbol]                       0x00000e54   Section        0  uart.o(.text.UART0_putchar)
    __arm_cp.1_0                             0x00000e60   Number         4  uart.o(.text.UART0_putchar)
    __NVIC_EnableIRQ                         0x00000e65   Thumb Code    20  timers.o(.text.__NVIC_EnableIRQ)
    [Anonymous Symbol]                       0x00000e64   Section        0  timers.o(.text.__NVIC_EnableIRQ)
    __NVIC_EnableIRQ                         0x00000e79   Thumb Code    12  switches.o(.text.__NVIC_EnableIRQ)
    [Anonymous Symbol]                       0x00000e78   Section        0  switches.o(.text.__NVIC_EnableIRQ)
    __arm_cp.5_0                             0x00000e80   Number         4  switches.o(.text.__NVIC_EnableIRQ)
    [Anonymous Symbol]                       0x00000e84   Section        0  main.o(.text.main)
    __arm_cp.0_0                             0x00000edc   Number         4  main.o(.text.main)
    [Anonymous Symbol]                       0x00000ef4   Section        0  main.o(.text.print_and_reset_ms_count)
    __arm_cp.2_0                             0x00000f10   Number         4  main.o(.text.print_and_reset_ms_count)
    .text_divfast                            0x00000f18   Section      502  aeabi_sdivfast.o(.text_divfast)
    i.modf                                   0x00001110   Section        0  modf.o(i.modf)
    x$fpl$usenofp                            0x000011a0   Section        0  usenofp.o(x$fpl$usenofp)
    SystemMasterClock                        0x20200000   Data           4  sysctl.o(.data.SystemMasterClock)
    [Anonymous Symbol]                       0x20200000   Section        0  sysctl.o(.data.SystemMasterClock)
    .bss                                     0x20200008   Section       96  libspace.o(.bss)
    cameraData                               0x20200068   Data         256  camera.o(.bss.cameraData)
    [Anonymous Symbol]                       0x20200068   Section        0  camera.o(.bss.cameraData)
    cameraData_complete                      0x20200168   Data           1  camera.o(.bss.cameraData_complete)
    [Anonymous Symbol]                       0x20200168   Section        0  camera.o(.bss.cameraData_complete)
    pixel_counter                            0x20200170   Data           4  camera.o(.bss.pixel_counter)
    [Anonymous Symbol]                       0x20200170   Section        0  camera.o(.bss.pixel_counter)
    Heap_Mem                                 0x20200178   Data         512  startup_mspm0g350x_uvision.o(HEAP)
    HEAP                                     0x20200178   Section      512  startup_mspm0g350x_uvision.o(HEAP)
    Stack_Mem                                0x20200378   Data         512  startup_mspm0g350x_uvision.o(STACK)
    STACK                                    0x20200378   Section      512  startup_mspm0g350x_uvision.o(STACK)
    __initial_sp                             0x20200578   Data           0  startup_mspm0g350x_uvision.o(STACK)

    Global Symbols

    Symbol Name                              Value     Ov Type        Size  Object(Section)

    BuildAttributes$$THM_ISAv3M$S$PE$A:L22$X:L11$S22$IEEE1$IW$~IW$USESV6$~STKCKD$USESV7$~SHL$OTIME$ROPI$IEEEJ$EBA8$UX$STANDARDLIB$REQ8$PRES8$EABIv2 0x00000000   Number         0  anon$$obj.o ABSOLUTE
    __Vectors                                0x00000000   Data           4  startup_mspm0g350x_uvision.o(RESET)
    __ARM_exceptions_init                     - Undefined Weak Reference
    __alloca_initialize                       - Undefined Weak Reference
    __arm_preinit_                            - Undefined Weak Reference
    __cpp_initialize__aeabi_                  - Undefined Weak Reference
    __cxa_finalize                            - Undefined Weak Reference
    __rt_locale                               - Undefined Weak Reference
    __sigvec_lookup                           - Undefined Weak Reference
    _atexit_init                              - Undefined Weak Reference
    _call_atexit_fns                          - Undefined Weak Reference
    _clock_init                               - Undefined Weak Reference
    _fp_trap_init                             - Undefined Weak Reference
    _fp_trap_shutdown                         - Undefined Weak Reference
    _get_lc_collate                           - Undefined Weak Reference
    _get_lc_ctype                             - Undefined Weak Reference
    _get_lc_monetary                          - Undefined Weak Reference
    _get_lc_numeric                           - Undefined Weak Reference
    _get_lc_time                              - Undefined Weak Reference
    _getenv_init                              - Undefined Weak Reference
    _handle_redirection                       - Undefined Weak Reference
    _init_alloc                               - Undefined Weak Reference
    _init_user_alloc                          - Undefined Weak Reference
    _initio                                   - Undefined Weak Reference
    _rand_init                                - Undefined Weak Reference
    _signal_finish                            - Undefined Weak Reference
    _signal_init                              - Undefined Weak Reference
    _terminate_alloc                          - Undefined Weak Reference
    _terminate_user_alloc                     - Undefined Weak Reference
    _terminateio                              - Undefined Weak Reference
    __Vectors_End                            0x000000c0   Data           0  startup_mspm0g350x_uvision.o(RESET)
    __Vectors_Size                           0x000000c0   Number         0  startup_mspm0g350x_uvision.o ABSOLUTE
    __main                                   0x000000c1   Thumb Code     8  __main.o(!!!main)
    __scatterload                            0x000000c9   Thumb Code     0  __scatter.o(!!!scatter)
    __scatterload_rt2                        0x000000c9   Thumb Code    52  __scatter.o(!!!scatter)
    __scatterload_rt2_thumb_only             0x000000c9   Thumb Code     0  __scatter.o(!!!scatter)
    __scatterload_null                       0x000000d9   Thumb Code     0  __scatter.o(!!!scatter)
    __scatterload_copy                       0x00000109   Thumb Code    26  __scatter_copy.o(!!handler_copy)
    __scatterload_zeroinit                   0x00000129   Thumb Code    28  __scatter_zi.o(!!handler_zi)
    __rt_lib_init                            0x00000145   Thumb Code     0  libinit.o(.ARM.Collect$$libinit$$00000000)
    __rt_lib_init_alloca_1                   0x00000147   Thumb Code     0  libinit2.o(.ARM.Collect$$libinit$$0000002E)
    __rt_lib_init_argv_1                     0x00000147   Thumb Code     0  libinit2.o(.ARM.Collect$$libinit$$0000002C)
    __rt_lib_init_atexit_1                   0x00000147   Thumb Code     0  libinit2.o(.ARM.Collect$$libinit$$0000001B)
    __rt_lib_init_clock_1                    0x00000147   Thumb Code     0  libinit2.o(.ARM.Collect$$libinit$$00000021)
    __rt_lib_init_cpp_1                      0x00000147   Thumb Code     0  libinit2.o(.ARM.Collect$$libinit$$00000032)
    __rt_lib_init_exceptions_1               0x00000147   Thumb Code     0  libinit2.o(.ARM.Collect$$libinit$$00000030)
    __rt_lib_init_fp_1                       0x00000147   Thumb Code     0  libinit2.o(.ARM.Collect$$libinit$$00000002)
    __rt_lib_init_fp_trap_1                  0x00000147   Thumb Code     0  libinit2.o(.ARM.Collect$$libinit$$0000001F)
    __rt_lib_init_getenv_1                   0x00000147   Thumb Code     0  libinit2.o(.ARM.Collect$$libinit$$00000023)
    __rt_lib_init_heap_1                     0x00000147   Thumb Code     0  libinit2.o(.ARM.Collect$$libinit$$0000000A)
    __rt_lib_init_lc_collate_1               0x00000147   Thumb Code     0  libinit2.o(.ARM.Collect$$libinit$$00000011)
    __rt_lib_init_lc_ctype_1                 0x00000147   Thumb Code     0  libinit2.o(.ARM.Collect$$libinit$$00000013)
    __rt_lib_init_lc_monetary_1              0x00000147   Thumb Code     0  libinit2.o(.ARM.Collect$$libinit$$00000015)
    __rt_lib_init_lc_numeric_1               0x00000147   Thumb Code     0  libinit2.o(.ARM.Collect$$libinit$$00000017)
    __rt_lib_init_lc_time_1                  0x00000147   Thumb Code     0  libinit2.o(.ARM.Collect$$libinit$$00000019)
    __rt_lib_init_preinit_1                  0x00000147   Thumb Code     0  libinit2.o(.ARM.Collect$$libinit$$00000004)
    __rt_lib_init_rand_1                     0x00000147   Thumb Code     0  libinit2.o(.ARM.Collect$$libinit$$0000000E)
    __rt_lib_init_return                     0x00000147   Thumb Code     0  libinit2.o(.ARM.Collect$$libinit$$00000033)
    __rt_lib_init_signal_1                   0x00000147   Thumb Code     0  libinit2.o(.ARM.Collect$$libinit$$0000001D)
    __rt_lib_init_stdio_1                    0x00000147   Thumb Code     0  libinit2.o(.ARM.Collect$$libinit$$00000025)
    __rt_lib_init_user_alloc_1               0x00000147   Thumb Code     0  libinit2.o(.ARM.Collect$$libinit$$0000000C)
    __rt_lib_shutdown                        0x00000149   Thumb Code     0  libshutdown.o(.ARM.Collect$$libshutdown$$00000000)
    __rt_lib_shutdown_cpp_1                  0x0000014b   Thumb Code     0  libshutdown2.o(.ARM.Collect$$libshutdown$$00000002)
    __rt_lib_shutdown_fp_trap_1              0x0000014b   Thumb Code     0  libshutdown2.o(.ARM.Collect$$libshutdown$$00000007)
    __rt_lib_shutdown_heap_1                 0x0000014b   Thumb Code     0  libshutdown2.o(.ARM.Collect$$libshutdown$$0000000F)
    __rt_lib_shutdown_return                 0x0000014b   Thumb Code     0  libshutdown2.o(.ARM.Collect$$libshutdown$$00000010)
    __rt_lib_shutdown_signal_1               0x0000014b   Thumb Code     0  libshutdown2.o(.ARM.Collect$$libshutdown$$0000000A)
    __rt_lib_shutdown_stdio_1                0x0000014b   Thumb Code     0  libshutdown2.o(.ARM.Collect$$libshutdown$$00000004)
    __rt_lib_shutdown_user_alloc_1           0x0000014b   Thumb Code     0  libshutdown2.o(.ARM.Collect$$libshutdown$$0000000C)
    __rt_entry                               0x0000014d   Thumb Code     0  __rtentry.o(.ARM.Collect$$rtentry$$00000000)
    __rt_entry_presh_1                       0x0000014d   Thumb Code     0  __rtentry2.o(.ARM.Collect$$rtentry$$00000002)
    __rt_entry_sh                            0x0000014d   Thumb Code     0  __rtentry4.o(.ARM.Collect$$rtentry$$00000004)
    __rt_entry_li                            0x00000153   Thumb Code     0  __rtentry2.o(.ARM.Collect$$rtentry$$0000000A)
    __rt_entry_postsh_1                      0x00000153   Thumb Code     0  __rtentry2.o(.ARM.Collect$$rtentry$$00000009)
    __rt_entry_main                          0x00000157   Thumb Code     0  __rtentry2.o(.ARM.Collect$$rtentry$$0000000D)
    __rt_entry_postli_1                      0x00000157   Thumb Code     0  __rtentry2.o(.ARM.Collect$$rtentry$$0000000C)
    __rt_exit                                0x0000015f   Thumb Code     0  rtexit.o(.ARM.Collect$$rtexit$$00000000)
    __rt_exit_ls                             0x00000161   Thumb Code     0  rtexit2.o(.ARM.Collect$$rtexit$$00000003)
    __rt_exit_prels_1                        0x00000161   Thumb Code     0  rtexit2.o(.ARM.Collect$$rtexit$$00000002)
    __rt_exit_exit                           0x00000165   Thumb Code     0  rtexit2.o(.ARM.Collect$$rtexit$$00000004)
    Reset_Handler                            0x0000016d   Thumb Code     4  startup_mspm0g350x_uvision.o(.text)
    NMI_Handler                              0x00000171   Thumb Code     2  startup_mspm0g350x_uvision.o(.text)
    HardFault_Handler                        0x00000173   Thumb Code     2  startup_mspm0g350x_uvision.o(.text)
    SVC_Handler                              0x00000175   Thumb Code     2  startup_mspm0g350x_uvision.o(.text)
    PendSV_Handler                           0x00000177   Thumb Code     2  startup_mspm0g350x_uvision.o(.text)
    SysTick_Handler                          0x00000179   Thumb Code     2  startup_mspm0g350x_uvision.o(.text)
    ADC0_IRQHandler                          0x0000017b   Thumb Code     0  startup_mspm0g350x_uvision.o(.text)
    ADC1_IRQHandler                          0x0000017b   Thumb Code     0  startup_mspm0g350x_uvision.o(.text)
    AES_IRQHandler                           0x0000017b   Thumb Code     0  startup_mspm0g350x_uvision.o(.text)
    CANFD0_IRQHandler                        0x0000017b   Thumb Code     0  startup_mspm0g350x_uvision.o(.text)
    DAC0_IRQHandler                          0x0000017b   Thumb Code     0  startup_mspm0g350x_uvision.o(.text)
    DMA_IRQHandler                           0x0000017b   Thumb Code     0  startup_mspm0g350x_uvision.o(.text)
    Default_Handler                          0x0000017b   Thumb Code     2  startup_mspm0g350x_uvision.o(.text)
    GROUP0_IRQHandler                        0x0000017b   Thumb Code     0  startup_mspm0g350x_uvision.o(.text)
    GROUP1_IRQHandler                        0x0000017b   Thumb Code     0  startup_mspm0g350x_uvision.o(.text)
    I2C0_IRQHandler                          0x0000017b   Thumb Code     0  startup_mspm0g350x_uvision.o(.text)
    I2C1_IRQHandler                          0x0000017b   Thumb Code     0  startup_mspm0g350x_uvision.o(.text)
    RTC_IRQHandler                           0x0000017b   Thumb Code     0  startup_mspm0g350x_uvision.o(.text)
    SPI0_IRQHandler                          0x0000017b   Thumb Code     0  startup_mspm0g350x_uvision.o(.text)
    SPI1_IRQHandler                          0x0000017b   Thumb Code     0  startup_mspm0g350x_uvision.o(.text)
    TIMA0_IRQHandler                         0x0000017b   Thumb Code     0  startup_mspm0g350x_uvision.o(.text)
    TIMA1_IRQHandler                         0x0000017b   Thumb Code     0  startup_mspm0g350x_uvision.o(.text)
    TIMG7_IRQHandler                         0x0000017b   Thumb Code     0  startup_mspm0g350x_uvision.o(.text)
    TIMG8_IRQHandler                         0x0000017b   Thumb Code     0  startup_mspm0g350x_uvision.o(.text)
    UART0_IRQHandler                         0x0000017b   Thumb Code     0  startup_mspm0g350x_uvision.o(.text)
    UART1_IRQHandler                         0x0000017b   Thumb Code     0  startup_mspm0g350x_uvision.o(.text)
    UART2_IRQHandler                         0x0000017b   Thumb Code     0  startup_mspm0g350x_uvision.o(.text)
    UART3_IRQHandler                         0x0000017b   Thumb Code     0  startup_mspm0g350x_uvision.o(.text)
    __user_initial_stackheap                 0x0000017d   Thumb Code    10  startup_mspm0g350x_uvision.o(.text)
    __use_two_region_memory                  0x0000019d   Thumb Code     2  heapauxi.o(.text)
    __rt_heap_escrow$2region                 0x0000019f   Thumb Code     2  heapauxi.o(.text)
    __rt_heap_expand$2region                 0x000001a1   Thumb Code     2  heapauxi.o(.text)
    __aeabi_dadd                             0x0000049d   Thumb Code     0  daddsub.o(.text)
    _dadd                                    0x0000049d   Thumb Code    26  daddsub.o(.text)
    __aeabi_dsub                             0x000004b7   Thumb Code     0  daddsub.o(.text)
    _dsub                                    0x000004b7   Thumb Code    22  daddsub.o(.text)
    __aeabi_drsub                            0x000004cd   Thumb Code     0  daddsub.o(.text)
    _drsb                                    0x000004cd   Thumb Code    28  daddsub.o(.text)
    __aeabi_d2iz                             0x000004fd   Thumb Code     0  dfixi.o(.text)
    _dfix                                    0x000004fd   Thumb Code    98  dfixi.o(.text)
    __aeabi_i2d_normalise                    0x00000569   Thumb Code    66  dflti.o(.text)
    __aeabi_i2d                              0x000005ab   Thumb Code    16  dflti.o(.text)
    _dflt                                    0x000005ab   Thumb Code     0  dflti.o(.text)
    __aeabi_ui2d                             0x000005bb   Thumb Code     6  dflti.o(.text)
    _dfltu                                   0x000005bb   Thumb Code     0  dflti.o(.text)
    __aeabi_dmul                             0x000005c1   Thumb Code     0  dmul.o(.text)
    _dmul                                    0x000005c1   Thumb Code   558  dmul.o(.text)
    __user_setup_stackheap                   0x00000809   Thumb Code    62  sys_stackheap_outer.o(.text)
    exit                                     0x00000847   Thumb Code    16  exit.o(.text)
    __user_libspace                          0x00000859   Thumb Code     8  libspace.o(.text)
    __user_perproc_libspace                  0x00000859   Thumb Code     0  libspace.o(.text)
    __user_perthread_libspace                0x00000859   Thumb Code     0  libspace.o(.text)
    _sys_exit                                0x00000861   Thumb Code     8  sys_exit.o(.text)
    __I$use$semihosting                      0x0000086d   Thumb Code     0  use_no_semi.o(.text)
    __use_no_semihosting_swi                 0x0000086d   Thumb Code     2  use_no_semi.o(.text)
    __semihosting_library_function           0x0000086f   Thumb Code     0  indicate_semi.o(.text)
    ADC0_getVal                              0x00000871   Thumb Code    52  adc12.o(.text.ADC0_getVal)
    ADC0_init                                0x000008a5   Thumb Code    72  adc12.o(.text.ADC0_init)
    Camera_getData                           0x000008ed   Thumb Code     4  camera.o(.text.Camera_getData)
    Camera_init                              0x000008f1   Thumb Code   104  camera.o(.text.Camera_init)
    Camera_isDataReady                       0x00000959   Thumb Code     8  camera.o(.text.Camera_isDataReady)
    LED1_init                                0x00000961   Thumb Code    72  leds.o(.text.LED1_init)
    LED2_init                                0x000009a9   Thumb Code   128  leds.o(.text.LED2_init)
    S1_init                                  0x00000a29   Thumb Code    36  switches.o(.text.S1_init)
    S1_init_interrupt                        0x00000a4d   Thumb Code    44  switches.o(.text.S1_init_interrupt)
    S2_init                                  0x00000a79   Thumb Code    44  switches.o(.text.S2_init)
    S2_init_interrupt                        0x00000aa5   Thumb Code    44  switches.o(.text.S2_init_interrupt)
    SYSCTL_SYSCLK_getULPCLK                  0x00000ad1   Thumb Code    32  sysctl.o(.text.SYSCTL_SYSCLK_getULPCLK)
    TIMG0_IRQHandler                         0x00000af1   Thumb Code    96  camera.o(.text.TIMG0_IRQHandler)
    TIMG0_init                               0x00000b51   Thumb Code   104  timers.o(.text.TIMG0_init)
    TIMG12_IRQHandler                        0x00000bb9   Thumb Code    12  main.o(.text.TIMG12_IRQHandler)
    TIMG12_init                              0x00000bc5   Thumb Code   112  timers.o(.text.TIMG12_init)
    TIMG6_IRQHandler                         0x00000c35   Thumb Code    80  camera.o(.text.TIMG6_IRQHandler)
    TIMG6_init                               0x00000c85   Thumb Code   116  timers.o(.text.TIMG6_init)
    UART0_init                               0x00000cf9   Thumb Code   232  uart.o(.text.UART0_init)
    UART0_printDec                           0x00000de1   Thumb Code    88  uart_extras.o(.text.UART0_printDec)
    UART0_put                                0x00000e39   Thumb Code    28  uart.o(.text.UART0_put)
    UART0_putchar                            0x00000e55   Thumb Code    16  uart.o(.text.UART0_putchar)
    main                                     0x00000e85   Thumb Code   112  main.o(.text.main)
    print_and_reset_ms_count                 0x00000ef5   Thumb Code    36  main.o(.text.print_and_reset_ms_count)
    __aeabi_uidiv                            0x00000f19   Thumb Code    68  aeabi_sdivfast.o(.text_divfast)
    __aeabi_idiv                             0x00000f5d   Thumb Code   434  aeabi_sdivfast.o(.text_divfast)
    modf                                     0x00001111   Thumb Code   136  modf.o(i.modf)
    Region$$Table$$Base                      0x000011a0   Number         0  anon$$obj.o(Region$$Table)
    __I$use$fp                               0x000011a0   Number         0  usenofp.o(x$fpl$usenofp)
    Region$$Table$$Limit                     0x000011c0   Number         0  anon$$obj.o(Region$$Table)
    __libspace_start                         0x20200008   Data          96  libspace.o(.bss)
    __temporary_stack_top$libspace           0x20200068   Data           0  libspace.o(.bss)
    ms_counter                               0x2020016c   Data           4  main.o(.bss.ms_counter)



==============================================================================

Memory Map of the image

  Image Entry point : 0x000000c1

  Load Region LR_IROM1 (Base: 0x00000000, Size: 0x000011c8, Max: 0x00020000, ABSOLUTE)

    Execution Region ER_IROM1 (Exec base: 0x00000000, Load base: 0x00000000, Size: 0x000011c0, Max: 0x00020000, ABSOLUTE)

    Exec Addr    Load Addr    Size         Type   Attr      Idx    E Section Name        Object

    0x00000000   0x00000000   0x000000c0   Data   RO           19    RESET               startup_mspm0g350x_uvision.o
    0x000000c0   0x000000c0   0x00000008   Code   RO          178  * !!!main             c_p.l(__main.o)
    0x000000c8   0x000000c8   0x0000003c   Code   RO          392    !!!scatter          c_p.l(__scatter.o)
    0x00000104   0x00000104   0x00000004   PAD
    0x00000108   0x00000108   0x0000001a   Code   RO          394    !!handler_copy      c_p.l(__scatter_copy.o)
    0x00000122   0x00000122   0x00000006   PAD
    0x00000128   0x00000128   0x0000001c   Code   RO          396    !!handler_zi        c_p.l(__scatter_zi.o)
    0x00000144   0x00000144   0x00000002   Code   RO          249    .ARM.Collect$$libinit$$00000000  c_p.l(libinit.o)
    0x00000146   0x00000146   0x00000000   Code   RO          267    .ARM.Collect$$libinit$$00000002  c_p.l(libinit2.o)
    0x00000146   0x00000146   0x00000000   Code   RO          269    .ARM.Collect$$libinit$$00000004  c_p.l(libinit2.o)
    0x00000146   0x00000146   0x00000000   Code   RO          272    .ARM.Collect$$libinit$$0000000A  c_p.l(libinit2.o)
    0x00000146   0x00000146   0x00000000   Code   RO          274    .ARM.Collect$$libinit$$0000000C  c_p.l(libinit2.o)
    0x00000146   0x00000146   0x00000000   Code   RO          276    .ARM.Collect$$libinit$$0000000E  c_p.l(libinit2.o)
    0x00000146   0x00000146   0x00000000   Code   RO          279    .ARM.Collect$$libinit$$00000011  c_p.l(libinit2.o)
    0x00000146   0x00000146   0x00000000   Code   RO          281    .ARM.Collect$$libinit$$00000013  c_p.l(libinit2.o)
    0x00000146   0x00000146   0x00000000   Code   RO          283    .ARM.Collect$$libinit$$00000015  c_p.l(libinit2.o)
    0x00000146   0x00000146   0x00000000   Code   RO          285    .ARM.Collect$$libinit$$00000017  c_p.l(libinit2.o)
    0x00000146   0x00000146   0x00000000   Code   RO          287    .ARM.Collect$$libinit$$00000019  c_p.l(libinit2.o)
    0x00000146   0x00000146   0x00000000   Code   RO          289    .ARM.Collect$$libinit$$0000001B  c_p.l(libinit2.o)
    0x00000146   0x00000146   0x00000000   Code   RO          291    .ARM.Collect$$libinit$$0000001D  c_p.l(libinit2.o)
    0x00000146   0x00000146   0x00000000   Code   RO          293    .ARM.Collect$$libinit$$0000001F  c_p.l(libinit2.o)
    0x00000146   0x00000146   0x00000000   Code   RO          295    .ARM.Collect$$libinit$$00000021  c_p.l(libinit2.o)
    0x00000146   0x00000146   0x00000000   Code   RO          297    .ARM.Collect$$libinit$$00000023  c_p.l(libinit2.o)
    0x00000146   0x00000146   0x00000000   Code   RO          299    .ARM.Collect$$libinit$$00000025  c_p.l(libinit2.o)
    0x00000146   0x00000146   0x00000000   Code   RO          303    .ARM.Collect$$libinit$$0000002C  c_p.l(libinit2.o)
    0x00000146   0x00000146   0x00000000   Code   RO          305    .ARM.Collect$$libinit$$0000002E  c_p.l(libinit2.o)
    0x00000146   0x00000146   0x00000000   Code   RO          307    .ARM.Collect$$libinit$$00000030  c_p.l(libinit2.o)
    0x00000146   0x00000146   0x00000000   Code   RO          309    .ARM.Collect$$libinit$$00000032  c_p.l(libinit2.o)
    0x00000146   0x00000146   0x00000002   Code   RO          310    .ARM.Collect$$libinit$$00000033  c_p.l(libinit2.o)
    0x00000148   0x00000148   0x00000002   Code   RO          347    .ARM.Collect$$libshutdown$$00000000  c_p.l(libshutdown.o)
    0x0000014a   0x0000014a   0x00000000   Code   RO          375    .ARM.Collect$$libshutdown$$00000002  c_p.l(libshutdown2.o)
    0x0000014a   0x0000014a   0x00000000   Code   RO          377    .ARM.Collect$$libshutdown$$00000004  c_p.l(libshutdown2.o)
    0x0000014a   0x0000014a   0x00000000   Code   RO          380    .ARM.Collect$$libshutdown$$00000007  c_p.l(libshutdown2.o)
    0x0000014a   0x0000014a   0x00000000   Code   RO          383    .ARM.Collect$$libshutdown$$0000000A  c_p.l(libshutdown2.o)
    0x0000014a   0x0000014a   0x00000000   Code   RO          385    .ARM.Collect$$libshutdown$$0000000C  c_p.l(libshutdown2.o)
    0x0000014a   0x0000014a   0x00000000   Code   RO          388    .ARM.Collect$$libshutdown$$0000000F  c_p.l(libshutdown2.o)
    0x0000014a   0x0000014a   0x00000002   Code   RO          389    .ARM.Collect$$libshutdown$$00000010  c_p.l(libshutdown2.o)
    0x0000014c   0x0000014c   0x00000000   Code   RO          204    .ARM.Collect$$rtentry$$00000000  c_p.l(__rtentry.o)
    0x0000014c   0x0000014c   0x00000000   Code   RO          217    .ARM.Collect$$rtentry$$00000002  c_p.l(__rtentry2.o)
    0x0000014c   0x0000014c   0x00000006   Code   RO          229    .ARM.Collect$$rtentry$$00000004  c_p.l(__rtentry4.o)
    0x00000152   0x00000152   0x00000000   Code   RO          219    .ARM.Collect$$rtentry$$00000009  c_p.l(__rtentry2.o)
    0x00000152   0x00000152   0x00000004   Code   RO          220    .ARM.Collect$$rtentry$$0000000A  c_p.l(__rtentry2.o)
    0x00000156   0x00000156   0x00000000   Code   RO          222    .ARM.Collect$$rtentry$$0000000C  c_p.l(__rtentry2.o)
    0x00000156   0x00000156   0x00000008   Code   RO          223    .ARM.Collect$$rtentry$$0000000D  c_p.l(__rtentry2.o)
    0x0000015e   0x0000015e   0x00000002   Code   RO          258    .ARM.Collect$$rtexit$$00000000  c_p.l(rtexit.o)
    0x00000160   0x00000160   0x00000000   Code   RO          318    .ARM.Collect$$rtexit$$00000002  c_p.l(rtexit2.o)
    0x00000160   0x00000160   0x00000004   Code   RO          319    .ARM.Collect$$rtexit$$00000003  c_p.l(rtexit2.o)
    0x00000164   0x00000164   0x00000006   Code   RO          320    .ARM.Collect$$rtexit$$00000004  c_p.l(rtexit2.o)
    0x0000016a   0x0000016a   0x00000002   PAD
    0x0000016c   0x0000016c   0x00000030   Code   RO           20    .text               startup_mspm0g350x_uvision.o
    0x0000019c   0x0000019c   0x00000006   Code   RO          176    .text               c_p.l(heapauxi.o)
    0x000001a2   0x000001a2   0x00000002   PAD
    0x000001a4   0x000001a4   0x00000358   Code   RO          180    .text               fz_ps.l(daddsub.o)
    0x000004fc   0x000004fc   0x0000006c   Code   RO          194    .text               fz_ps.l(dfixi.o)
    0x00000568   0x00000568   0x00000058   Code   RO          196    .text               fz_ps.l(dflti.o)
    0x000005c0   0x000005c0   0x00000248   Code   RO          198    .text               fz_ps.l(dmul.o)
    0x00000808   0x00000808   0x0000003e   Code   RO          235    .text               c_p.l(sys_stackheap_outer.o)
    0x00000846   0x00000846   0x00000010   Code   RO          238    .text               c_p.l(exit.o)
    0x00000856   0x00000856   0x00000002   PAD
    0x00000858   0x00000858   0x00000008   Code   RO          254    .text               c_p.l(libspace.o)
    0x00000860   0x00000860   0x0000000c   Code   RO          313    .text               c_p.l(sys_exit.o)
    0x0000086c   0x0000086c   0x00000002   Code   RO          336    .text               c_p.l(use_no_semi.o)
    0x0000086e   0x0000086e   0x00000000   Code   RO          338    .text               c_p.l(indicate_semi.o)
    0x0000086e   0x0000086e   0x00000002   PAD
    0x00000870   0x00000870   0x00000034   Code   RO           45    .text.ADC0_getVal   adc12.o
    0x000008a4   0x000008a4   0x00000048   Code   RO           43    .text.ADC0_init     adc12.o
    0x000008ec   0x000008ec   0x00000004   Code   RO          123    .text.Camera_getData  camera.o
    0x000008f0   0x000008f0   0x00000068   Code   RO          119    .text.Camera_init   camera.o
    0x00000958   0x00000958   0x00000008   Code   RO          121    .text.Camera_isDataReady  camera.o
    0x00000960   0x00000960   0x00000048   Code   RO           54    .text.LED1_init     leds.o
    0x000009a8   0x000009a8   0x00000080   Code   RO           56    .text.LED2_init     leds.o
    0x00000a28   0x00000a28   0x00000024   Code   RO           70    .text.S1_init       switches.o
    0x00000a4c   0x00000a4c   0x0000002c   Code   RO           78    .text.S1_init_interrupt  switches.o
    0x00000a78   0x00000a78   0x0000002c   Code   RO           74    .text.S2_init       switches.o
    0x00000aa4   0x00000aa4   0x0000002c   Code   RO           82    .text.S2_init_interrupt  switches.o
    0x00000ad0   0x00000ad0   0x00000020   Code   RO          144    .text.SYSCTL_SYSCLK_getULPCLK  sysctl.o
    0x00000af0   0x00000af0   0x00000060   Code   RO          127    .text.TIMG0_IRQHandler  camera.o
    0x00000b50   0x00000b50   0x00000068   Code   RO           27    .text.TIMG0_init    timers.o
    0x00000bb8   0x00000bb8   0x0000000c   Code   RO            4    .text.TIMG12_IRQHandler  main.o
    0x00000bc4   0x00000bc4   0x00000070   Code   RO           33    .text.TIMG12_init   timers.o
    0x00000c34   0x00000c34   0x00000050   Code   RO          125    .text.TIMG6_IRQHandler  camera.o
    0x00000c84   0x00000c84   0x00000074   Code   RO           31    .text.TIMG6_init    timers.o
    0x00000cf8   0x00000cf8   0x000000e8   Code   RO           91    .text.UART0_init    uart.o
    0x00000de0   0x00000de0   0x00000058   Code   RO          155    .text.UART0_printDec  uart_extras.o
    0x00000e38   0x00000e38   0x0000001c   Code   RO           97    .text.UART0_put     uart.o
    0x00000e54   0x00000e54   0x00000010   Code   RO           93    .text.UART0_putchar  uart.o
    0x00000e64   0x00000e64   0x00000014   Code   RO           29    .text.__NVIC_EnableIRQ  timers.o
    0x00000e78   0x00000e78   0x0000000c   Code   RO           80    .text.__NVIC_EnableIRQ  switches.o
    0x00000e84   0x00000e84   0x00000070   Code   RO            2    .text.main          main.o
    0x00000ef4   0x00000ef4   0x00000024   Code   RO            6    .text.print_and_reset_ms_count  main.o
    0x00000f18   0x00000f18   0x000001f6   Code   RO          169    .text_divfast       c_p.l(aeabi_sdivfast.o)
    0x0000110e   0x0000110e   0x00000002   PAD
    0x00001110   0x00001110   0x00000090   Code   RO          201    i.modf              m_ps.l(modf.o)
    0x000011a0   0x000011a0   0x00000000   Code   RO          215    x$fpl$usenofp       fz_ps.l(usenofp.o)
    0x000011a0   0x000011a0   0x00000020   Data   RO          391    Region$$Table       anon$$obj.o


    Execution Region RW_IRAM2 (Exec base: 0x20200000, Load base: 0x000011c0, Size: 0x00000578, Max: 0x00008000, ABSOLUTE)

    Exec Addr    Load Addr    Size         Type   Attr      Idx    E Section Name        Object

    0x20200000   0x000011c0   0x00000004   Data   RW          146    .data.SystemMasterClock  sysctl.o
    0x20200004   0x000011c4   0x00000004   PAD
    0x20200008        -       0x00000060   Zero   RW          255    .bss                c_p.l(libspace.o)
    0x20200068        -       0x00000100   Zero   RW          130    .bss.cameraData     camera.o
    0x20200168        -       0x00000001   Zero   RW          129    .bss.cameraData_complete  camera.o
    0x20200169   0x000011c4   0x00000003   PAD
    0x2020016c        -       0x00000004   Zero   RW            8    .bss.ms_counter     main.o
    0x20200170        -       0x00000004   Zero   RW          131    .bss.pixel_counter  camera.o
    0x20200174   0x000011c4   0x00000004   PAD
    0x20200178        -       0x00000200   Zero   RW           18    HEAP                startup_mspm0g350x_uvision.o
    0x20200378        -       0x00000200   Zero   RW           17    STACK               startup_mspm0g350x_uvision.o



  Load Region LR_BCR (Base: 0x41c00000, Size: 0x00000000, Max: 0x00000100, ABSOLUTE)

    Execution Region BCR_CONFIG (Exec base: 0x41c00000, Load base: 0x41c00000, Size: 0x00000000, Max: 0x00000080, ABSOLUTE)

    **** No section assigned to this execution region ****



  Load Region LR_BSL (Base: 0x41c00100, Size: 0x00000000, Max: 0x00000100, ABSOLUTE)

    Execution Region BSL_CONFIG (Exec base: 0x41c00100, Load base: 0x41c00100, Size: 0x00000000, Max: 0x00000080, ABSOLUTE)

    **** No section assigned to this execution region ****


==============================================================================

Image component sizes


      Code (inc. data)   RO Data    RW Data    ZI Data      Debug   Object Name

       124         36          0          0          0       2548   adc12.o
       292         40          0          0        261       7285   camera.o
       200         24          0          0          0       5661   leds.o
       160         32          0          0          4       1019   main.o
        48         22        192          0       1024        772   startup_mspm0g350x_uvision.o
       180         28          0          0          0       6534   switches.o
        32          8          0          4          0       3971   sysctl.o
       352         60          0          0          0       5053   timers.o
       276         36          0          0          0       5573   uart.o
        88          0          0          0          0       1350   uart_extras.o

    ----------------------------------------------------------------------
      1752        286        224          4       1300      39766   Object Totals
         0          0         32          0          0          0   (incl. Generated)
         0          0          0          0         11          0   (incl. Padding)

    ----------------------------------------------------------------------

      Code (inc. data)   RO Data    RW Data    ZI Data      Debug   Library Member Name

         8          0          0          0          0         68   __main.o
         0          0          0          0          0          0   __rtentry.o
        12          0          0          0          0          0   __rtentry2.o
         6          0          0          0          0          0   __rtentry4.o
        60          8          0          0          0          0   __scatter.o
        26          0          0          0          0          0   __scatter_copy.o
        28          0          0          0          0          0   __scatter_zi.o
       502          0          0          0          0         92   aeabi_sdivfast.o
        16          0          0          0          0         68   exit.o
         6          0          0          0          0        136   heapauxi.o
         0          0          0          0          0          0   indicate_semi.o
         2          0          0          0          0          0   libinit.o
         2          0          0          0          0          0   libinit2.o
         2          0          0          0          0          0   libshutdown.o
         2          0          0          0          0          0   libshutdown2.o
         8          4          0          0         96         68   libspace.o
         2          0          0          0          0          0   rtexit.o
        10          0          0          0          0          0   rtexit2.o
        12          4          0          0          0         60   sys_exit.o
        62          0          0          0          0         80   sys_stackheap_outer.o
         2          0          0          0          0         68   use_no_semi.o
       856         20          0          0          0        208   daddsub.o
       108         10          0          0          0         72   dfixi.o
        88          0          0          0          0         92   dflti.o
       584         26          0          0          0         84   dmul.o
         0          0          0          0          0          0   usenofp.o
       144          8          0          0          0         76   modf.o

    ----------------------------------------------------------------------
      2568         84          0          0         96       1172   Library Totals
        20          4          0          0          0          0   (incl. Padding)

    ----------------------------------------------------------------------

      Code (inc. data)   RO Data    RW Data    ZI Data      Debug   Library Name

       768         16          0          0         96        640   c_p.l
      1636         56          0          0          0        456   fz_ps.l
       144          8          0          0          0         76   m_ps.l

    ----------------------------------------------------------------------
      2568         84          0          0         96       1172   Library Totals

    ----------------------------------------------------------------------

==============================================================================


      Code (inc. data)   RO Data    RW Data    ZI Data      Debug   

      4320        370        224          4       1396      40446   Grand Totals
      4320        370        224          4       1396      40446   ELF Image Totals
      4320        370        224          4          0          0   ROM Totals

==============================================================================

    Total RO  Size (Code + RO Data)                 4544 (   4.44kB)
    Total RW  Size (RW Data + ZI Data)              1400 (   1.37kB)
    Total ROM Size (Code + RO Data + RW Data)       4548 (   4.44kB)

==============================================================================

