Component: ARM Compiler 6.14 Tool: armlink [5db06800]

==============================================================================

Section Cross References

    main.o(.text.delay) refers to sysctl.o(.text.SYSCTL_SYSCLK_getMCLK) for SYSCTL_SYSCLK_getMCLK
    main.o(.text.delay) refers to aeabi_sdivfast.o(.text_divfast) for __aeabi_uidiv
    main.o(.ARM.exidx.text.delay) refers to main.o(.text.delay) for [Anonymous Symbol]
    main.o(.ARM.exidx.text.init_stepper_motor) refers to main.o(.text.init_stepper_motor) for [Anonymous Symbol]
    main.o(.text.spin_stepper) refers to main.o(.text.init_stepper_motor) for init_stepper_motor
    main.o(.text.spin_stepper) refers to main.o(.text.delay) for delay
    main.o(.ARM.exidx.text.spin_stepper) refers to main.o(.text.spin_stepper) for [Anonymous Symbol]
    main.o(.text.main) refers to dc_motor.o(.text.init_dc_motor) for init_dc_motor
    main.o(.text.main) refers to dcmp.o(i._dgeq) for __aeabi_dcmpge
    main.o(.text.main) refers to dc_motor.o(.text.dc_forward) for dc_forward
    main.o(.text.main) refers to main.o(.text.delay) for delay
    main.o(.text.main) refers to daddsub.o(.text) for __aeabi_dadd
    main.o(.text.main) refers to dcmp.o(i._dls) for __aeabi_dcmplt
    main.o(.text.main) refers to dcmp.o(i._dleq) for __aeabi_dcmple
    main.o(.text.main) refers to dcmp.o(i._dgr) for __aeabi_dcmpgt
    main.o(.text.main) refers to dc_motor.o(.text.dc_backwards) for dc_backwards
    main.o(.ARM.exidx.text.main) refers to main.o(.text.main) for [Anonymous Symbol]
    dc_motor.o(.text.init_dc_motor) refers to timers.o(.text.TIMA0_PWM_freq_init) for TIMA0_PWM_freq_init
    dc_motor.o(.text.init_dc_motor) refers to timers.o(.text.TIMA1_PWM_freq_init) for TIMA1_PWM_freq_init
    dc_motor.o(.ARM.exidx.text.init_dc_motor) refers to dc_motor.o(.text.init_dc_motor) for [Anonymous Symbol]
    dc_motor.o(.text.dc_forward) refers to timers.o(.text.TIMA0_PWM_DutyCycle) for TIMA0_PWM_DutyCycle
    dc_motor.o(.text.dc_forward) refers to timers.o(.text.TIMA1_PWM_DutyCycle) for TIMA1_PWM_DutyCycle
    dc_motor.o(.ARM.exidx.text.dc_forward) refers to dc_motor.o(.text.dc_forward) for [Anonymous Symbol]
    dc_motor.o(.text.dc_backwards) refers to timers.o(.text.TIMA0_PWM_DutyCycle) for TIMA0_PWM_DutyCycle
    dc_motor.o(.text.dc_backwards) refers to timers.o(.text.TIMA1_PWM_DutyCycle) for TIMA1_PWM_DutyCycle
    dc_motor.o(.ARM.exidx.text.dc_backwards) refers to dc_motor.o(.text.dc_backwards) for [Anonymous Symbol]
    startup_mspm0g350x_uvision.o(STACK) refers (Special) to heapauxi.o(.text) for __use_two_region_memory
    startup_mspm0g350x_uvision.o(HEAP) refers (Special) to heapauxi.o(.text) for __use_two_region_memory
    startup_mspm0g350x_uvision.o(RESET) refers (Special) to heapauxi.o(.text) for __use_two_region_memory
    startup_mspm0g350x_uvision.o(RESET) refers to startup_mspm0g350x_uvision.o(STACK) for __initial_sp
    startup_mspm0g350x_uvision.o(RESET) refers to startup_mspm0g350x_uvision.o(.text) for Reset_Handler
    startup_mspm0g350x_uvision.o(.text) refers (Special) to heapauxi.o(.text) for __use_two_region_memory
    startup_mspm0g350x_uvision.o(.text) refers to __main.o(!!!main) for __main
    startup_mspm0g350x_uvision.o(.text) refers to startup_mspm0g350x_uvision.o(HEAP) for Heap_Mem
    startup_mspm0g350x_uvision.o(.text) refers to startup_mspm0g350x_uvision.o(STACK) for Stack_Mem
    sysctl.o(.text.SYSCTL_SYSCLK_set) refers to sysctl.o(.data.SystemMasterClock) for [Anonymous Symbol]
    sysctl.o(.ARM.exidx.text.SYSCTL_SYSCLK_set) refers to sysctl.o(.text.SYSCTL_SYSCLK_set) for [Anonymous Symbol]
    sysctl.o(.text.SYSCTL_SYSCLK_getMCLK) refers to sysctl.o(.data.SystemMasterClock) for [Anonymous Symbol]
    sysctl.o(.ARM.exidx.text.SYSCTL_SYSCLK_getMCLK) refers to sysctl.o(.text.SYSCTL_SYSCLK_getMCLK) for [Anonymous Symbol]
    sysctl.o(.text.SYSCTL_SYSCLK_getULPCLK) refers to sysctl.o(.data.SystemMasterClock) for [Anonymous Symbol]
    sysctl.o(.ARM.exidx.text.SYSCTL_SYSCLK_getULPCLK) refers to sysctl.o(.text.SYSCTL_SYSCLK_getULPCLK) for [Anonymous Symbol]
    timers.o(.text.TIMG0_init) refers to timers.o(.text.__NVIC_EnableIRQ) for __NVIC_EnableIRQ
    timers.o(.ARM.exidx.text.TIMG0_init) refers to timers.o(.text.TIMG0_init) for [Anonymous Symbol]
    timers.o(.ARM.exidx.text.__NVIC_EnableIRQ) refers to timers.o(.text.__NVIC_EnableIRQ) for [Anonymous Symbol]
    timers.o(.text.TIMG6_init) refers to timers.o(.text.__NVIC_EnableIRQ) for __NVIC_EnableIRQ
    timers.o(.ARM.exidx.text.TIMG6_init) refers to timers.o(.text.TIMG6_init) for [Anonymous Symbol]
    timers.o(.text.TIMG12_init) refers to timers.o(.text.__NVIC_EnableIRQ) for __NVIC_EnableIRQ
    timers.o(.ARM.exidx.text.TIMG12_init) refers to timers.o(.text.TIMG12_init) for [Anonymous Symbol]
    timers.o(.text.TIMA0_PWM_init) refers to daddsub.o(.text) for __aeabi_dsub
    timers.o(.text.TIMA0_PWM_init) refers to dflti.o(.text) for __aeabi_ui2d
    timers.o(.text.TIMA0_PWM_init) refers to dmul.o(.text) for __aeabi_dmul
    timers.o(.text.TIMA0_PWM_init) refers to dfixui.o(.text) for __aeabi_d2uiz
    timers.o(.ARM.exidx.text.TIMA0_PWM_init) refers to timers.o(.text.TIMA0_PWM_init) for [Anonymous Symbol]
    timers.o(.text.TIMA0_PWM_freq_init) refers to sysctl.o(.text.SYSCTL_SYSCLK_getMCLK) for SYSCTL_SYSCLK_getMCLK
    timers.o(.text.TIMA0_PWM_freq_init) refers to aeabi_sdivfast.o(.text_divfast) for __aeabi_uidiv
    timers.o(.text.TIMA0_PWM_freq_init) refers to daddsub.o(.text) for __aeabi_dsub
    timers.o(.text.TIMA0_PWM_freq_init) refers to dflti.o(.text) for __aeabi_ui2d
    timers.o(.text.TIMA0_PWM_freq_init) refers to dmul.o(.text) for __aeabi_dmul
    timers.o(.text.TIMA0_PWM_freq_init) refers to dfixi.o(.text) for __aeabi_d2iz
    timers.o(.text.TIMA0_PWM_freq_init) refers to timers.o(.bss.global_period_tim0) for [Anonymous Symbol]
    timers.o(.ARM.exidx.text.TIMA0_PWM_freq_init) refers to timers.o(.text.TIMA0_PWM_freq_init) for [Anonymous Symbol]
    timers.o(.text.TIMA1_PWM_freq_init) refers to sysctl.o(.text.SYSCTL_SYSCLK_getMCLK) for SYSCTL_SYSCLK_getMCLK
    timers.o(.text.TIMA1_PWM_freq_init) refers to aeabi_sdivfast.o(.text_divfast) for __aeabi_uidiv
    timers.o(.text.TIMA1_PWM_freq_init) refers to daddsub.o(.text) for __aeabi_dsub
    timers.o(.text.TIMA1_PWM_freq_init) refers to dflti.o(.text) for __aeabi_ui2d
    timers.o(.text.TIMA1_PWM_freq_init) refers to dmul.o(.text) for __aeabi_dmul
    timers.o(.text.TIMA1_PWM_freq_init) refers to dfixi.o(.text) for __aeabi_d2iz
    timers.o(.text.TIMA1_PWM_freq_init) refers to timers.o(.bss.global_period_tim1) for [Anonymous Symbol]
    timers.o(.ARM.exidx.text.TIMA1_PWM_freq_init) refers to timers.o(.text.TIMA1_PWM_freq_init) for [Anonymous Symbol]
    timers.o(.text.TIMA1_PWM_init) refers to daddsub.o(.text) for __aeabi_dsub
    timers.o(.text.TIMA1_PWM_init) refers to dflti.o(.text) for __aeabi_ui2d
    timers.o(.text.TIMA1_PWM_init) refers to dmul.o(.text) for __aeabi_dmul
    timers.o(.text.TIMA1_PWM_init) refers to dfixui.o(.text) for __aeabi_d2uiz
    timers.o(.ARM.exidx.text.TIMA1_PWM_init) refers to timers.o(.text.TIMA1_PWM_init) for [Anonymous Symbol]
    timers.o(.text.TIMA0_PWM_DutyCycle) refers to daddsub.o(.text) for __aeabi_dsub
    timers.o(.text.TIMA0_PWM_DutyCycle) refers to dflti.o(.text) for __aeabi_ui2d
    timers.o(.text.TIMA0_PWM_DutyCycle) refers to dmul.o(.text) for __aeabi_dmul
    timers.o(.text.TIMA0_PWM_DutyCycle) refers to dfixi.o(.text) for __aeabi_d2iz
    timers.o(.text.TIMA0_PWM_DutyCycle) refers to timers.o(.bss.global_period_tim0) for [Anonymous Symbol]
    timers.o(.ARM.exidx.text.TIMA0_PWM_DutyCycle) refers to timers.o(.text.TIMA0_PWM_DutyCycle) for [Anonymous Symbol]
    timers.o(.text.TIMA1_PWM_DutyCycle) refers to daddsub.o(.text) for __aeabi_dsub
    timers.o(.text.TIMA1_PWM_DutyCycle) refers to dflti.o(.text) for __aeabi_ui2d
    timers.o(.text.TIMA1_PWM_DutyCycle) refers to dmul.o(.text) for __aeabi_dmul
    timers.o(.text.TIMA1_PWM_DutyCycle) refers to dfixi.o(.text) for __aeabi_d2iz
    timers.o(.text.TIMA1_PWM_DutyCycle) refers to timers.o(.bss.global_period_tim1) for [Anonymous Symbol]
    timers.o(.ARM.exidx.text.TIMA1_PWM_DutyCycle) refers to timers.o(.text.TIMA1_PWM_DutyCycle) for [Anonymous Symbol]
    __main.o(!!!main) refers to __rtentry.o(.ARM.Collect$$rtentry$$00000000) for __rt_entry
    daddsub.o(.text) refers (Special) to usenofp.o(x$fpl$usenofp) for __I$use$fp
    dcmp.o(i._deq) refers (Special) to usenofp.o(x$fpl$usenofp) for __I$use$fp
    dcmp.o(i._deq) refers to deqf.o(x$fpl$deqf) for _dcmpeq
    dcmp.o(i._dgeq) refers (Special) to usenofp.o(x$fpl$usenofp) for __I$use$fp
    dcmp.o(i._dgeq) refers to dgef.o(x$fpl$dgeqf) for _dcmpge
    dcmp.o(i._dgr) refers (Special) to usenofp.o(x$fpl$usenofp) for __I$use$fp
    dcmp.o(i._dgr) refers to dgef.o(x$fpl$dgeqf) for _dcmpge
    dcmp.o(i._dleq) refers (Special) to usenofp.o(x$fpl$usenofp) for __I$use$fp
    dcmp.o(i._dleq) refers to dlef.o(x$fpl$dleqf) for _dcmple
    dcmp.o(i._dls) refers (Special) to usenofp.o(x$fpl$usenofp) for __I$use$fp
    dcmp.o(i._dls) refers to dlef.o(x$fpl$dleqf) for _dcmple
    dcmp.o(i._dneq) refers (Special) to usenofp.o(x$fpl$usenofp) for __I$use$fp
    dcmp.o(i._dneq) refers to deqf.o(x$fpl$deqf) for _dcmpeq
    dfixi.o(.text) refers (Special) to usenofp.o(x$fpl$usenofp) for __I$use$fp
    dfixui.o(.text) refers (Special) to usenofp.o(x$fpl$usenofp) for __I$use$fp
    dflti.o(.text) refers (Special) to usenofp.o(x$fpl$usenofp) for __I$use$fp
    dmul.o(.text) refers (Special) to usenofp.o(x$fpl$usenofp) for __I$use$fp
    __rtentry.o(.ARM.Collect$$rtentry$$00000000) refers (Special) to __rtentry2.o(.ARM.Collect$$rtentry$$0000000A) for __rt_entry_li
    __rtentry.o(.ARM.Collect$$rtentry$$00000000) refers (Special) to __rtentry2.o(.ARM.Collect$$rtentry$$0000000D) for __rt_entry_main
    __rtentry.o(.ARM.Collect$$rtentry$$00000000) refers (Special) to __rtentry2.o(.ARM.Collect$$rtentry$$0000000C) for __rt_entry_postli_1
    __rtentry.o(.ARM.Collect$$rtentry$$00000000) refers (Special) to __rtentry2.o(.ARM.Collect$$rtentry$$00000009) for __rt_entry_postsh_1
    __rtentry.o(.ARM.Collect$$rtentry$$00000000) refers (Special) to __rtentry2.o(.ARM.Collect$$rtentry$$00000002) for __rt_entry_presh_1
    __rtentry.o(.ARM.Collect$$rtentry$$00000000) refers (Special) to __rtentry4.o(.ARM.Collect$$rtentry$$00000004) for __rt_entry_sh
    aeabi_idiv0_sigfpe.o(.text) refers to rt_div0.o(.text) for __rt_div0
    deqf.o(x$fpl$deqf) refers (Special) to usenofp.o(x$fpl$usenofp) for __I$use$fp
    deqf.o(x$fpl$deqf) refers to dcmpin.o(.text) for __fpl_dcmp_InfNaN
    dgef.o(x$fpl$dgeqf) refers (Special) to usenofp.o(x$fpl$usenofp) for __I$use$fp
    dgef.o(x$fpl$dgeqf) refers to dcmpin.o(.text) for __fpl_dcmp_InfNaN
    dlef.o(x$fpl$dleqf) refers (Special) to usenofp.o(x$fpl$usenofp) for __I$use$fp
    dlef.o(x$fpl$dleqf) refers to dcmpin.o(.text) for __fpl_dcmp_InfNaN
    __rtentry2.o(.ARM.Collect$$rtentry$$00000008) refers to boardinit2.o(.text) for _platform_post_stackheap_init
    __rtentry2.o(.ARM.Collect$$rtentry$$0000000A) refers to libinit.o(.ARM.Collect$$libinit$$00000000) for __rt_lib_init
    __rtentry2.o(.ARM.Collect$$rtentry$$0000000B) refers to boardinit3.o(.text) for _platform_post_lib_init
    __rtentry2.o(.ARM.Collect$$rtentry$$0000000D) refers to main.o(.text.main) for main
    __rtentry2.o(.ARM.Collect$$rtentry$$0000000D) refers to exit.o(.text) for exit
    __rtentry2.o(.ARM.exidx) refers to __rtentry2.o(.ARM.Collect$$rtentry$$00000001) for .ARM.Collect$$rtentry$$00000001
    __rtentry2.o(.ARM.exidx) refers to __rtentry2.o(.ARM.Collect$$rtentry$$00000008) for .ARM.Collect$$rtentry$$00000008
    __rtentry2.o(.ARM.exidx) refers to __rtentry2.o(.ARM.Collect$$rtentry$$0000000A) for .ARM.Collect$$rtentry$$0000000A
    __rtentry2.o(.ARM.exidx) refers to __rtentry2.o(.ARM.Collect$$rtentry$$0000000B) for .ARM.Collect$$rtentry$$0000000B
    __rtentry2.o(.ARM.exidx) refers to __rtentry2.o(.ARM.Collect$$rtentry$$0000000D) for .ARM.Collect$$rtentry$$0000000D
    __rtentry4.o(.ARM.Collect$$rtentry$$00000004) refers to sys_stackheap_outer.o(.text) for __user_setup_stackheap
    __rtentry4.o(.ARM.exidx) refers to __rtentry4.o(.ARM.Collect$$rtentry$$00000004) for .ARM.Collect$$rtentry$$00000004
    rt_div0.o(.text) refers to defsig_fpe_outer.o(.text) for __rt_SIGFPE
    dcmpin.o(.text) refers (Special) to usenofp.o(x$fpl$usenofp) for __I$use$fp
    dcmpin.o(.text) refers to cmpret.o(.text) for __fpl_cmpreturn
    dcmpin.o(.text) refers to dnan2.o(.text) for __fpl_dcheck_NaN2
    sys_stackheap_outer.o(.text) refers to libspace.o(.text) for __user_perproc_libspace
    sys_stackheap_outer.o(.text) refers to startup_mspm0g350x_uvision.o(.text) for __user_initial_stackheap
    sys_stackheap_outer.o(__vectab_stack_and_reset_area) refers to tempstk.o(.text) for __temporary_stack_top
    sys_stackheap_outer.o(__vectab_stack_and_reset_area) refers to __main.o(!!!main) for __main
    exit.o(.text) refers to rtexit.o(.ARM.Collect$$rtexit$$00000000) for __rt_exit
    defsig_fpe_outer.o(.text) refers to defsig_fpe_inner.o(.text) for __rt_SIGFPE_inner
    defsig_fpe_outer.o(.text) refers to defsig_exit.o(.text) for __sig_exit
    defsig_fpe_formal.o(.text) refers to rt_raise.o(.text) for __rt_raise
    libinit.o(.ARM.Collect$$libinit$$00000000) refers (Special) to libinit2.o(.ARM.Collect$$libinit$$0000002E) for __rt_lib_init_alloca_1
    libinit.o(.ARM.Collect$$libinit$$00000000) refers (Special) to libinit2.o(.ARM.Collect$$libinit$$0000002C) for __rt_lib_init_argv_1
    libinit.o(.ARM.Collect$$libinit$$00000000) refers (Special) to libinit2.o(.ARM.Collect$$libinit$$0000001B) for __rt_lib_init_atexit_1
    libinit.o(.ARM.Collect$$libinit$$00000000) refers (Special) to libinit2.o(.ARM.Collect$$libinit$$00000021) for __rt_lib_init_clock_1
    libinit.o(.ARM.Collect$$libinit$$00000000) refers (Special) to libinit2.o(.ARM.Collect$$libinit$$00000032) for __rt_lib_init_cpp_1
    libinit.o(.ARM.Collect$$libinit$$00000000) refers (Special) to libinit2.o(.ARM.Collect$$libinit$$00000030) for __rt_lib_init_exceptions_1
    libinit.o(.ARM.Collect$$libinit$$00000000) refers (Special) to libinit2.o(.ARM.Collect$$libinit$$00000002) for __rt_lib_init_fp_1
    libinit.o(.ARM.Collect$$libinit$$00000000) refers (Special) to libinit2.o(.ARM.Collect$$libinit$$0000001F) for __rt_lib_init_fp_trap_1
    libinit.o(.ARM.Collect$$libinit$$00000000) refers (Special) to libinit2.o(.ARM.Collect$$libinit$$00000023) for __rt_lib_init_getenv_1
    libinit.o(.ARM.Collect$$libinit$$00000000) refers (Special) to libinit2.o(.ARM.Collect$$libinit$$0000000A) for __rt_lib_init_heap_1
    libinit.o(.ARM.Collect$$libinit$$00000000) refers (Special) to libinit2.o(.ARM.Collect$$libinit$$00000011) for __rt_lib_init_lc_collate_1
    libinit.o(.ARM.Collect$$libinit$$00000000) refers (Special) to libinit2.o(.ARM.Collect$$libinit$$00000013) for __rt_lib_init_lc_ctype_1
    libinit.o(.ARM.Collect$$libinit$$00000000) refers (Special) to libinit2.o(.ARM.Collect$$libinit$$00000015) for __rt_lib_init_lc_monetary_1
    libinit.o(.ARM.Collect$$libinit$$00000000) refers (Special) to libinit2.o(.ARM.Collect$$libinit$$00000017) for __rt_lib_init_lc_numeric_1
    libinit.o(.ARM.Collect$$libinit$$00000000) refers (Special) to libinit2.o(.ARM.Collect$$libinit$$00000019) for __rt_lib_init_lc_time_1
    libinit.o(.ARM.Collect$$libinit$$00000000) refers (Special) to libinit2.o(.ARM.Collect$$libinit$$00000004) for __rt_lib_init_preinit_1
    libinit.o(.ARM.Collect$$libinit$$00000000) refers (Special) to libinit2.o(.ARM.Collect$$libinit$$0000000E) for __rt_lib_init_rand_1
    libinit.o(.ARM.Collect$$libinit$$00000000) refers (Special) to libinit2.o(.ARM.Collect$$libinit$$00000033) for __rt_lib_init_return
    libinit.o(.ARM.Collect$$libinit$$00000000) refers (Special) to libinit2.o(.ARM.Collect$$libinit$$0000001D) for __rt_lib_init_signal_1
    libinit.o(.ARM.Collect$$libinit$$00000000) refers (Special) to libinit2.o(.ARM.Collect$$libinit$$00000025) for __rt_lib_init_stdio_1
    libinit.o(.ARM.Collect$$libinit$$00000000) refers (Special) to libinit2.o(.ARM.Collect$$libinit$$0000000C) for __rt_lib_init_user_alloc_1
    cmpret.o(.text) refers (Special) to usenofp.o(x$fpl$usenofp) for __I$use$fp
    dnan2.o(.text) refers (Special) to usenofp.o(x$fpl$usenofp) for __I$use$fp
    dnan2.o(.text) refers to retnan.o(.text) for __fpl_return_NaN
    libspace.o(.text) refers to libspace.o(.bss) for __libspace_start
    rtexit.o(.ARM.Collect$$rtexit$$00000000) refers (Special) to rtexit2.o(.ARM.Collect$$rtexit$$00000004) for __rt_exit_exit
    rtexit.o(.ARM.Collect$$rtexit$$00000000) refers (Special) to rtexit2.o(.ARM.Collect$$rtexit$$00000003) for __rt_exit_ls
    rtexit.o(.ARM.Collect$$rtexit$$00000000) refers (Special) to rtexit2.o(.ARM.Collect$$rtexit$$00000002) for __rt_exit_prels_1
    rtexit.o(.ARM.exidx) refers (Special) to rtexit2.o(.ARM.Collect$$rtexit$$00000004) for __rt_exit_exit
    rtexit.o(.ARM.exidx) refers (Special) to rtexit2.o(.ARM.Collect$$rtexit$$00000003) for __rt_exit_ls
    rtexit.o(.ARM.exidx) refers (Special) to rtexit2.o(.ARM.Collect$$rtexit$$00000002) for __rt_exit_prels_1
    rtexit.o(.ARM.exidx) refers to rtexit.o(.ARM.Collect$$rtexit$$00000000) for .ARM.Collect$$rtexit$$00000000
    rt_raise.o(.text) refers to __raise.o(.text) for __raise
    rt_raise.o(.text) refers to sys_exit.o(.text) for _sys_exit
    defsig_exit.o(.text) refers to sys_exit.o(.text) for _sys_exit
    defsig_fpe_inner.o(.text) refers to defsig_general.o(.text) for __default_signal_display
    libinit2.o(.ARM.Collect$$libinit$$00000010) refers to libinit2.o(.ARM.Collect$$libinit$$0000000F) for .ARM.Collect$$libinit$$0000000F
    libinit2.o(.ARM.Collect$$libinit$$00000012) refers to libinit2.o(.ARM.Collect$$libinit$$0000000F) for .ARM.Collect$$libinit$$0000000F
    libinit2.o(.ARM.Collect$$libinit$$00000014) refers to libinit2.o(.ARM.Collect$$libinit$$0000000F) for .ARM.Collect$$libinit$$0000000F
    libinit2.o(.ARM.Collect$$libinit$$00000016) refers to libinit2.o(.ARM.Collect$$libinit$$0000000F) for .ARM.Collect$$libinit$$0000000F
    libinit2.o(.ARM.Collect$$libinit$$00000018) refers to libinit2.o(.ARM.Collect$$libinit$$0000000F) for .ARM.Collect$$libinit$$0000000F
    libinit2.o(.ARM.Collect$$libinit$$00000026) refers to argv_veneer.o(.text) for __ARM_argv_veneer
    libinit2.o(.ARM.Collect$$libinit$$00000027) refers to argv_veneer.o(.text) for __ARM_argv_veneer
    retnan.o(.text) refers (Special) to usenofp.o(x$fpl$usenofp) for __I$use$fp
    retnan.o(.text) refers to cmpret.o(.text) for __fpl_cmpreturn
    sys_exit.o(.text) refers (Special) to use_no_semi.o(.text) for __I$use$semihosting
    sys_exit.o(.text) refers (Special) to indicate_semi.o(.text) for __semihosting_library_function
    sys_exit_hlt.o(.text) refers (Special) to use_no_semi.o(.text) for __I$use$semihosting
    sys_exit_hlt.o(.text) refers (Special) to indicate_semi.o(.text) for __semihosting_library_function
    rtexit2.o(.ARM.Collect$$rtexit$$00000003) refers to libshutdown.o(.ARM.Collect$$libshutdown$$00000000) for __rt_lib_shutdown
    rtexit2.o(.ARM.Collect$$rtexit$$00000004) refers to sys_exit.o(.text) for _sys_exit
    rtexit2.o(.ARM.exidx) refers to rtexit2.o(.ARM.Collect$$rtexit$$00000001) for .ARM.Collect$$rtexit$$00000001
    rtexit2.o(.ARM.exidx) refers to rtexit2.o(.ARM.Collect$$rtexit$$00000003) for .ARM.Collect$$rtexit$$00000003
    rtexit2.o(.ARM.exidx) refers to rtexit2.o(.ARM.Collect$$rtexit$$00000004) for .ARM.Collect$$rtexit$$00000004
    __raise.o(.text) refers to defsig.o(CL$$defsig) for __default_signal_handler
    defsig_general.o(.text) refers to sys_wrch.o(.text) for _ttywrch
    sys_wrch.o(.text) refers (Special) to use_no_semi.o(.text) for __I$use$semihosting
    sys_wrch.o(.text) refers (Special) to indicate_semi.o(.text) for __semihosting_library_function
    sys_wrch_hlt.o(.text) refers (Special) to use_no_semi.o(.text) for __I$use$semihosting
    sys_wrch_hlt.o(.text) refers (Special) to indicate_semi.o(.text) for __semihosting_library_function
    defsig.o(CL$$defsig) refers to defsig_fpe_inner.o(.text) for __rt_SIGFPE_inner
    defsig.o(CL$$defsig) refers to defsig_rtmem_inner.o(.text) for __rt_SIGRTMEM_inner
    _get_argv_nomalloc.o(.text) refers (Special) to hrguard.o(.text) for __heap_region$guard
    _get_argv_nomalloc.o(.text) refers to defsig_rtmem_outer.o(.text) for __rt_SIGRTMEM
    _get_argv_nomalloc.o(.text) refers to sys_command.o(.text) for _sys_command_string
    libshutdown.o(.ARM.Collect$$libshutdown$$00000000) refers (Special) to libshutdown2.o(.ARM.Collect$$libshutdown$$00000002) for __rt_lib_shutdown_cpp_1
    libshutdown.o(.ARM.Collect$$libshutdown$$00000000) refers (Special) to libshutdown2.o(.ARM.Collect$$libshutdown$$00000007) for __rt_lib_shutdown_fp_trap_1
    libshutdown.o(.ARM.Collect$$libshutdown$$00000000) refers (Special) to libshutdown2.o(.ARM.Collect$$libshutdown$$0000000F) for __rt_lib_shutdown_heap_1
    libshutdown.o(.ARM.Collect$$libshutdown$$00000000) refers (Special) to libshutdown2.o(.ARM.Collect$$libshutdown$$00000010) for __rt_lib_shutdown_return
    libshutdown.o(.ARM.Collect$$libshutdown$$00000000) refers (Special) to libshutdown2.o(.ARM.Collect$$libshutdown$$0000000A) for __rt_lib_shutdown_signal_1
    libshutdown.o(.ARM.Collect$$libshutdown$$00000000) refers (Special) to libshutdown2.o(.ARM.Collect$$libshutdown$$00000004) for __rt_lib_shutdown_stdio_1
    libshutdown.o(.ARM.Collect$$libshutdown$$00000000) refers (Special) to libshutdown2.o(.ARM.Collect$$libshutdown$$0000000C) for __rt_lib_shutdown_user_alloc_1
    sys_command.o(.text) refers (Special) to use_no_semi.o(.text) for __I$use$semihosting
    sys_command.o(.text) refers (Special) to indicate_semi.o(.text) for __semihosting_library_function
    sys_command_hlt.o(.text) refers (Special) to use_no_semi.o(.text) for __I$use$semihosting
    sys_command_hlt.o(.text) refers (Special) to indicate_semi.o(.text) for __semihosting_library_function
    defsig_abrt_inner.o(.text) refers to defsig_general.o(.text) for __default_signal_display
    defsig_rtred_inner.o(.text) refers to defsig_general.o(.text) for __default_signal_display
    defsig_rtmem_inner.o(.text) refers to defsig_general.o(.text) for __default_signal_display
    defsig_rtmem_outer.o(.text) refers to defsig_rtmem_inner.o(.text) for __rt_SIGRTMEM_inner
    defsig_rtmem_outer.o(.text) refers to defsig_exit.o(.text) for __sig_exit
    defsig_rtmem_formal.o(.text) refers to rt_raise.o(.text) for __rt_raise
    defsig_stak_inner.o(.text) refers to defsig_general.o(.text) for __default_signal_display
    defsig_pvfn_inner.o(.text) refers to defsig_general.o(.text) for __default_signal_display
    defsig_cppl_inner.o(.text) refers to defsig_general.o(.text) for __default_signal_display
    defsig_segv_inner.o(.text) refers to defsig_general.o(.text) for __default_signal_display
    defsig_other.o(.text) refers to defsig_general.o(.text) for __default_signal_display


==============================================================================

Removing Unused input sections from the image.

    Removing main.o(.text), (0 bytes).
    Removing main.o(.ARM.exidx.text.delay), (8 bytes).
    Removing main.o(.text.init_stepper_motor), (160 bytes).
    Removing main.o(.ARM.exidx.text.init_stepper_motor), (8 bytes).
    Removing main.o(.text.spin_stepper), (156 bytes).
    Removing main.o(.ARM.exidx.text.spin_stepper), (8 bytes).
    Removing main.o(.ARM.exidx.text.main), (8 bytes).
    Removing main.o(.ARM.use_no_argv), (4 bytes).
    Removing dc_motor.o(.text), (0 bytes).
    Removing dc_motor.o(.ARM.exidx.text.init_dc_motor), (8 bytes).
    Removing dc_motor.o(.ARM.exidx.text.dc_forward), (8 bytes).
    Removing dc_motor.o(.ARM.exidx.text.dc_backwards), (8 bytes).
    Removing sysctl.o(.text), (0 bytes).
    Removing sysctl.o(.text.SYSCTL_SYSCLK_set), (328 bytes).
    Removing sysctl.o(.ARM.exidx.text.SYSCTL_SYSCLK_set), (8 bytes).
    Removing sysctl.o(.ARM.exidx.text.SYSCTL_SYSCLK_getMCLK), (8 bytes).
    Removing sysctl.o(.text.SYSCTL_SYSCLK_getULPCLK), (32 bytes).
    Removing sysctl.o(.ARM.exidx.text.SYSCTL_SYSCLK_getULPCLK), (8 bytes).
    Removing timers.o(.text), (0 bytes).
    Removing timers.o(.text.TIMG0_init), (116 bytes).
    Removing timers.o(.ARM.exidx.text.TIMG0_init), (8 bytes).
    Removing timers.o(.text.__NVIC_EnableIRQ), (24 bytes).
    Removing timers.o(.ARM.exidx.text.__NVIC_EnableIRQ), (8 bytes).
    Removing timers.o(.text.TIMG6_init), (116 bytes).
    Removing timers.o(.ARM.exidx.text.TIMG6_init), (8 bytes).
    Removing timers.o(.text.TIMG12_init), (112 bytes).
    Removing timers.o(.ARM.exidx.text.TIMG12_init), (8 bytes).
    Removing timers.o(.text.TIMA0_PWM_init), (388 bytes).
    Removing timers.o(.ARM.exidx.text.TIMA0_PWM_init), (8 bytes).
    Removing timers.o(.ARM.exidx.text.TIMA0_PWM_freq_init), (8 bytes).
    Removing timers.o(.ARM.exidx.text.TIMA1_PWM_freq_init), (8 bytes).
    Removing timers.o(.text.TIMA1_PWM_init), (216 bytes).
    Removing timers.o(.ARM.exidx.text.TIMA1_PWM_init), (8 bytes).
    Removing timers.o(.ARM.exidx.text.TIMA0_PWM_DutyCycle), (8 bytes).
    Removing timers.o(.ARM.exidx.text.TIMA1_PWM_DutyCycle), (8 bytes).

35 unused section(s) (total 1812 bytes) removed from the image.

==============================================================================

Image Symbol Table

    Local Symbols

    Symbol Name                              Value     Ov Type        Size  Object(Section)

    ../clib/angel/boardlib.s                 0x00000000   Number         0  boardinit1.o ABSOLUTE
    ../clib/angel/boardlib.s                 0x00000000   Number         0  boardinit2.o ABSOLUTE
    ../clib/angel/boardlib.s                 0x00000000   Number         0  boardinit3.o ABSOLUTE
    ../clib/angel/boardlib.s                 0x00000000   Number         0  boardshut.o ABSOLUTE
    ../clib/angel/handlers.s                 0x00000000   Number         0  __scatter_copy.o ABSOLUTE
    ../clib/angel/handlers.s                 0x00000000   Number         0  __scatter_zi.o ABSOLUTE
    ../clib/angel/kernel.s                   0x00000000   Number         0  __rtentry.o ABSOLUTE
    ../clib/angel/kernel.s                   0x00000000   Number         0  __rtentry2.o ABSOLUTE
    ../clib/angel/kernel.s                   0x00000000   Number         0  __rtentry4.o ABSOLUTE
    ../clib/angel/kernel.s                   0x00000000   Number         0  rtexit.o ABSOLUTE
    ../clib/angel/kernel.s                   0x00000000   Number         0  rtexit2.o ABSOLUTE
    ../clib/angel/rt.s                       0x00000000   Number         0  aeabi_idiv0.o ABSOLUTE
    ../clib/angel/rt.s                       0x00000000   Number         0  aeabi_idiv0_sigfpe.o ABSOLUTE
    ../clib/angel/rt.s                       0x00000000   Number         0  rt_div0.o ABSOLUTE
    ../clib/angel/rt.s                       0x00000000   Number         0  rt_raise.o ABSOLUTE
    ../clib/angel/scatterp.s                 0x00000000   Number         0  __scatter.o ABSOLUTE
    ../clib/angel/startup.s                  0x00000000   Number         0  __main.o ABSOLUTE
    ../clib/angel/sys.s                      0x00000000   Number         0  sys_stackheap_outer.o ABSOLUTE
    ../clib/angel/sys.s                      0x00000000   Number         0  libspace.o ABSOLUTE
    ../clib/angel/sys.s                      0x00000000   Number         0  tempstk.o ABSOLUTE
    ../clib/angel/sys.s                      0x00000000   Number         0  use_no_semi.o ABSOLUTE
    ../clib/angel/sys.s                      0x00000000   Number         0  indicate_semi.o ABSOLUTE
    ../clib/angel/sysapp.c                   0x00000000   Number         0  sys_exit.o ABSOLUTE
    ../clib/angel/sysapp.c                   0x00000000   Number         0  sys_exit_hlt.o ABSOLUTE
    ../clib/angel/sysapp.c                   0x00000000   Number         0  sys_wrch.o ABSOLUTE
    ../clib/angel/sysapp.c                   0x00000000   Number         0  sys_wrch_hlt.o ABSOLUTE
    ../clib/angel/sysapp.c                   0x00000000   Number         0  sys_command.o ABSOLUTE
    ../clib/angel/sysapp.c                   0x00000000   Number         0  sys_command_hlt.o ABSOLUTE
    ../clib/armsys.c                         0x00000000   Number         0  argv_veneer.o ABSOLUTE
    ../clib/armsys.c                         0x00000000   Number         0  _get_argv_nomalloc.o ABSOLUTE
    ../clib/armsys.c                         0x00000000   Number         0  no_argv.o ABSOLUTE
    ../clib/division.s                       0x00000000   Number         0  aeabi_sdivfast.o ABSOLUTE
    ../clib/division.s                       0x00000000   Number         0  aeabi_sdivfast_div0.o ABSOLUTE
    ../clib/heapalloc.c                      0x00000000   Number         0  hrguard.o ABSOLUTE
    ../clib/heapaux.c                        0x00000000   Number         0  heapauxi.o ABSOLUTE
    ../clib/libinit.s                        0x00000000   Number         0  libinit.o ABSOLUTE
    ../clib/libinit.s                        0x00000000   Number         0  libinit2.o ABSOLUTE
    ../clib/libinit.s                        0x00000000   Number         0  libshutdown.o ABSOLUTE
    ../clib/libinit.s                        0x00000000   Number         0  libshutdown2.o ABSOLUTE
    ../clib/signal.c                         0x00000000   Number         0  defsig_fpe_outer.o ABSOLUTE
    ../clib/signal.c                         0x00000000   Number         0  defsig_fpe_formal.o ABSOLUTE
    ../clib/signal.c                         0x00000000   Number         0  defsig_exit.o ABSOLUTE
    ../clib/signal.c                         0x00000000   Number         0  defsig_fpe_inner.o ABSOLUTE
    ../clib/signal.c                         0x00000000   Number         0  __raise.o ABSOLUTE
    ../clib/signal.c                         0x00000000   Number         0  defsig_general.o ABSOLUTE
    ../clib/signal.c                         0x00000000   Number         0  defsig_abrt_inner.o ABSOLUTE
    ../clib/signal.c                         0x00000000   Number         0  defsig_rtred_inner.o ABSOLUTE
    ../clib/signal.c                         0x00000000   Number         0  defsig_rtmem_inner.o ABSOLUTE
    ../clib/signal.c                         0x00000000   Number         0  defsig_rtmem_outer.o ABSOLUTE
    ../clib/signal.c                         0x00000000   Number         0  defsig_rtmem_formal.o ABSOLUTE
    ../clib/signal.c                         0x00000000   Number         0  defsig_stak_inner.o ABSOLUTE
    ../clib/signal.c                         0x00000000   Number         0  defsig_pvfn_inner.o ABSOLUTE
    ../clib/signal.c                         0x00000000   Number         0  defsig_cppl_inner.o ABSOLUTE
    ../clib/signal.c                         0x00000000   Number         0  defsig_segv_inner.o ABSOLUTE
    ../clib/signal.c                         0x00000000   Number         0  defsig_other.o ABSOLUTE
    ../clib/signal.s                         0x00000000   Number         0  defsig.o ABSOLUTE
    ../clib/stdlib.c                         0x00000000   Number         0  exit.o ABSOLUTE
    ../fplib/cfplib/cmp.c                    0x00000000   Number         0  dcmp.o ABSOLUTE
    ../fplib/cfplib/cmpret.c                 0x00000000   Number         0  cmpret.o ABSOLUTE
    ../fplib/cfplib/daddsub.c                0x00000000   Number         0  daddsub.o ABSOLUTE
    ../fplib/cfplib/dcmpin.c                 0x00000000   Number         0  dcmpin.o ABSOLUTE
    ../fplib/cfplib/dmul.c                   0x00000000   Number         0  dmul.o ABSOLUTE
    ../fplib/cfplib/ffix.c                   0x00000000   Number         0  dfixi.o ABSOLUTE
    ../fplib/cfplib/ffix.c                   0x00000000   Number         0  dfixui.o ABSOLUTE
    ../fplib/cfplib/fflt.c                   0x00000000   Number         0  dflti.o ABSOLUTE
    ../fplib/cfplib/fpinit.c                 0x00000000   Number         0  fpinit.o ABSOLUTE
    ../fplib/cfplib/nan2.c                   0x00000000   Number         0  dnan2.o ABSOLUTE
    ../fplib/cfplib/retnan.c                 0x00000000   Number         0  retnan.o ABSOLUTE
    ../fplib/deqf6m.s                        0x00000000   Number         0  deqf.o ABSOLUTE
    ../fplib/dgeqf6m.s                       0x00000000   Number         0  dgef.o ABSOLUTE
    ../fplib/dleqf6m.s                       0x00000000   Number         0  dlef.o ABSOLUTE
    ../fplib/usenofp.s                       0x00000000   Number         0  usenofp.o ABSOLUTE
    ../source/ti/devices/msp/m0p/startup_system_files/keil/startup_mspm0g350x_uvision.s 0x00000000   Number         0  startup_mspm0g350x_uvision.o ABSOLUTE
    DC_motor.c                               0x00000000   Number         0  dc_motor.o ABSOLUTE
    dc.s                                     0x00000000   Number         0  dc.o ABSOLUTE
    main.c                                   0x00000000   Number         0  main.o ABSOLUTE
    sysctl.c                                 0x00000000   Number         0  sysctl.o ABSOLUTE
    timers.c                                 0x00000000   Number         0  timers.o ABSOLUTE
    RESET                                    0x00000000   Section      192  startup_mspm0g350x_uvision.o(RESET)
    !!!main                                  0x000000c0   Section        8  __main.o(!!!main)
    !!!scatter                               0x000000c8   Section       60  __scatter.o(!!!scatter)
    !!handler_copy                           0x00000108   Section       26  __scatter_copy.o(!!handler_copy)
    !!handler_zi                             0x00000128   Section       28  __scatter_zi.o(!!handler_zi)
    .ARM.Collect$$libinit$$00000000          0x00000144   Section        2  libinit.o(.ARM.Collect$$libinit$$00000000)
    .ARM.Collect$$libinit$$00000002          0x00000146   Section        0  libinit2.o(.ARM.Collect$$libinit$$00000002)
    .ARM.Collect$$libinit$$00000004          0x00000146   Section        0  libinit2.o(.ARM.Collect$$libinit$$00000004)
    .ARM.Collect$$libinit$$0000000A          0x00000146   Section        0  libinit2.o(.ARM.Collect$$libinit$$0000000A)
    .ARM.Collect$$libinit$$0000000C          0x00000146   Section        0  libinit2.o(.ARM.Collect$$libinit$$0000000C)
    .ARM.Collect$$libinit$$0000000E          0x00000146   Section        0  libinit2.o(.ARM.Collect$$libinit$$0000000E)
    .ARM.Collect$$libinit$$00000011          0x00000146   Section        0  libinit2.o(.ARM.Collect$$libinit$$00000011)
    .ARM.Collect$$libinit$$00000013          0x00000146   Section        0  libinit2.o(.ARM.Collect$$libinit$$00000013)
    .ARM.Collect$$libinit$$00000015          0x00000146   Section        0  libinit2.o(.ARM.Collect$$libinit$$00000015)
    .ARM.Collect$$libinit$$00000017          0x00000146   Section        0  libinit2.o(.ARM.Collect$$libinit$$00000017)
    .ARM.Collect$$libinit$$00000019          0x00000146   Section        0  libinit2.o(.ARM.Collect$$libinit$$00000019)
    .ARM.Collect$$libinit$$0000001B          0x00000146   Section        0  libinit2.o(.ARM.Collect$$libinit$$0000001B)
    .ARM.Collect$$libinit$$0000001D          0x00000146   Section        0  libinit2.o(.ARM.Collect$$libinit$$0000001D)
    .ARM.Collect$$libinit$$0000001F          0x00000146   Section        0  libinit2.o(.ARM.Collect$$libinit$$0000001F)
    .ARM.Collect$$libinit$$00000021          0x00000146   Section        0  libinit2.o(.ARM.Collect$$libinit$$00000021)
    .ARM.Collect$$libinit$$00000023          0x00000146   Section        0  libinit2.o(.ARM.Collect$$libinit$$00000023)
    .ARM.Collect$$libinit$$00000025          0x00000146   Section        0  libinit2.o(.ARM.Collect$$libinit$$00000025)
    .ARM.Collect$$libinit$$0000002C          0x00000146   Section        0  libinit2.o(.ARM.Collect$$libinit$$0000002C)
    .ARM.Collect$$libinit$$0000002E          0x00000146   Section        0  libinit2.o(.ARM.Collect$$libinit$$0000002E)
    .ARM.Collect$$libinit$$00000030          0x00000146   Section        0  libinit2.o(.ARM.Collect$$libinit$$00000030)
    .ARM.Collect$$libinit$$00000032          0x00000146   Section        0  libinit2.o(.ARM.Collect$$libinit$$00000032)
    .ARM.Collect$$libinit$$00000033          0x00000146   Section        2  libinit2.o(.ARM.Collect$$libinit$$00000033)
    .ARM.Collect$$libshutdown$$00000000      0x00000148   Section        2  libshutdown.o(.ARM.Collect$$libshutdown$$00000000)
    .ARM.Collect$$libshutdown$$00000002      0x0000014a   Section        0  libshutdown2.o(.ARM.Collect$$libshutdown$$00000002)
    .ARM.Collect$$libshutdown$$00000004      0x0000014a   Section        0  libshutdown2.o(.ARM.Collect$$libshutdown$$00000004)
    .ARM.Collect$$libshutdown$$00000007      0x0000014a   Section        0  libshutdown2.o(.ARM.Collect$$libshutdown$$00000007)
    .ARM.Collect$$libshutdown$$0000000A      0x0000014a   Section        0  libshutdown2.o(.ARM.Collect$$libshutdown$$0000000A)
    .ARM.Collect$$libshutdown$$0000000C      0x0000014a   Section        0  libshutdown2.o(.ARM.Collect$$libshutdown$$0000000C)
    .ARM.Collect$$libshutdown$$0000000F      0x0000014a   Section        0  libshutdown2.o(.ARM.Collect$$libshutdown$$0000000F)
    .ARM.Collect$$libshutdown$$00000010      0x0000014a   Section        2  libshutdown2.o(.ARM.Collect$$libshutdown$$00000010)
    .ARM.Collect$$rtentry$$00000000          0x0000014c   Section        0  __rtentry.o(.ARM.Collect$$rtentry$$00000000)
    .ARM.Collect$$rtentry$$00000002          0x0000014c   Section        0  __rtentry2.o(.ARM.Collect$$rtentry$$00000002)
    .ARM.Collect$$rtentry$$00000004          0x0000014c   Section        6  __rtentry4.o(.ARM.Collect$$rtentry$$00000004)
    .ARM.Collect$$rtentry$$00000009          0x00000152   Section        0  __rtentry2.o(.ARM.Collect$$rtentry$$00000009)
    .ARM.Collect$$rtentry$$0000000A          0x00000152   Section        4  __rtentry2.o(.ARM.Collect$$rtentry$$0000000A)
    .ARM.Collect$$rtentry$$0000000C          0x00000156   Section        0  __rtentry2.o(.ARM.Collect$$rtentry$$0000000C)
    .ARM.Collect$$rtentry$$0000000D          0x00000156   Section        8  __rtentry2.o(.ARM.Collect$$rtentry$$0000000D)
    .ARM.Collect$$rtexit$$00000000           0x0000015e   Section        2  rtexit.o(.ARM.Collect$$rtexit$$00000000)
    .ARM.Collect$$rtexit$$00000002           0x00000160   Section        0  rtexit2.o(.ARM.Collect$$rtexit$$00000002)
    .ARM.Collect$$rtexit$$00000003           0x00000160   Section        4  rtexit2.o(.ARM.Collect$$rtexit$$00000003)
    .ARM.Collect$$rtexit$$00000004           0x00000164   Section        6  rtexit2.o(.ARM.Collect$$rtexit$$00000004)
    .text                                    0x0000016c   Section       48  startup_mspm0g350x_uvision.o(.text)
    .text                                    0x0000019c   Section        0  heapauxi.o(.text)
    _dadd1                                   0x000001a5   Thumb Code   290  daddsub.o(.text)
    .text                                    0x000001a4   Section        0  daddsub.o(.text)
    _dsub1                                   0x000002c7   Thumb Code   470  daddsub.o(.text)
    .text                                    0x000004fc   Section        0  dfixi.o(.text)
    .text                                    0x00000568   Section        0  dflti.o(.text)
    .text                                    0x000005c0   Section        0  dmul.o(.text)
    .text                                    0x00000808   Section        0  dcmpin.o(.text)
    .text                                    0x000008a8   Section       62  sys_stackheap_outer.o(.text)
    .text                                    0x000008e6   Section        0  exit.o(.text)
    .text                                    0x000008f6   Section        0  cmpret.o(.text)
    .text                                    0x00000924   Section        0  dnan2.o(.text)
    .text                                    0x00000938   Section        8  libspace.o(.text)
    .text                                    0x00000940   Section        0  retnan.o(.text)
    .text                                    0x000009a0   Section        0  sys_exit.o(.text)
    .text                                    0x000009ac   Section        2  use_no_semi.o(.text)
    .text                                    0x000009ae   Section        0  indicate_semi.o(.text)
    [Anonymous Symbol]                       0x000009b0   Section        0  sysctl.o(.text.SYSCTL_SYSCLK_getMCLK)
    __arm_cp.1_0                             0x000009b8   Number         4  sysctl.o(.text.SYSCTL_SYSCLK_getMCLK)
    [Anonymous Symbol]                       0x000009bc   Section        0  timers.o(.text.TIMA0_PWM_DutyCycle)
    __arm_cp.8_2                             0x00000a78   Number         4  timers.o(.text.TIMA0_PWM_DutyCycle)
    [Anonymous Symbol]                       0x00000a7c   Section        0  timers.o(.text.TIMA0_PWM_freq_init)
    __arm_cp.5_0                             0x00000c6c   Number         4  timers.o(.text.TIMA0_PWM_freq_init)
    __arm_cp.5_1                             0x00000c70   Number         4  timers.o(.text.TIMA0_PWM_freq_init)
    __arm_cp.5_2                             0x00000c74   Number         4  timers.o(.text.TIMA0_PWM_freq_init)
    __arm_cp.5_3                             0x00000c78   Number         4  timers.o(.text.TIMA0_PWM_freq_init)
    __arm_cp.5_4                             0x00000c7c   Number         4  timers.o(.text.TIMA0_PWM_freq_init)
    __arm_cp.5_5                             0x00000c80   Number         4  timers.o(.text.TIMA0_PWM_freq_init)
    __arm_cp.5_6                             0x00000c84   Number         4  timers.o(.text.TIMA0_PWM_freq_init)
    __arm_cp.5_7                             0x00000c88   Number         4  timers.o(.text.TIMA0_PWM_freq_init)
    __arm_cp.5_9                             0x00000c8c   Number         4  timers.o(.text.TIMA0_PWM_freq_init)
    [Anonymous Symbol]                       0x00000c90   Section        0  timers.o(.text.TIMA1_PWM_DutyCycle)
    __arm_cp.9_0                             0x00000d4c   Number         4  timers.o(.text.TIMA1_PWM_DutyCycle)
    __arm_cp.9_2                             0x00000d50   Number         4  timers.o(.text.TIMA1_PWM_DutyCycle)
    [Anonymous Symbol]                       0x00000d54   Section        0  timers.o(.text.TIMA1_PWM_freq_init)
    __arm_cp.6_0                             0x00000f48   Number         4  timers.o(.text.TIMA1_PWM_freq_init)
    __arm_cp.6_1                             0x00000f4c   Number         4  timers.o(.text.TIMA1_PWM_freq_init)
    __arm_cp.6_2                             0x00000f50   Number         4  timers.o(.text.TIMA1_PWM_freq_init)
    __arm_cp.6_3                             0x00000f54   Number         4  timers.o(.text.TIMA1_PWM_freq_init)
    __arm_cp.6_4                             0x00000f58   Number         4  timers.o(.text.TIMA1_PWM_freq_init)
    __arm_cp.6_5                             0x00000f5c   Number         4  timers.o(.text.TIMA1_PWM_freq_init)
    __arm_cp.6_6                             0x00000f60   Number         4  timers.o(.text.TIMA1_PWM_freq_init)
    __arm_cp.6_7                             0x00000f64   Number         4  timers.o(.text.TIMA1_PWM_freq_init)
    __arm_cp.6_8                             0x00000f68   Number         4  timers.o(.text.TIMA1_PWM_freq_init)
    __arm_cp.6_9                             0x00000f6c   Number         4  timers.o(.text.TIMA1_PWM_freq_init)
    [Anonymous Symbol]                       0x00000f70   Section        0  dc_motor.o(.text.dc_backwards)
    [Anonymous Symbol]                       0x00000f8c   Section        0  dc_motor.o(.text.dc_forward)
    [Anonymous Symbol]                       0x00000fa6   Section        0  main.o(.text.delay)
    [Anonymous Symbol]                       0x00000fd2   Section        0  dc_motor.o(.text.init_dc_motor)
    [Anonymous Symbol]                       0x00000ff0   Section        0  main.o(.text.main)
    __arm_cp.3_0                             0x000010f8   Number         4  main.o(.text.main)
    __arm_cp.3_1                             0x000010fc   Number         4  main.o(.text.main)
    __arm_cp.3_2                             0x00001100   Number         4  main.o(.text.main)
    __arm_cp.3_3                             0x00001104   Number         4  main.o(.text.main)
    __arm_cp.3_4                             0x00001108   Number         4  main.o(.text.main)
    __arm_cp.3_5                             0x0000110c   Number         4  main.o(.text.main)
    __arm_cp.3_6                             0x00001110   Number         4  main.o(.text.main)
    .text_divfast                            0x00001114   Section      502  aeabi_sdivfast.o(.text_divfast)
    i._dgeq                                  0x0000130a   Section        0  dcmp.o(i._dgeq)
    i._dgr                                   0x00001320   Section        0  dcmp.o(i._dgr)
    i._dleq                                  0x00001336   Section        0  dcmp.o(i._dleq)
    i._dls                                   0x00001350   Section        0  dcmp.o(i._dls)
    x$fpl$dgeqf                              0x00001368   Section      100  dgef.o(x$fpl$dgeqf)
    x$fpl$dleqf                              0x000013cc   Section      100  dlef.o(x$fpl$dleqf)
    x$fpl$usenofp                            0x00001430   Section        0  usenofp.o(x$fpl$usenofp)
    SystemMasterClock                        0x20200000   Data           4  sysctl.o(.data.SystemMasterClock)
    [Anonymous Symbol]                       0x20200000   Section        0  sysctl.o(.data.SystemMasterClock)
    .bss                                     0x20200008   Section       96  libspace.o(.bss)
    global_period_tim0                       0x20200068   Data           2  timers.o(.bss.global_period_tim0)
    [Anonymous Symbol]                       0x20200068   Section        0  timers.o(.bss.global_period_tim0)
    global_period_tim1                       0x2020006a   Data           2  timers.o(.bss.global_period_tim1)
    [Anonymous Symbol]                       0x2020006a   Section        0  timers.o(.bss.global_period_tim1)
    Heap_Mem                                 0x20200070   Data         512  startup_mspm0g350x_uvision.o(HEAP)
    HEAP                                     0x20200070   Section      512  startup_mspm0g350x_uvision.o(HEAP)
    Stack_Mem                                0x20200270   Data         512  startup_mspm0g350x_uvision.o(STACK)
    STACK                                    0x20200270   Section      512  startup_mspm0g350x_uvision.o(STACK)
    __initial_sp                             0x20200470   Data           0  startup_mspm0g350x_uvision.o(STACK)

    Global Symbols

    Symbol Name                              Value     Ov Type        Size  Object(Section)

    BuildAttributes$$THM_ISAv3M$S$PE$A:L22$X:L11$S22$IEEE1$IW$~IW$USESV6$~STKCKD$USESV7$~SHL$OTIME$ROPI$EBA8$UX$STANDARDLIB$REQ8$PRES8$EABIv2 0x00000000   Number         0  anon$$obj.o ABSOLUTE
    __Vectors                                0x00000000   Data           4  startup_mspm0g350x_uvision.o(RESET)
    __ARM_exceptions_init                     - Undefined Weak Reference
    __alloca_initialize                       - Undefined Weak Reference
    __arm_preinit_                            - Undefined Weak Reference
    __cpp_initialize__aeabi_                  - Undefined Weak Reference
    __cxa_finalize                            - Undefined Weak Reference
    __rt_locale                               - Undefined Weak Reference
    __sigvec_lookup                           - Undefined Weak Reference
    _atexit_init                              - Undefined Weak Reference
    _call_atexit_fns                          - Undefined Weak Reference
    _clock_init                               - Undefined Weak Reference
    _fp_trap_init                             - Undefined Weak Reference
    _fp_trap_shutdown                         - Undefined Weak Reference
    _get_lc_collate                           - Undefined Weak Reference
    _get_lc_ctype                             - Undefined Weak Reference
    _get_lc_monetary                          - Undefined Weak Reference
    _get_lc_numeric                           - Undefined Weak Reference
    _get_lc_time                              - Undefined Weak Reference
    _getenv_init                              - Undefined Weak Reference
    _handle_redirection                       - Undefined Weak Reference
    _init_alloc                               - Undefined Weak Reference
    _init_user_alloc                          - Undefined Weak Reference
    _initio                                   - Undefined Weak Reference
    _rand_init                                - Undefined Weak Reference
    _signal_finish                            - Undefined Weak Reference
    _signal_init                              - Undefined Weak Reference
    _terminate_alloc                          - Undefined Weak Reference
    _terminate_user_alloc                     - Undefined Weak Reference
    _terminateio                              - Undefined Weak Reference
    __Vectors_End                            0x000000c0   Data           0  startup_mspm0g350x_uvision.o(RESET)
    __Vectors_Size                           0x000000c0   Number         0  startup_mspm0g350x_uvision.o ABSOLUTE
    __main                                   0x000000c1   Thumb Code     8  __main.o(!!!main)
    __scatterload                            0x000000c9   Thumb Code     0  __scatter.o(!!!scatter)
    __scatterload_rt2                        0x000000c9   Thumb Code    52  __scatter.o(!!!scatter)
    __scatterload_rt2_thumb_only             0x000000c9   Thumb Code     0  __scatter.o(!!!scatter)
    __scatterload_null                       0x000000d9   Thumb Code     0  __scatter.o(!!!scatter)
    __scatterload_copy                       0x00000109   Thumb Code    26  __scatter_copy.o(!!handler_copy)
    __scatterload_zeroinit                   0x00000129   Thumb Code    28  __scatter_zi.o(!!handler_zi)
    __rt_lib_init                            0x00000145   Thumb Code     0  libinit.o(.ARM.Collect$$libinit$$00000000)
    __rt_lib_init_alloca_1                   0x00000147   Thumb Code     0  libinit2.o(.ARM.Collect$$libinit$$0000002E)
    __rt_lib_init_argv_1                     0x00000147   Thumb Code     0  libinit2.o(.ARM.Collect$$libinit$$0000002C)
    __rt_lib_init_atexit_1                   0x00000147   Thumb Code     0  libinit2.o(.ARM.Collect$$libinit$$0000001B)
    __rt_lib_init_clock_1                    0x00000147   Thumb Code     0  libinit2.o(.ARM.Collect$$libinit$$00000021)
    __rt_lib_init_cpp_1                      0x00000147   Thumb Code     0  libinit2.o(.ARM.Collect$$libinit$$00000032)
    __rt_lib_init_exceptions_1               0x00000147   Thumb Code     0  libinit2.o(.ARM.Collect$$libinit$$00000030)
    __rt_lib_init_fp_1                       0x00000147   Thumb Code     0  libinit2.o(.ARM.Collect$$libinit$$00000002)
    __rt_lib_init_fp_trap_1                  0x00000147   Thumb Code     0  libinit2.o(.ARM.Collect$$libinit$$0000001F)
    __rt_lib_init_getenv_1                   0x00000147   Thumb Code     0  libinit2.o(.ARM.Collect$$libinit$$00000023)
    __rt_lib_init_heap_1                     0x00000147   Thumb Code     0  libinit2.o(.ARM.Collect$$libinit$$0000000A)
    __rt_lib_init_lc_collate_1               0x00000147   Thumb Code     0  libinit2.o(.ARM.Collect$$libinit$$00000011)
    __rt_lib_init_lc_ctype_1                 0x00000147   Thumb Code     0  libinit2.o(.ARM.Collect$$libinit$$00000013)
    __rt_lib_init_lc_monetary_1              0x00000147   Thumb Code     0  libinit2.o(.ARM.Collect$$libinit$$00000015)
    __rt_lib_init_lc_numeric_1               0x00000147   Thumb Code     0  libinit2.o(.ARM.Collect$$libinit$$00000017)
    __rt_lib_init_lc_time_1                  0x00000147   Thumb Code     0  libinit2.o(.ARM.Collect$$libinit$$00000019)
    __rt_lib_init_preinit_1                  0x00000147   Thumb Code     0  libinit2.o(.ARM.Collect$$libinit$$00000004)
    __rt_lib_init_rand_1                     0x00000147   Thumb Code     0  libinit2.o(.ARM.Collect$$libinit$$0000000E)
    __rt_lib_init_return                     0x00000147   Thumb Code     0  libinit2.o(.ARM.Collect$$libinit$$00000033)
    __rt_lib_init_signal_1                   0x00000147   Thumb Code     0  libinit2.o(.ARM.Collect$$libinit$$0000001D)
    __rt_lib_init_stdio_1                    0x00000147   Thumb Code     0  libinit2.o(.ARM.Collect$$libinit$$00000025)
    __rt_lib_init_user_alloc_1               0x00000147   Thumb Code     0  libinit2.o(.ARM.Collect$$libinit$$0000000C)
    __rt_lib_shutdown                        0x00000149   Thumb Code     0  libshutdown.o(.ARM.Collect$$libshutdown$$00000000)
    __rt_lib_shutdown_cpp_1                  0x0000014b   Thumb Code     0  libshutdown2.o(.ARM.Collect$$libshutdown$$00000002)
    __rt_lib_shutdown_fp_trap_1              0x0000014b   Thumb Code     0  libshutdown2.o(.ARM.Collect$$libshutdown$$00000007)
    __rt_lib_shutdown_heap_1                 0x0000014b   Thumb Code     0  libshutdown2.o(.ARM.Collect$$libshutdown$$0000000F)
    __rt_lib_shutdown_return                 0x0000014b   Thumb Code     0  libshutdown2.o(.ARM.Collect$$libshutdown$$00000010)
    __rt_lib_shutdown_signal_1               0x0000014b   Thumb Code     0  libshutdown2.o(.ARM.Collect$$libshutdown$$0000000A)
    __rt_lib_shutdown_stdio_1                0x0000014b   Thumb Code     0  libshutdown2.o(.ARM.Collect$$libshutdown$$00000004)
    __rt_lib_shutdown_user_alloc_1           0x0000014b   Thumb Code     0  libshutdown2.o(.ARM.Collect$$libshutdown$$0000000C)
    __rt_entry                               0x0000014d   Thumb Code     0  __rtentry.o(.ARM.Collect$$rtentry$$00000000)
    __rt_entry_presh_1                       0x0000014d   Thumb Code     0  __rtentry2.o(.ARM.Collect$$rtentry$$00000002)
    __rt_entry_sh                            0x0000014d   Thumb Code     0  __rtentry4.o(.ARM.Collect$$rtentry$$00000004)
    __rt_entry_li                            0x00000153   Thumb Code     0  __rtentry2.o(.ARM.Collect$$rtentry$$0000000A)
    __rt_entry_postsh_1                      0x00000153   Thumb Code     0  __rtentry2.o(.ARM.Collect$$rtentry$$00000009)
    __rt_entry_main                          0x00000157   Thumb Code     0  __rtentry2.o(.ARM.Collect$$rtentry$$0000000D)
    __rt_entry_postli_1                      0x00000157   Thumb Code     0  __rtentry2.o(.ARM.Collect$$rtentry$$0000000C)
    __rt_exit                                0x0000015f   Thumb Code     0  rtexit.o(.ARM.Collect$$rtexit$$00000000)
    __rt_exit_ls                             0x00000161   Thumb Code     0  rtexit2.o(.ARM.Collect$$rtexit$$00000003)
    __rt_exit_prels_1                        0x00000161   Thumb Code     0  rtexit2.o(.ARM.Collect$$rtexit$$00000002)
    __rt_exit_exit                           0x00000165   Thumb Code     0  rtexit2.o(.ARM.Collect$$rtexit$$00000004)
    Reset_Handler                            0x0000016d   Thumb Code     4  startup_mspm0g350x_uvision.o(.text)
    NMI_Handler                              0x00000171   Thumb Code     2  startup_mspm0g350x_uvision.o(.text)
    HardFault_Handler                        0x00000173   Thumb Code     2  startup_mspm0g350x_uvision.o(.text)
    SVC_Handler                              0x00000175   Thumb Code     2  startup_mspm0g350x_uvision.o(.text)
    PendSV_Handler                           0x00000177   Thumb Code     2  startup_mspm0g350x_uvision.o(.text)
    SysTick_Handler                          0x00000179   Thumb Code     2  startup_mspm0g350x_uvision.o(.text)
    ADC0_IRQHandler                          0x0000017b   Thumb Code     0  startup_mspm0g350x_uvision.o(.text)
    ADC1_IRQHandler                          0x0000017b   Thumb Code     0  startup_mspm0g350x_uvision.o(.text)
    AES_IRQHandler                           0x0000017b   Thumb Code     0  startup_mspm0g350x_uvision.o(.text)
    CANFD0_IRQHandler                        0x0000017b   Thumb Code     0  startup_mspm0g350x_uvision.o(.text)
    DAC0_IRQHandler                          0x0000017b   Thumb Code     0  startup_mspm0g350x_uvision.o(.text)
    DMA_IRQHandler                           0x0000017b   Thumb Code     0  startup_mspm0g350x_uvision.o(.text)
    Default_Handler                          0x0000017b   Thumb Code     2  startup_mspm0g350x_uvision.o(.text)
    GROUP0_IRQHandler                        0x0000017b   Thumb Code     0  startup_mspm0g350x_uvision.o(.text)
    GROUP1_IRQHandler                        0x0000017b   Thumb Code     0  startup_mspm0g350x_uvision.o(.text)
    I2C0_IRQHandler                          0x0000017b   Thumb Code     0  startup_mspm0g350x_uvision.o(.text)
    I2C1_IRQHandler                          0x0000017b   Thumb Code     0  startup_mspm0g350x_uvision.o(.text)
    RTC_IRQHandler                           0x0000017b   Thumb Code     0  startup_mspm0g350x_uvision.o(.text)
    SPI0_IRQHandler                          0x0000017b   Thumb Code     0  startup_mspm0g350x_uvision.o(.text)
    SPI1_IRQHandler                          0x0000017b   Thumb Code     0  startup_mspm0g350x_uvision.o(.text)
    TIMA0_IRQHandler                         0x0000017b   Thumb Code     0  startup_mspm0g350x_uvision.o(.text)
    TIMA1_IRQHandler                         0x0000017b   Thumb Code     0  startup_mspm0g350x_uvision.o(.text)
    TIMG0_IRQHandler                         0x0000017b   Thumb Code     0  startup_mspm0g350x_uvision.o(.text)
    TIMG12_IRQHandler                        0x0000017b   Thumb Code     0  startup_mspm0g350x_uvision.o(.text)
    TIMG6_IRQHandler                         0x0000017b   Thumb Code     0  startup_mspm0g350x_uvision.o(.text)
    TIMG7_IRQHandler                         0x0000017b   Thumb Code     0  startup_mspm0g350x_uvision.o(.text)
    TIMG8_IRQHandler                         0x0000017b   Thumb Code     0  startup_mspm0g350x_uvision.o(.text)
    UART0_IRQHandler                         0x0000017b   Thumb Code     0  startup_mspm0g350x_uvision.o(.text)
    UART1_IRQHandler                         0x0000017b   Thumb Code     0  startup_mspm0g350x_uvision.o(.text)
    UART2_IRQHandler                         0x0000017b   Thumb Code     0  startup_mspm0g350x_uvision.o(.text)
    UART3_IRQHandler                         0x0000017b   Thumb Code     0  startup_mspm0g350x_uvision.o(.text)
    __user_initial_stackheap                 0x0000017d   Thumb Code    10  startup_mspm0g350x_uvision.o(.text)
    __use_two_region_memory                  0x0000019d   Thumb Code     2  heapauxi.o(.text)
    __rt_heap_escrow$2region                 0x0000019f   Thumb Code     2  heapauxi.o(.text)
    __rt_heap_expand$2region                 0x000001a1   Thumb Code     2  heapauxi.o(.text)
    __aeabi_dadd                             0x0000049d   Thumb Code     0  daddsub.o(.text)
    _dadd                                    0x0000049d   Thumb Code    26  daddsub.o(.text)
    __aeabi_dsub                             0x000004b7   Thumb Code     0  daddsub.o(.text)
    _dsub                                    0x000004b7   Thumb Code    22  daddsub.o(.text)
    __aeabi_drsub                            0x000004cd   Thumb Code     0  daddsub.o(.text)
    _drsb                                    0x000004cd   Thumb Code    28  daddsub.o(.text)
    __aeabi_d2iz                             0x000004fd   Thumb Code     0  dfixi.o(.text)
    _dfix                                    0x000004fd   Thumb Code    98  dfixi.o(.text)
    __aeabi_i2d_normalise                    0x00000569   Thumb Code    66  dflti.o(.text)
    __aeabi_i2d                              0x000005ab   Thumb Code    16  dflti.o(.text)
    _dflt                                    0x000005ab   Thumb Code     0  dflti.o(.text)
    __aeabi_ui2d                             0x000005bb   Thumb Code     6  dflti.o(.text)
    _dfltu                                   0x000005bb   Thumb Code     0  dflti.o(.text)
    __aeabi_dmul                             0x000005c1   Thumb Code     0  dmul.o(.text)
    _dmul                                    0x000005c1   Thumb Code   558  dmul.o(.text)
    __fpl_dcmp_InfNaN                        0x00000809   Thumb Code   154  dcmpin.o(.text)
    __user_setup_stackheap                   0x000008a9   Thumb Code    62  sys_stackheap_outer.o(.text)
    exit                                     0x000008e7   Thumb Code    16  exit.o(.text)
    __fpl_cmpreturn                          0x000008f7   Thumb Code    46  cmpret.o(.text)
    __fpl_dcheck_NaN2                        0x00000925   Thumb Code    14  dnan2.o(.text)
    __user_libspace                          0x00000939   Thumb Code     8  libspace.o(.text)
    __user_perproc_libspace                  0x00000939   Thumb Code     0  libspace.o(.text)
    __user_perthread_libspace                0x00000939   Thumb Code     0  libspace.o(.text)
    __fpl_return_NaN                         0x00000941   Thumb Code    94  retnan.o(.text)
    _sys_exit                                0x000009a1   Thumb Code     8  sys_exit.o(.text)
    __I$use$semihosting                      0x000009ad   Thumb Code     0  use_no_semi.o(.text)
    __use_no_semihosting_swi                 0x000009ad   Thumb Code     2  use_no_semi.o(.text)
    __semihosting_library_function           0x000009af   Thumb Code     0  indicate_semi.o(.text)
    SYSCTL_SYSCLK_getMCLK                    0x000009b1   Thumb Code    12  sysctl.o(.text.SYSCTL_SYSCLK_getMCLK)
    TIMA0_PWM_DutyCycle                      0x000009bd   Thumb Code   192  timers.o(.text.TIMA0_PWM_DutyCycle)
    TIMA0_PWM_freq_init                      0x00000a7d   Thumb Code   532  timers.o(.text.TIMA0_PWM_freq_init)
    TIMA1_PWM_DutyCycle                      0x00000c91   Thumb Code   196  timers.o(.text.TIMA1_PWM_DutyCycle)
    TIMA1_PWM_freq_init                      0x00000d55   Thumb Code   540  timers.o(.text.TIMA1_PWM_freq_init)
    dc_backwards                             0x00000f71   Thumb Code    28  dc_motor.o(.text.dc_backwards)
    dc_forward                               0x00000f8d   Thumb Code    26  dc_motor.o(.text.dc_forward)
    delay                                    0x00000fa7   Thumb Code    44  main.o(.text.delay)
    init_dc_motor                            0x00000fd3   Thumb Code    28  dc_motor.o(.text.init_dc_motor)
    main                                     0x00000ff1   Thumb Code   292  main.o(.text.main)
    __aeabi_uidiv                            0x00001115   Thumb Code    68  aeabi_sdivfast.o(.text_divfast)
    __aeabi_idiv                             0x00001159   Thumb Code   434  aeabi_sdivfast.o(.text_divfast)
    __aeabi_dcmpge                           0x0000130b   Thumb Code     0  dcmp.o(i._dgeq)
    _dgeq                                    0x0000130b   Thumb Code    22  dcmp.o(i._dgeq)
    __aeabi_dcmpgt                           0x00001321   Thumb Code     0  dcmp.o(i._dgr)
    _dgr                                     0x00001321   Thumb Code    22  dcmp.o(i._dgr)
    __aeabi_dcmple                           0x00001337   Thumb Code     0  dcmp.o(i._dleq)
    _dleq                                    0x00001337   Thumb Code    26  dcmp.o(i._dleq)
    __aeabi_dcmplt                           0x00001351   Thumb Code     0  dcmp.o(i._dls)
    _dls                                     0x00001351   Thumb Code    22  dcmp.o(i._dls)
    _dcmpge                                  0x00001369   Thumb Code    94  dgef.o(x$fpl$dgeqf)
    __aeabi_cdcmple                          0x000013cd   Thumb Code     0  dlef.o(x$fpl$dleqf)
    _dcmple                                  0x000013cd   Thumb Code    94  dlef.o(x$fpl$dleqf)
    Region$$Table$$Base                      0x00001430   Number         0  anon$$obj.o(Region$$Table)
    __I$use$fp                               0x00001430   Number         0  usenofp.o(x$fpl$usenofp)
    Region$$Table$$Limit                     0x00001450   Number         0  anon$$obj.o(Region$$Table)
    __libspace_start                         0x20200008   Data          96  libspace.o(.bss)
    __temporary_stack_top$libspace           0x20200068   Data           0  libspace.o(.bss)



==============================================================================

Memory Map of the image

  Image Entry point : 0x000000c1

  Load Region LR_IROM1 (Base: 0x00000000, Size: 0x00001458, Max: 0x00020000, ABSOLUTE)

    Execution Region ER_IROM1 (Exec base: 0x00000000, Load base: 0x00000000, Size: 0x00001450, Max: 0x00020000, ABSOLUTE)

    Exec Addr    Load Addr    Size         Type   Attr      Idx    E Section Name        Object

    0x00000000   0x00000000   0x000000c0   Data   RO           34    RESET               startup_mspm0g350x_uvision.o
    0x000000c0   0x000000c0   0x00000008   Code   RO           98  * !!!main             c_p.l(__main.o)
    0x000000c8   0x000000c8   0x0000003c   Code   RO          310    !!!scatter          c_p.l(__scatter.o)
    0x00000104   0x00000104   0x00000004   PAD
    0x00000108   0x00000108   0x0000001a   Code   RO          312    !!handler_copy      c_p.l(__scatter_copy.o)
    0x00000122   0x00000122   0x00000006   PAD
    0x00000128   0x00000128   0x0000001c   Code   RO          314    !!handler_zi        c_p.l(__scatter_zi.o)
    0x00000144   0x00000144   0x00000002   Code   RO          167    .ARM.Collect$$libinit$$00000000  c_p.l(libinit.o)
    0x00000146   0x00000146   0x00000000   Code   RO          185    .ARM.Collect$$libinit$$00000002  c_p.l(libinit2.o)
    0x00000146   0x00000146   0x00000000   Code   RO          187    .ARM.Collect$$libinit$$00000004  c_p.l(libinit2.o)
    0x00000146   0x00000146   0x00000000   Code   RO          190    .ARM.Collect$$libinit$$0000000A  c_p.l(libinit2.o)
    0x00000146   0x00000146   0x00000000   Code   RO          192    .ARM.Collect$$libinit$$0000000C  c_p.l(libinit2.o)
    0x00000146   0x00000146   0x00000000   Code   RO          194    .ARM.Collect$$libinit$$0000000E  c_p.l(libinit2.o)
    0x00000146   0x00000146   0x00000000   Code   RO          197    .ARM.Collect$$libinit$$00000011  c_p.l(libinit2.o)
    0x00000146   0x00000146   0x00000000   Code   RO          199    .ARM.Collect$$libinit$$00000013  c_p.l(libinit2.o)
    0x00000146   0x00000146   0x00000000   Code   RO          201    .ARM.Collect$$libinit$$00000015  c_p.l(libinit2.o)
    0x00000146   0x00000146   0x00000000   Code   RO          203    .ARM.Collect$$libinit$$00000017  c_p.l(libinit2.o)
    0x00000146   0x00000146   0x00000000   Code   RO          205    .ARM.Collect$$libinit$$00000019  c_p.l(libinit2.o)
    0x00000146   0x00000146   0x00000000   Code   RO          207    .ARM.Collect$$libinit$$0000001B  c_p.l(libinit2.o)
    0x00000146   0x00000146   0x00000000   Code   RO          209    .ARM.Collect$$libinit$$0000001D  c_p.l(libinit2.o)
    0x00000146   0x00000146   0x00000000   Code   RO          211    .ARM.Collect$$libinit$$0000001F  c_p.l(libinit2.o)
    0x00000146   0x00000146   0x00000000   Code   RO          213    .ARM.Collect$$libinit$$00000021  c_p.l(libinit2.o)
    0x00000146   0x00000146   0x00000000   Code   RO          215    .ARM.Collect$$libinit$$00000023  c_p.l(libinit2.o)
    0x00000146   0x00000146   0x00000000   Code   RO          217    .ARM.Collect$$libinit$$00000025  c_p.l(libinit2.o)
    0x00000146   0x00000146   0x00000000   Code   RO          221    .ARM.Collect$$libinit$$0000002C  c_p.l(libinit2.o)
    0x00000146   0x00000146   0x00000000   Code   RO          223    .ARM.Collect$$libinit$$0000002E  c_p.l(libinit2.o)
    0x00000146   0x00000146   0x00000000   Code   RO          225    .ARM.Collect$$libinit$$00000030  c_p.l(libinit2.o)
    0x00000146   0x00000146   0x00000000   Code   RO          227    .ARM.Collect$$libinit$$00000032  c_p.l(libinit2.o)
    0x00000146   0x00000146   0x00000002   Code   RO          228    .ARM.Collect$$libinit$$00000033  c_p.l(libinit2.o)
    0x00000148   0x00000148   0x00000002   Code   RO          265    .ARM.Collect$$libshutdown$$00000000  c_p.l(libshutdown.o)
    0x0000014a   0x0000014a   0x00000000   Code   RO          293    .ARM.Collect$$libshutdown$$00000002  c_p.l(libshutdown2.o)
    0x0000014a   0x0000014a   0x00000000   Code   RO          295    .ARM.Collect$$libshutdown$$00000004  c_p.l(libshutdown2.o)
    0x0000014a   0x0000014a   0x00000000   Code   RO          298    .ARM.Collect$$libshutdown$$00000007  c_p.l(libshutdown2.o)
    0x0000014a   0x0000014a   0x00000000   Code   RO          301    .ARM.Collect$$libshutdown$$0000000A  c_p.l(libshutdown2.o)
    0x0000014a   0x0000014a   0x00000000   Code   RO          303    .ARM.Collect$$libshutdown$$0000000C  c_p.l(libshutdown2.o)
    0x0000014a   0x0000014a   0x00000000   Code   RO          306    .ARM.Collect$$libshutdown$$0000000F  c_p.l(libshutdown2.o)
    0x0000014a   0x0000014a   0x00000002   Code   RO          307    .ARM.Collect$$libshutdown$$00000010  c_p.l(libshutdown2.o)
    0x0000014c   0x0000014c   0x00000000   Code   RO          122    .ARM.Collect$$rtentry$$00000000  c_p.l(__rtentry.o)
    0x0000014c   0x0000014c   0x00000000   Code   RO          135    .ARM.Collect$$rtentry$$00000002  c_p.l(__rtentry2.o)
    0x0000014c   0x0000014c   0x00000006   Code   RO          147    .ARM.Collect$$rtentry$$00000004  c_p.l(__rtentry4.o)
    0x00000152   0x00000152   0x00000000   Code   RO          137    .ARM.Collect$$rtentry$$00000009  c_p.l(__rtentry2.o)
    0x00000152   0x00000152   0x00000004   Code   RO          138    .ARM.Collect$$rtentry$$0000000A  c_p.l(__rtentry2.o)
    0x00000156   0x00000156   0x00000000   Code   RO          140    .ARM.Collect$$rtentry$$0000000C  c_p.l(__rtentry2.o)
    0x00000156   0x00000156   0x00000008   Code   RO          141    .ARM.Collect$$rtentry$$0000000D  c_p.l(__rtentry2.o)
    0x0000015e   0x0000015e   0x00000002   Code   RO          176    .ARM.Collect$$rtexit$$00000000  c_p.l(rtexit.o)
    0x00000160   0x00000160   0x00000000   Code   RO          236    .ARM.Collect$$rtexit$$00000002  c_p.l(rtexit2.o)
    0x00000160   0x00000160   0x00000004   Code   RO          237    .ARM.Collect$$rtexit$$00000003  c_p.l(rtexit2.o)
    0x00000164   0x00000164   0x00000006   Code   RO          238    .ARM.Collect$$rtexit$$00000004  c_p.l(rtexit2.o)
    0x0000016a   0x0000016a   0x00000002   PAD
    0x0000016c   0x0000016c   0x00000030   Code   RO           35    .text               startup_mspm0g350x_uvision.o
    0x0000019c   0x0000019c   0x00000006   Code   RO           96    .text               c_p.l(heapauxi.o)
    0x000001a2   0x000001a2   0x00000002   PAD
    0x000001a4   0x000001a4   0x00000358   Code   RO          100    .text               fz_ps.l(daddsub.o)
    0x000004fc   0x000004fc   0x0000006c   Code   RO          114    .text               fz_ps.l(dfixi.o)
    0x00000568   0x00000568   0x00000058   Code   RO          118    .text               fz_ps.l(dflti.o)
    0x000005c0   0x000005c0   0x00000248   Code   RO          120    .text               fz_ps.l(dmul.o)
    0x00000808   0x00000808   0x000000a0   Code   RO          151    .text               fz_ps.l(dcmpin.o)
    0x000008a8   0x000008a8   0x0000003e   Code   RO          153    .text               c_p.l(sys_stackheap_outer.o)
    0x000008e6   0x000008e6   0x00000010   Code   RO          156    .text               c_p.l(exit.o)
    0x000008f6   0x000008f6   0x0000002e   Code   RO          168    .text               fz_ps.l(cmpret.o)
    0x00000924   0x00000924   0x00000014   Code   RO          170    .text               fz_ps.l(dnan2.o)
    0x00000938   0x00000938   0x00000008   Code   RO          172    .text               c_p.l(libspace.o)
    0x00000940   0x00000940   0x0000005e   Code   RO          229    .text               fz_ps.l(retnan.o)
    0x0000099e   0x0000099e   0x00000002   PAD
    0x000009a0   0x000009a0   0x0000000c   Code   RO          231    .text               c_p.l(sys_exit.o)
    0x000009ac   0x000009ac   0x00000002   Code   RO          254    .text               c_p.l(use_no_semi.o)
    0x000009ae   0x000009ae   0x00000000   Code   RO          256    .text               c_p.l(indicate_semi.o)
    0x000009ae   0x000009ae   0x00000002   PAD
    0x000009b0   0x000009b0   0x0000000c   Code   RO           44    .text.SYSCTL_SYSCLK_getMCLK  sysctl.o
    0x000009bc   0x000009bc   0x000000c0   Code   RO           73    .text.TIMA0_PWM_DutyCycle  timers.o
    0x00000a7c   0x00000a7c   0x00000214   Code   RO           67    .text.TIMA0_PWM_freq_init  timers.o
    0x00000c90   0x00000c90   0x000000c4   Code   RO           75    .text.TIMA1_PWM_DutyCycle  timers.o
    0x00000d54   0x00000d54   0x0000021c   Code   RO           69    .text.TIMA1_PWM_freq_init  timers.o
    0x00000f70   0x00000f70   0x0000001c   Code   RO           23    .text.dc_backwards  dc_motor.o
    0x00000f8c   0x00000f8c   0x0000001a   Code   RO           21    .text.dc_forward    dc_motor.o
    0x00000fa6   0x00000fa6   0x0000002c   Code   RO            2    .text.delay         main.o
    0x00000fd2   0x00000fd2   0x0000001c   Code   RO           19    .text.init_dc_motor  dc_motor.o
    0x00000fee   0x00000fee   0x00000002   PAD
    0x00000ff0   0x00000ff0   0x00000124   Code   RO            8    .text.main          main.o
    0x00001114   0x00001114   0x000001f6   Code   RO           89    .text_divfast       c_p.l(aeabi_sdivfast.o)
    0x0000130a   0x0000130a   0x00000016   Code   RO          103    i._dgeq             fz_ps.l(dcmp.o)
    0x00001320   0x00001320   0x00000016   Code   RO          104    i._dgr              fz_ps.l(dcmp.o)
    0x00001336   0x00001336   0x0000001a   Code   RO          105    i._dleq             fz_ps.l(dcmp.o)
    0x00001350   0x00001350   0x00000016   Code   RO          106    i._dls              fz_ps.l(dcmp.o)
    0x00001366   0x00001366   0x00000002   PAD
    0x00001368   0x00001368   0x00000064   Code   RO          129    x$fpl$dgeqf         fz_ps.l(dgef.o)
    0x000013cc   0x000013cc   0x00000064   Code   RO          131    x$fpl$dleqf         fz_ps.l(dlef.o)
    0x00001430   0x00001430   0x00000000   Code   RO          133    x$fpl$usenofp       fz_ps.l(usenofp.o)
    0x00001430   0x00001430   0x00000020   Data   RO          309    Region$$Table       anon$$obj.o


    Execution Region RW_IRAM2 (Exec base: 0x20200000, Load base: 0x00001450, Size: 0x00000470, Max: 0x00008000, ABSOLUTE)

    Exec Addr    Load Addr    Size         Type   Attr      Idx    E Section Name        Object

    0x20200000   0x00001450   0x00000004   Data   RW           48    .data.SystemMasterClock  sysctl.o
    0x20200004   0x00001454   0x00000004   PAD
    0x20200008        -       0x00000060   Zero   RW          173    .bss                c_p.l(libspace.o)
    0x20200068        -       0x00000002   Zero   RW           77    .bss.global_period_tim0  timers.o
    0x2020006a        -       0x00000002   Zero   RW           78    .bss.global_period_tim1  timers.o
    0x2020006c   0x00001454   0x00000004   PAD
    0x20200070        -       0x00000200   Zero   RW           33    HEAP                startup_mspm0g350x_uvision.o
    0x20200270        -       0x00000200   Zero   RW           32    STACK               startup_mspm0g350x_uvision.o



  Load Region LR_BCR (Base: 0x41c00000, Size: 0x00000000, Max: 0x00000100, ABSOLUTE)

    Execution Region BCR_CONFIG (Exec base: 0x41c00000, Load base: 0x41c00000, Size: 0x00000000, Max: 0x00000080, ABSOLUTE)

    **** No section assigned to this execution region ****



  Load Region LR_BSL (Base: 0x41c00100, Size: 0x00000000, Max: 0x00000100, ABSOLUTE)

    Execution Region BSL_CONFIG (Exec base: 0x41c00100, Load base: 0x41c00100, Size: 0x00000000, Max: 0x00000080, ABSOLUTE)

    **** No section assigned to this execution region ****


==============================================================================

Image component sizes


      Code (inc. data)   RO Data    RW Data    ZI Data      Debug   Object Name

        82          0          0          0          0        934   dc_motor.o
       336         28          0          0          0       5925   main.o
        48         22        192          0       1024        772   startup_mspm0g350x_uvision.o
        12          4          0          4          0       3970   sysctl.o
      1460        104          0          0          4      12284   timers.o

    ----------------------------------------------------------------------
      1940        158        224          4       1036      23885   Object Totals
         0          0         32          0          0          0   (incl. Generated)
         2          0          0          0          8          0   (incl. Padding)

    ----------------------------------------------------------------------

      Code (inc. data)   RO Data    RW Data    ZI Data      Debug   Library Member Name

         8          0          0          0          0         68   __main.o
         0          0          0          0          0          0   __rtentry.o
        12          0          0          0          0          0   __rtentry2.o
         6          0          0          0          0          0   __rtentry4.o
        60          8          0          0          0          0   __scatter.o
        26          0          0          0          0          0   __scatter_copy.o
        28          0          0          0          0          0   __scatter_zi.o
       502          0          0          0          0         92   aeabi_sdivfast.o
        16          0          0          0          0         68   exit.o
         6          0          0          0          0        136   heapauxi.o
         0          0          0          0          0          0   indicate_semi.o
         2          0          0          0          0          0   libinit.o
         2          0          0          0          0          0   libinit2.o
         2          0          0          0          0          0   libshutdown.o
         2          0          0          0          0          0   libshutdown2.o
         8          4          0          0         96         68   libspace.o
         2          0          0          0          0          0   rtexit.o
        10          0          0          0          0          0   rtexit2.o
        12          4          0          0          0         60   sys_exit.o
        62          0          0          0          0         80   sys_stackheap_outer.o
         2          0          0          0          0         68   use_no_semi.o
        46          0          0          0          0         60   cmpret.o
       856         20          0          0          0        208   daddsub.o
        92          0          0          0          0        272   dcmp.o
       160          6          0          0          0         76   dcmpin.o
       108         10          0          0          0         72   dfixi.o
        88          0          0          0          0         92   dflti.o
       100          4          0          0          0         92   dgef.o
       100          4          0          0          0         92   dlef.o
       584         26          0          0          0         84   dmul.o
        20          6          0          0          0         68   dnan2.o
        94          0          0          0          0         68   retnan.o
         0          0          0          0          0          0   usenofp.o

    ----------------------------------------------------------------------
      3036         96          0          0         96       1824   Library Totals
        20          4          0          0          0          0   (incl. Padding)

    ----------------------------------------------------------------------

      Code (inc. data)   RO Data    RW Data    ZI Data      Debug   Library Name

       768         16          0          0         96        640   c_p.l
      2248         76          0          0          0       1184   fz_ps.l

    ----------------------------------------------------------------------
      3036         96          0          0         96       1824   Library Totals

    ----------------------------------------------------------------------

==============================================================================


      Code (inc. data)   RO Data    RW Data    ZI Data      Debug   

      4976        254        224          4       1132      24885   Grand Totals
      4976        254        224          4       1132      24885   ELF Image Totals
      4976        254        224          4          0          0   ROM Totals

==============================================================================

    Total RO  Size (Code + RO Data)                 5200 (   5.08kB)
    Total RW  Size (RW Data + ZI Data)              1136 (   1.11kB)
    Total ROM Size (Code + RO Data + RW Data)       5204 (   5.08kB)

==============================================================================

