Component: ARM Compiler 6.14 Tool: armlink [5db06800]

==============================================================================

Section Cross References

    main.o(.text.delay) refers to sysctl.o(.text.SYSCTL_SYSCLK_getMCLK) for SYSCTL_SYSCLK_getMCLK
    main.o(.text.delay) refers to aeabi_sdivfast.o(.text_divfast) for __aeabi_uidiv
    main.o(.ARM.exidx.text.delay) refers to main.o(.text.delay) for [Anonymous Symbol]
    main.o(.ARM.exidx.text.init_stepper_motor) refers to main.o(.text.init_stepper_motor) for [Anonymous Symbol]
    main.o(.text.spin_stepper) refers to main.o(.text.init_stepper_motor) for init_stepper_motor
    main.o(.text.spin_stepper) refers to main.o(.text.delay) for delay
    main.o(.ARM.exidx.text.spin_stepper) refers to main.o(.text.spin_stepper) for [Anonymous Symbol]
    main.o(.text.main) refers to dc_motor.o(.text.init_dc_motor) for init_dc_motor
    main.o(.text.main) refers to dcmp.o(i._dgeq) for __aeabi_dcmpge
    main.o(.text.main) refers to dc_motor.o(.text.dc_forward) for dc_forward
    main.o(.text.main) refers to main.o(.text.delay) for delay
    main.o(.text.main) refers to daddsub.o(.text) for __aeabi_dadd
    main.o(.text.main) refers to dcmp.o(i._dls) for __aeabi_dcmplt
    main.o(.text.main) refers to dcmp.o(i._dleq) for __aeabi_dcmple
    main.o(.text.main) refers to dcmp.o(i._dgr) for __aeabi_dcmpgt
    main.o(.text.main) refers to dc_motor.o(.text.dc_backwards) for dc_backwards
    main.o(.ARM.exidx.text.main) refers to main.o(.text.main) for [Anonymous Symbol]
    dc_motor.o(.text.init_dc_motor) refers to timers.o(.text.TIMA0_PWM_freq_init) for TIMA0_PWM_freq_init
    dc_motor.o(.ARM.exidx.text.init_dc_motor) refers to dc_motor.o(.text.init_dc_motor) for [Anonymous Symbol]
    dc_motor.o(.text.dc_forward) refers to timers.o(.text.TIMA0_PWM_DutyCycle) for TIMA0_PWM_DutyCycle
    dc_motor.o(.text.dc_forward) refers to timers.o(.text.TIMA1_PWM_DutyCycle) for TIMA1_PWM_DutyCycle
    dc_motor.o(.ARM.exidx.text.dc_forward) refers to dc_motor.o(.text.dc_forward) for [Anonymous Symbol]
    dc_motor.o(.text.dc_backwards) refers to timers.o(.text.TIMA0_PWM_DutyCycle) for TIMA0_PWM_DutyCycle
    dc_motor.o(.text.dc_backwards) refers to timers.o(.text.TIMA1_PWM_DutyCycle) for TIMA1_PWM_DutyCycle
    dc_motor.o(.ARM.exidx.text.dc_backwards) refers to dc_motor.o(.text.dc_backwards) for [Anonymous Symbol]
    startup_mspm0g350x_uvision.o(STACK) refers (Special) to heapauxi.o(.text) for __use_two_region_memory
    startup_mspm0g350x_uvision.o(HEAP) refers (Special) to heapauxi.o(.text) for __use_two_region_memory
    startup_mspm0g350x_uvision.o(RESET) refers (Special) to heapauxi.o(.text) for __use_two_region_memory
    startup_mspm0g350x_uvision.o(RESET) refers to startup_mspm0g350x_uvision.o(STACK) for __initial_sp
    startup_mspm0g350x_uvision.o(RESET) refers to startup_mspm0g350x_uvision.o(.text) for Reset_Handler
    startup_mspm0g350x_uvision.o(.text) refers (Special) to heapauxi.o(.text) for __use_two_region_memory
    startup_mspm0g350x_uvision.o(.text) refers to __main.o(!!!main) for __main
    startup_mspm0g350x_uvision.o(.text) refers to startup_mspm0g350x_uvision.o(HEAP) for Heap_Mem
    startup_mspm0g350x_uvision.o(.text) refers to startup_mspm0g350x_uvision.o(STACK) for Stack_Mem
    sysctl.o(.text.SYSCTL_SYSCLK_set) refers to sysctl.o(.data.SystemMasterClock) for [Anonymous Symbol]
    sysctl.o(.ARM.exidx.text.SYSCTL_SYSCLK_set) refers to sysctl.o(.text.SYSCTL_SYSCLK_set) for [Anonymous Symbol]
    sysctl.o(.text.SYSCTL_SYSCLK_getMCLK) refers to sysctl.o(.data.SystemMasterClock) for [Anonymous Symbol]
    sysctl.o(.ARM.exidx.text.SYSCTL_SYSCLK_getMCLK) refers to sysctl.o(.text.SYSCTL_SYSCLK_getMCLK) for [Anonymous Symbol]
    sysctl.o(.text.SYSCTL_SYSCLK_getULPCLK) refers to sysctl.o(.data.SystemMasterClock) for [Anonymous Symbol]
    sysctl.o(.ARM.exidx.text.SYSCTL_SYSCLK_getULPCLK) refers to sysctl.o(.text.SYSCTL_SYSCLK_getULPCLK) for [Anonymous Symbol]
    timers.o(.text.TIMG0_init) refers to timers.o(.text.__NVIC_EnableIRQ) for __NVIC_EnableIRQ
    timers.o(.ARM.exidx.text.TIMG0_init) refers to timers.o(.text.TIMG0_init) for [Anonymous Symbol]
    timers.o(.ARM.exidx.text.__NVIC_EnableIRQ) refers to timers.o(.text.__NVIC_EnableIRQ) for [Anonymous Symbol]
    timers.o(.text.TIMG6_init) refers to timers.o(.text.__NVIC_EnableIRQ) for __NVIC_EnableIRQ
    timers.o(.ARM.exidx.text.TIMG6_init) refers to timers.o(.text.TIMG6_init) for [Anonymous Symbol]
    timers.o(.text.TIMG12_init) refers to timers.o(.text.__NVIC_EnableIRQ) for __NVIC_EnableIRQ
    timers.o(.ARM.exidx.text.TIMG12_init) refers to timers.o(.text.TIMG12_init) for [Anonymous Symbol]
    timers.o(.text.TIMA0_PWM_init) refers to daddsub.o(.text) for __aeabi_dsub
    timers.o(.text.TIMA0_PWM_init) refers to dflti.o(.text) for __aeabi_ui2d
    timers.o(.text.TIMA0_PWM_init) refers to dmul.o(.text) for __aeabi_dmul
    timers.o(.text.TIMA0_PWM_init) refers to dfixui.o(.text) for __aeabi_d2uiz
    timers.o(.ARM.exidx.text.TIMA0_PWM_init) refers to timers.o(.text.TIMA0_PWM_init) for [Anonymous Symbol]
    timers.o(.text.TIMA0_PWM_freq_init) refers to sysctl.o(.text.SYSCTL_SYSCLK_getMCLK) for SYSCTL_SYSCLK_getMCLK
    timers.o(.text.TIMA0_PWM_freq_init) refers to aeabi_sdivfast.o(.text_divfast) for __aeabi_uidiv
    timers.o(.text.TIMA0_PWM_freq_init) refers to daddsub.o(.text) for __aeabi_dsub
    timers.o(.text.TIMA0_PWM_freq_init) refers to dflti.o(.text) for __aeabi_ui2d
    timers.o(.text.TIMA0_PWM_freq_init) refers to dmul.o(.text) for __aeabi_dmul
    timers.o(.text.TIMA0_PWM_freq_init) refers to dfixi.o(.text) for __aeabi_d2iz
    timers.o(.text.TIMA0_PWM_freq_init) refers to dfixui.o(.text) for __aeabi_d2uiz
    timers.o(.text.TIMA0_PWM_freq_init) refers to timers.o(.bss.global_period_tim0) for [Anonymous Symbol]
    timers.o(.ARM.exidx.text.TIMA0_PWM_freq_init) refers to timers.o(.text.TIMA0_PWM_freq_init) for [Anonymous Symbol]
    timers.o(.text.TIMA1_PWM_init) refers to daddsub.o(.text) for __aeabi_dsub
    timers.o(.text.TIMA1_PWM_init) refers to dflti.o(.text) for __aeabi_ui2d
    timers.o(.text.TIMA1_PWM_init) refers to dmul.o(.text) for __aeabi_dmul
    timers.o(.text.TIMA1_PWM_init) refers to dfixui.o(.text) for __aeabi_d2uiz
    timers.o(.ARM.exidx.text.TIMA1_PWM_init) refers to timers.o(.text.TIMA1_PWM_init) for [Anonymous Symbol]
    timers.o(.text.TIMA0_PWM_DutyCycle) refers to daddsub.o(.text) for __aeabi_dsub
    timers.o(.text.TIMA0_PWM_DutyCycle) refers to dflti.o(.text) for __aeabi_ui2d
    timers.o(.text.TIMA0_PWM_DutyCycle) refers to dmul.o(.text) for __aeabi_dmul
    timers.o(.text.TIMA0_PWM_DutyCycle) refers to dfixi.o(.text) for __aeabi_d2iz
    timers.o(.text.TIMA0_PWM_DutyCycle) refers to dfixui.o(.text) for __aeabi_d2uiz
    timers.o(.text.TIMA0_PWM_DutyCycle) refers to timers.o(.bss.global_period_tim0) for [Anonymous Symbol]
    timers.o(.ARM.exidx.text.TIMA0_PWM_DutyCycle) refers to timers.o(.text.TIMA0_PWM_DutyCycle) for [Anonymous Symbol]
    timers.o(.text.TIMA1_PWM_DutyCycle) refers to daddsub.o(.text) for __aeabi_dsub
    timers.o(.text.TIMA1_PWM_DutyCycle) refers to dfixui.o(.text) for __aeabi_d2uiz
    timers.o(.ARM.exidx.text.TIMA1_PWM_DutyCycle) refers to timers.o(.text.TIMA1_PWM_DutyCycle) for [Anonymous Symbol]
    __main.o(!!!main) refers to __rtentry.o(.ARM.Collect$$rtentry$$00000000) for __rt_entry
    daddsub.o(.text) refers (Special) to usenofp.o(x$fpl$usenofp) for __I$use$fp
    dcmp.o(i._deq) refers (Special) to usenofp.o(x$fpl$usenofp) for __I$use$fp
    dcmp.o(i._deq) refers to deqf.o(x$fpl$deqf) for _dcmpeq
    dcmp.o(i._dgeq) refers (Special) to usenofp.o(x$fpl$usenofp) for __I$use$fp
    dcmp.o(i._dgeq) refers to dgef.o(x$fpl$dgeqf) for _dcmpge
    dcmp.o(i._dgr) refers (Special) to usenofp.o(x$fpl$usenofp) for __I$use$fp
    dcmp.o(i._dgr) refers to dgef.o(x$fpl$dgeqf) for _dcmpge
    dcmp.o(i._dleq) refers (Special) to usenofp.o(x$fpl$usenofp) for __I$use$fp
    dcmp.o(i._dleq) refers to dlef.o(x$fpl$dleqf) for _dcmple
    dcmp.o(i._dls) refers (Special) to usenofp.o(x$fpl$usenofp) for __I$use$fp
    dcmp.o(i._dls) refers to dlef.o(x$fpl$dleqf) for _dcmple
    dcmp.o(i._dneq) refers (Special) to usenofp.o(x$fpl$usenofp) for __I$use$fp
    dcmp.o(i._dneq) refers to deqf.o(x$fpl$deqf) for _dcmpeq
    dfixi.o(.text) refers (Special) to usenofp.o(x$fpl$usenofp) for __I$use$fp
    dfixui.o(.text) refers (Special) to usenofp.o(x$fpl$usenofp) for __I$use$fp
    dflti.o(.text) refers (Special) to usenofp.o(x$fpl$usenofp) for __I$use$fp
    dmul.o(.text) refers (Special) to usenofp.o(x$fpl$usenofp) for __I$use$fp
    __rtentry.o(.ARM.Collect$$rtentry$$00000000) refers (Special) to __rtentry2.o(.ARM.Collect$$rtentry$$0000000A) for __rt_entry_li
    __rtentry.o(.ARM.Collect$$rtentry$$00000000) refers (Special) to __rtentry2.o(.ARM.Collect$$rtentry$$0000000D) for __rt_entry_main
    __rtentry.o(.ARM.Collect$$rtentry$$00000000) refers (Special) to __rtentry2.o(.ARM.Collect$$rtentry$$0000000C) for __rt_entry_postli_1
    __rtentry.o(.ARM.Collect$$rtentry$$00000000) refers (Special) to __rtentry2.o(.ARM.Collect$$rtentry$$00000009) for __rt_entry_postsh_1
    __rtentry.o(.ARM.Collect$$rtentry$$00000000) refers (Special) to __rtentry2.o(.ARM.Collect$$rtentry$$00000002) for __rt_entry_presh_1
    __rtentry.o(.ARM.Collect$$rtentry$$00000000) refers (Special) to __rtentry4.o(.ARM.Collect$$rtentry$$00000004) for __rt_entry_sh
    aeabi_idiv0_sigfpe.o(.text) refers to rt_div0.o(.text) for __rt_div0
    deqf.o(x$fpl$deqf) refers (Special) to usenofp.o(x$fpl$usenofp) for __I$use$fp
    deqf.o(x$fpl$deqf) refers to dcmpin.o(.text) for __fpl_dcmp_InfNaN
    dgef.o(x$fpl$dgeqf) refers (Special) to usenofp.o(x$fpl$usenofp) for __I$use$fp
    dgef.o(x$fpl$dgeqf) refers to dcmpin.o(.text) for __fpl_dcmp_InfNaN
    dlef.o(x$fpl$dleqf) refers (Special) to usenofp.o(x$fpl$usenofp) for __I$use$fp
    dlef.o(x$fpl$dleqf) refers to dcmpin.o(.text) for __fpl_dcmp_InfNaN
    __rtentry2.o(.ARM.Collect$$rtentry$$00000008) refers to boardinit2.o(.text) for _platform_post_stackheap_init
    __rtentry2.o(.ARM.Collect$$rtentry$$0000000A) refers to libinit.o(.ARM.Collect$$libinit$$00000000) for __rt_lib_init
    __rtentry2.o(.ARM.Collect$$rtentry$$0000000B) refers to boardinit3.o(.text) for _platform_post_lib_init
    __rtentry2.o(.ARM.Collect$$rtentry$$0000000D) refers to main.o(.text.main) for main
    __rtentry2.o(.ARM.Collect$$rtentry$$0000000D) refers to exit.o(.text) for exit
    __rtentry2.o(.ARM.exidx) refers to __rtentry2.o(.ARM.Collect$$rtentry$$00000001) for .ARM.Collect$$rtentry$$00000001
    __rtentry2.o(.ARM.exidx) refers to __rtentry2.o(.ARM.Collect$$rtentry$$00000008) for .ARM.Collect$$rtentry$$00000008
    __rtentry2.o(.ARM.exidx) refers to __rtentry2.o(.ARM.Collect$$rtentry$$0000000A) for .ARM.Collect$$rtentry$$0000000A
    __rtentry2.o(.ARM.exidx) refers to __rtentry2.o(.ARM.Collect$$rtentry$$0000000B) for .ARM.Collect$$rtentry$$0000000B
    __rtentry2.o(.ARM.exidx) refers to __rtentry2.o(.ARM.Collect$$rtentry$$0000000D) for .ARM.Collect$$rtentry$$0000000D
    __rtentry4.o(.ARM.Collect$$rtentry$$00000004) refers to sys_stackheap_outer.o(.text) for __user_setup_stackheap
    __rtentry4.o(.ARM.exidx) refers to __rtentry4.o(.ARM.Collect$$rtentry$$00000004) for .ARM.Collect$$rtentry$$00000004
    rt_div0.o(.text) refers to defsig_fpe_outer.o(.text) for __rt_SIGFPE
    dcmpin.o(.text) refers (Special) to usenofp.o(x$fpl$usenofp) for __I$use$fp
    dcmpin.o(.text) refers to cmpret.o(.text) for __fpl_cmpreturn
    dcmpin.o(.text) refers to dnan2.o(.text) for __fpl_dcheck_NaN2
    sys_stackheap_outer.o(.text) refers to libspace.o(.text) for __user_perproc_libspace
    sys_stackheap_outer.o(.text) refers to startup_mspm0g350x_uvision.o(.text) for __user_initial_stackheap
    sys_stackheap_outer.o(__vectab_stack_and_reset_area) refers to tempstk.o(.text) for __temporary_stack_top
    sys_stackheap_outer.o(__vectab_stack_and_reset_area) refers to __main.o(!!!main) for __main
    exit.o(.text) refers to rtexit.o(.ARM.Collect$$rtexit$$00000000) for __rt_exit
    defsig_fpe_outer.o(.text) refers to defsig_fpe_inner.o(.text) for __rt_SIGFPE_inner
    defsig_fpe_outer.o(.text) refers to defsig_exit.o(.text) for __sig_exit
    defsig_fpe_formal.o(.text) refers to rt_raise.o(.text) for __rt_raise
    libinit.o(.ARM.Collect$$libinit$$00000000) refers (Special) to libinit2.o(.ARM.Collect$$libinit$$0000002E) for __rt_lib_init_alloca_1
    libinit.o(.ARM.Collect$$libinit$$00000000) refers (Special) to libinit2.o(.ARM.Collect$$libinit$$0000002C) for __rt_lib_init_argv_1
    libinit.o(.ARM.Collect$$libinit$$00000000) refers (Special) to libinit2.o(.ARM.Collect$$libinit$$0000001B) for __rt_lib_init_atexit_1
    libinit.o(.ARM.Collect$$libinit$$00000000) refers (Special) to libinit2.o(.ARM.Collect$$libinit$$00000021) for __rt_lib_init_clock_1
    libinit.o(.ARM.Collect$$libinit$$00000000) refers (Special) to libinit2.o(.ARM.Collect$$libinit$$00000032) for __rt_lib_init_cpp_1
    libinit.o(.ARM.Collect$$libinit$$00000000) refers (Special) to libinit2.o(.ARM.Collect$$libinit$$00000030) for __rt_lib_init_exceptions_1
    libinit.o(.ARM.Collect$$libinit$$00000000) refers (Special) to libinit2.o(.ARM.Collect$$libinit$$00000002) for __rt_lib_init_fp_1
    libinit.o(.ARM.Collect$$libinit$$00000000) refers (Special) to libinit2.o(.ARM.Collect$$libinit$$0000001F) for __rt_lib_init_fp_trap_1
    libinit.o(.ARM.Collect$$libinit$$00000000) refers (Special) to libinit2.o(.ARM.Collect$$libinit$$00000023) for __rt_lib_init_getenv_1
    libinit.o(.ARM.Collect$$libinit$$00000000) refers (Special) to libinit2.o(.ARM.Collect$$libinit$$0000000A) for __rt_lib_init_heap_1
    libinit.o(.ARM.Collect$$libinit$$00000000) refers (Special) to libinit2.o(.ARM.Collect$$libinit$$00000011) for __rt_lib_init_lc_collate_1
    libinit.o(.ARM.Collect$$libinit$$00000000) refers (Special) to libinit2.o(.ARM.Collect$$libinit$$00000013) for __rt_lib_init_lc_ctype_1
    libinit.o(.ARM.Collect$$libinit$$00000000) refers (Special) to libinit2.o(.ARM.Collect$$libinit$$00000015) for __rt_lib_init_lc_monetary_1
    libinit.o(.ARM.Collect$$libinit$$00000000) refers (Special) to libinit2.o(.ARM.Collect$$libinit$$00000017) for __rt_lib_init_lc_numeric_1
    libinit.o(.ARM.Collect$$libinit$$00000000) refers (Special) to libinit2.o(.ARM.Collect$$libinit$$00000019) for __rt_lib_init_lc_time_1
    libinit.o(.ARM.Collect$$libinit$$00000000) refers (Special) to libinit2.o(.ARM.Collect$$libinit$$00000004) for __rt_lib_init_preinit_1
    libinit.o(.ARM.Collect$$libinit$$00000000) refers (Special) to libinit2.o(.ARM.Collect$$libinit$$0000000E) for __rt_lib_init_rand_1
    libinit.o(.ARM.Collect$$libinit$$00000000) refers (Special) to libinit2.o(.ARM.Collect$$libinit$$00000033) for __rt_lib_init_return
    libinit.o(.ARM.Collect$$libinit$$00000000) refers (Special) to libinit2.o(.ARM.Collect$$libinit$$0000001D) for __rt_lib_init_signal_1
    libinit.o(.ARM.Collect$$libinit$$00000000) refers (Special) to libinit2.o(.ARM.Collect$$libinit$$00000025) for __rt_lib_init_stdio_1
    libinit.o(.ARM.Collect$$libinit$$00000000) refers (Special) to libinit2.o(.ARM.Collect$$libinit$$0000000C) for __rt_lib_init_user_alloc_1
    cmpret.o(.text) refers (Special) to usenofp.o(x$fpl$usenofp) for __I$use$fp
    dnan2.o(.text) refers (Special) to usenofp.o(x$fpl$usenofp) for __I$use$fp
    dnan2.o(.text) refers to retnan.o(.text) for __fpl_return_NaN
    libspace.o(.text) refers to libspace.o(.bss) for __libspace_start
    rtexit.o(.ARM.Collect$$rtexit$$00000000) refers (Special) to rtexit2.o(.ARM.Collect$$rtexit$$00000004) for __rt_exit_exit
    rtexit.o(.ARM.Collect$$rtexit$$00000000) refers (Special) to rtexit2.o(.ARM.Collect$$rtexit$$00000003) for __rt_exit_ls
    rtexit.o(.ARM.Collect$$rtexit$$00000000) refers (Special) to rtexit2.o(.ARM.Collect$$rtexit$$00000002) for __rt_exit_prels_1
    rtexit.o(.ARM.exidx) refers (Special) to rtexit2.o(.ARM.Collect$$rtexit$$00000004) for __rt_exit_exit
    rtexit.o(.ARM.exidx) refers (Special) to rtexit2.o(.ARM.Collect$$rtexit$$00000003) for __rt_exit_ls
    rtexit.o(.ARM.exidx) refers (Special) to rtexit2.o(.ARM.Collect$$rtexit$$00000002) for __rt_exit_prels_1
    rtexit.o(.ARM.exidx) refers to rtexit.o(.ARM.Collect$$rtexit$$00000000) for .ARM.Collect$$rtexit$$00000000
    rt_raise.o(.text) refers to __raise.o(.text) for __raise
    rt_raise.o(.text) refers to sys_exit.o(.text) for _sys_exit
    defsig_exit.o(.text) refers to sys_exit.o(.text) for _sys_exit
    defsig_fpe_inner.o(.text) refers to defsig_general.o(.text) for __default_signal_display
    libinit2.o(.ARM.Collect$$libinit$$00000010) refers to libinit2.o(.ARM.Collect$$libinit$$0000000F) for .ARM.Collect$$libinit$$0000000F
    libinit2.o(.ARM.Collect$$libinit$$00000012) refers to libinit2.o(.ARM.Collect$$libinit$$0000000F) for .ARM.Collect$$libinit$$0000000F
    libinit2.o(.ARM.Collect$$libinit$$00000014) refers to libinit2.o(.ARM.Collect$$libinit$$0000000F) for .ARM.Collect$$libinit$$0000000F
    libinit2.o(.ARM.Collect$$libinit$$00000016) refers to libinit2.o(.ARM.Collect$$libinit$$0000000F) for .ARM.Collect$$libinit$$0000000F
    libinit2.o(.ARM.Collect$$libinit$$00000018) refers to libinit2.o(.ARM.Collect$$libinit$$0000000F) for .ARM.Collect$$libinit$$0000000F
    libinit2.o(.ARM.Collect$$libinit$$00000026) refers to argv_veneer.o(.text) for __ARM_argv_veneer
    libinit2.o(.ARM.Collect$$libinit$$00000027) refers to argv_veneer.o(.text) for __ARM_argv_veneer
    retnan.o(.text) refers (Special) to usenofp.o(x$fpl$usenofp) for __I$use$fp
    retnan.o(.text) refers to cmpret.o(.text) for __fpl_cmpreturn
    sys_exit.o(.text) refers (Special) to use_no_semi.o(.text) for __I$use$semihosting
    sys_exit.o(.text) refers (Special) to indicate_semi.o(.text) for __semihosting_library_function
    sys_exit_hlt.o(.text) refers (Special) to use_no_semi.o(.text) for __I$use$semihosting
    sys_exit_hlt.o(.text) refers (Special) to indicate_semi.o(.text) for __semihosting_library_function
    rtexit2.o(.ARM.Collect$$rtexit$$00000003) refers to libshutdown.o(.ARM.Collect$$libshutdown$$00000000) for __rt_lib_shutdown
    rtexit2.o(.ARM.Collect$$rtexit$$00000004) refers to sys_exit.o(.text) for _sys_exit
    rtexit2.o(.ARM.exidx) refers to rtexit2.o(.ARM.Collect$$rtexit$$00000001) for .ARM.Collect$$rtexit$$00000001
    rtexit2.o(.ARM.exidx) refers to rtexit2.o(.ARM.Collect$$rtexit$$00000003) for .ARM.Collect$$rtexit$$00000003
    rtexit2.o(.ARM.exidx) refers to rtexit2.o(.ARM.Collect$$rtexit$$00000004) for .ARM.Collect$$rtexit$$00000004
    __raise.o(.text) refers to defsig.o(CL$$defsig) for __default_signal_handler
    defsig_general.o(.text) refers to sys_wrch.o(.text) for _ttywrch
    sys_wrch.o(.text) refers (Special) to use_no_semi.o(.text) for __I$use$semihosting
    sys_wrch.o(.text) refers (Special) to indicate_semi.o(.text) for __semihosting_library_function
    sys_wrch_hlt.o(.text) refers (Special) to use_no_semi.o(.text) for __I$use$semihosting
    sys_wrch_hlt.o(.text) refers (Special) to indicate_semi.o(.text) for __semihosting_library_function
    defsig.o(CL$$defsig) refers to defsig_fpe_inner.o(.text) for __rt_SIGFPE_inner
    defsig.o(CL$$defsig) refers to defsig_rtmem_inner.o(.text) for __rt_SIGRTMEM_inner
    _get_argv_nomalloc.o(.text) refers (Special) to hrguard.o(.text) for __heap_region$guard
    _get_argv_nomalloc.o(.text) refers to defsig_rtmem_outer.o(.text) for __rt_SIGRTMEM
    _get_argv_nomalloc.o(.text) refers to sys_command.o(.text) for _sys_command_string
    libshutdown.o(.ARM.Collect$$libshutdown$$00000000) refers (Special) to libshutdown2.o(.ARM.Collect$$libshutdown$$00000002) for __rt_lib_shutdown_cpp_1
    libshutdown.o(.ARM.Collect$$libshutdown$$00000000) refers (Special) to libshutdown2.o(.ARM.Collect$$libshutdown$$00000007) for __rt_lib_shutdown_fp_trap_1
    libshutdown.o(.ARM.Collect$$libshutdown$$00000000) refers (Special) to libshutdown2.o(.ARM.Collect$$libshutdown$$0000000F) for __rt_lib_shutdown_heap_1
    libshutdown.o(.ARM.Collect$$libshutdown$$00000000) refers (Special) to libshutdown2.o(.ARM.Collect$$libshutdown$$00000010) for __rt_lib_shutdown_return
    libshutdown.o(.ARM.Collect$$libshutdown$$00000000) refers (Special) to libshutdown2.o(.ARM.Collect$$libshutdown$$0000000A) for __rt_lib_shutdown_signal_1
    libshutdown.o(.ARM.Collect$$libshutdown$$00000000) refers (Special) to libshutdown2.o(.ARM.Collect$$libshutdown$$00000004) for __rt_lib_shutdown_stdio_1
    libshutdown.o(.ARM.Collect$$libshutdown$$00000000) refers (Special) to libshutdown2.o(.ARM.Collect$$libshutdown$$0000000C) for __rt_lib_shutdown_user_alloc_1
    sys_command.o(.text) refers (Special) to use_no_semi.o(.text) for __I$use$semihosting
    sys_command.o(.text) refers (Special) to indicate_semi.o(.text) for __semihosting_library_function
    sys_command_hlt.o(.text) refers (Special) to use_no_semi.o(.text) for __I$use$semihosting
    sys_command_hlt.o(.text) refers (Special) to indicate_semi.o(.text) for __semihosting_library_function
    defsig_abrt_inner.o(.text) refers to defsig_general.o(.text) for __default_signal_display
    defsig_rtred_inner.o(.text) refers to defsig_general.o(.text) for __default_signal_display
    defsig_rtmem_inner.o(.text) refers to defsig_general.o(.text) for __default_signal_display
    defsig_rtmem_outer.o(.text) refers to defsig_rtmem_inner.o(.text) for __rt_SIGRTMEM_inner
    defsig_rtmem_outer.o(.text) refers to defsig_exit.o(.text) for __sig_exit
    defsig_rtmem_formal.o(.text) refers to rt_raise.o(.text) for __rt_raise
    defsig_stak_inner.o(.text) refers to defsig_general.o(.text) for __default_signal_display
    defsig_pvfn_inner.o(.text) refers to defsig_general.o(.text) for __default_signal_display
    defsig_cppl_inner.o(.text) refers to defsig_general.o(.text) for __default_signal_display
    defsig_segv_inner.o(.text) refers to defsig_general.o(.text) for __default_signal_display
    defsig_other.o(.text) refers to defsig_general.o(.text) for __default_signal_display


==============================================================================

Removing Unused input sections from the image.

    Removing main.o(.text), (0 bytes).
    Removing main.o(.ARM.exidx.text.delay), (8 bytes).
    Removing main.o(.text.init_stepper_motor), (160 bytes).
    Removing main.o(.ARM.exidx.text.init_stepper_motor), (8 bytes).
    Removing main.o(.text.spin_stepper), (156 bytes).
    Removing main.o(.ARM.exidx.text.spin_stepper), (8 bytes).
    Removing main.o(.ARM.exidx.text.main), (8 bytes).
    Removing main.o(.ARM.use_no_argv), (4 bytes).
    Removing dc_motor.o(.text), (0 bytes).
    Removing dc_motor.o(.ARM.exidx.text.init_dc_motor), (8 bytes).
    Removing dc_motor.o(.ARM.exidx.text.dc_forward), (8 bytes).
    Removing dc_motor.o(.ARM.exidx.text.dc_backwards), (8 bytes).
    Removing sysctl.o(.text), (0 bytes).
    Removing sysctl.o(.text.SYSCTL_SYSCLK_set), (328 bytes).
    Removing sysctl.o(.ARM.exidx.text.SYSCTL_SYSCLK_set), (8 bytes).
    Removing sysctl.o(.ARM.exidx.text.SYSCTL_SYSCLK_getMCLK), (8 bytes).
    Removing sysctl.o(.text.SYSCTL_SYSCLK_getULPCLK), (32 bytes).
    Removing sysctl.o(.ARM.exidx.text.SYSCTL_SYSCLK_getULPCLK), (8 bytes).
    Removing timers.o(.text), (0 bytes).
    Removing timers.o(.text.TIMG0_init), (116 bytes).
    Removing timers.o(.ARM.exidx.text.TIMG0_init), (8 bytes).
    Removing timers.o(.text.__NVIC_EnableIRQ), (24 bytes).
    Removing timers.o(.ARM.exidx.text.__NVIC_EnableIRQ), (8 bytes).
    Removing timers.o(.text.TIMG6_init), (116 bytes).
    Removing timers.o(.ARM.exidx.text.TIMG6_init), (8 bytes).
    Removing timers.o(.text.TIMG12_init), (112 bytes).
    Removing timers.o(.ARM.exidx.text.TIMG12_init), (8 bytes).
    Removing timers.o(.text.TIMA0_PWM_init), (388 bytes).
    Removing timers.o(.ARM.exidx.text.TIMA0_PWM_init), (8 bytes).
    Removing timers.o(.ARM.exidx.text.TIMA0_PWM_freq_init), (8 bytes).
    Removing timers.o(.text.TIMA1_PWM_init), (216 bytes).
    Removing timers.o(.ARM.exidx.text.TIMA1_PWM_init), (8 bytes).
    Removing timers.o(.ARM.exidx.text.TIMA0_PWM_DutyCycle), (8 bytes).
    Removing timers.o(.ARM.exidx.text.TIMA1_PWM_DutyCycle), (8 bytes).

34 unused section(s) (total 1804 bytes) removed from the image.

==============================================================================

Image Symbol Table

    Local Symbols

    Symbol Name                              Value     Ov Type        Size  Object(Section)

    ../clib/angel/boardlib.s                 0x00000000   Number         0  boardinit1.o ABSOLUTE
    ../clib/angel/boardlib.s                 0x00000000   Number         0  boardinit2.o ABSOLUTE
    ../clib/angel/boardlib.s                 0x00000000   Number         0  boardinit3.o ABSOLUTE
    ../clib/angel/boardlib.s                 0x00000000   Number         0  boardshut.o ABSOLUTE
    ../clib/angel/handlers.s                 0x00000000   Number         0  __scatter_copy.o ABSOLUTE
    ../clib/angel/handlers.s                 0x00000000   Number         0  __scatter_zi.o ABSOLUTE
    ../clib/angel/kernel.s                   0x00000000   Number         0  __rtentry.o ABSOLUTE
    ../clib/angel/kernel.s                   0x00000000   Number         0  __rtentry2.o ABSOLUTE
    ../clib/angel/kernel.s                   0x00000000   Number         0  __rtentry4.o ABSOLUTE
    ../clib/angel/kernel.s                   0x00000000   Number         0  rtexit.o ABSOLUTE
    ../clib/angel/kernel.s                   0x00000000   Number         0  rtexit2.o ABSOLUTE
    ../clib/angel/rt.s                       0x00000000   Number         0  aeabi_idiv0.o ABSOLUTE
    ../clib/angel/rt.s                       0x00000000   Number         0  aeabi_idiv0_sigfpe.o ABSOLUTE
    ../clib/angel/rt.s                       0x00000000   Number         0  rt_div0.o ABSOLUTE
    ../clib/angel/rt.s                       0x00000000   Number         0  rt_raise.o ABSOLUTE
    ../clib/angel/scatterp.s                 0x00000000   Number         0  __scatter.o ABSOLUTE
    ../clib/angel/startup.s                  0x00000000   Number         0  __main.o ABSOLUTE
    ../clib/angel/sys.s                      0x00000000   Number         0  sys_stackheap_outer.o ABSOLUTE
    ../clib/angel/sys.s                      0x00000000   Number         0  libspace.o ABSOLUTE
    ../clib/angel/sys.s                      0x00000000   Number         0  tempstk.o ABSOLUTE
    ../clib/angel/sys.s                      0x00000000   Number         0  use_no_semi.o ABSOLUTE
    ../clib/angel/sys.s                      0x00000000   Number         0  indicate_semi.o ABSOLUTE
    ../clib/angel/sysapp.c                   0x00000000   Number         0  sys_exit.o ABSOLUTE
    ../clib/angel/sysapp.c                   0x00000000   Number         0  sys_exit_hlt.o ABSOLUTE
    ../clib/angel/sysapp.c                   0x00000000   Number         0  sys_wrch.o ABSOLUTE
    ../clib/angel/sysapp.c                   0x00000000   Number         0  sys_wrch_hlt.o ABSOLUTE
    ../clib/angel/sysapp.c                   0x00000000   Number         0  sys_command.o ABSOLUTE
    ../clib/angel/sysapp.c                   0x00000000   Number         0  sys_command_hlt.o ABSOLUTE
    ../clib/armsys.c                         0x00000000   Number         0  argv_veneer.o ABSOLUTE
    ../clib/armsys.c                         0x00000000   Number         0  _get_argv_nomalloc.o ABSOLUTE
    ../clib/armsys.c                         0x00000000   Number         0  no_argv.o ABSOLUTE
    ../clib/division.s                       0x00000000   Number         0  aeabi_sdivfast.o ABSOLUTE
    ../clib/division.s                       0x00000000   Number         0  aeabi_sdivfast_div0.o ABSOLUTE
    ../clib/heapalloc.c                      0x00000000   Number         0  hrguard.o ABSOLUTE
    ../clib/heapaux.c                        0x00000000   Number         0  heapauxi.o ABSOLUTE
    ../clib/libinit.s                        0x00000000   Number         0  libinit.o ABSOLUTE
    ../clib/libinit.s                        0x00000000   Number         0  libinit2.o ABSOLUTE
    ../clib/libinit.s                        0x00000000   Number         0  libshutdown.o ABSOLUTE
    ../clib/libinit.s                        0x00000000   Number         0  libshutdown2.o ABSOLUTE
    ../clib/signal.c                         0x00000000   Number         0  defsig_fpe_outer.o ABSOLUTE
    ../clib/signal.c                         0x00000000   Number         0  defsig_fpe_formal.o ABSOLUTE
    ../clib/signal.c                         0x00000000   Number         0  defsig_exit.o ABSOLUTE
    ../clib/signal.c                         0x00000000   Number         0  defsig_fpe_inner.o ABSOLUTE
    ../clib/signal.c                         0x00000000   Number         0  __raise.o ABSOLUTE
    ../clib/signal.c                         0x00000000   Number         0  defsig_general.o ABSOLUTE
    ../clib/signal.c                         0x00000000   Number         0  defsig_abrt_inner.o ABSOLUTE
    ../clib/signal.c                         0x00000000   Number         0  defsig_rtred_inner.o ABSOLUTE
    ../clib/signal.c                         0x00000000   Number         0  defsig_rtmem_inner.o ABSOLUTE
    ../clib/signal.c                         0x00000000   Number         0  defsig_rtmem_outer.o ABSOLUTE
    ../clib/signal.c                         0x00000000   Number         0  defsig_rtmem_formal.o ABSOLUTE
    ../clib/signal.c                         0x00000000   Number         0  defsig_stak_inner.o ABSOLUTE
    ../clib/signal.c                         0x00000000   Number         0  defsig_pvfn_inner.o ABSOLUTE
    ../clib/signal.c                         0x00000000   Number         0  defsig_cppl_inner.o ABSOLUTE
    ../clib/signal.c                         0x00000000   Number         0  defsig_segv_inner.o ABSOLUTE
    ../clib/signal.c                         0x00000000   Number         0  defsig_other.o ABSOLUTE
    ../clib/signal.s                         0x00000000   Number         0  defsig.o ABSOLUTE
    ../clib/stdlib.c                         0x00000000   Number         0  exit.o ABSOLUTE
    ../fplib/cfplib/cmp.c                    0x00000000   Number         0  dcmp.o ABSOLUTE
    ../fplib/cfplib/cmpret.c                 0x00000000   Number         0  cmpret.o ABSOLUTE
    ../fplib/cfplib/daddsub.c                0x00000000   Number         0  daddsub.o ABSOLUTE
    ../fplib/cfplib/dcmpin.c                 0x00000000   Number         0  dcmpin.o ABSOLUTE
    ../fplib/cfplib/dmul.c                   0x00000000   Number         0  dmul.o ABSOLUTE
    ../fplib/cfplib/ffix.c                   0x00000000   Number         0  dfixi.o ABSOLUTE
    ../fplib/cfplib/ffix.c                   0x00000000   Number         0  dfixui.o ABSOLUTE
    ../fplib/cfplib/fflt.c                   0x00000000   Number         0  dflti.o ABSOLUTE
    ../fplib/cfplib/fpinit.c                 0x00000000   Number         0  fpinit.o ABSOLUTE
    ../fplib/cfplib/nan2.c                   0x00000000   Number         0  dnan2.o ABSOLUTE
    ../fplib/cfplib/retnan.c                 0x00000000   Number         0  retnan.o ABSOLUTE
    ../fplib/deqf6m.s                        0x00000000   Number         0  deqf.o ABSOLUTE
    ../fplib/dgeqf6m.s                       0x00000000   Number         0  dgef.o ABSOLUTE
    ../fplib/dleqf6m.s                       0x00000000   Number         0  dlef.o ABSOLUTE
    ../fplib/usenofp.s                       0x00000000   Number         0  usenofp.o ABSOLUTE
    ../source/ti/devices/msp/m0p/startup_system_files/keil/startup_mspm0g350x_uvision.s 0x00000000   Number         0  startup_mspm0g350x_uvision.o ABSOLUTE
    DC_motor.c                               0x00000000   Number         0  dc_motor.o ABSOLUTE
    dc.s                                     0x00000000   Number         0  dc.o ABSOLUTE
    main.c                                   0x00000000   Number         0  main.o ABSOLUTE
    sysctl.c                                 0x00000000   Number         0  sysctl.o ABSOLUTE
    timers.c                                 0x00000000   Number         0  timers.o ABSOLUTE
    RESET                                    0x00000000   Section      192  startup_mspm0g350x_uvision.o(RESET)
    !!!main                                  0x000000c0   Section        8  __main.o(!!!main)
    !!!scatter                               0x000000c8   Section       60  __scatter.o(!!!scatter)
    !!handler_copy                           0x00000108   Section       26  __scatter_copy.o(!!handler_copy)
    !!handler_zi                             0x00000128   Section       28  __scatter_zi.o(!!handler_zi)
    .ARM.Collect$$libinit$$00000000          0x00000144   Section        2  libinit.o(.ARM.Collect$$libinit$$00000000)
    .ARM.Collect$$libinit$$00000002          0x00000146   Section        0  libinit2.o(.ARM.Collect$$libinit$$00000002)
    .ARM.Collect$$libinit$$00000004          0x00000146   Section        0  libinit2.o(.ARM.Collect$$libinit$$00000004)
    .ARM.Collect$$libinit$$0000000A          0x00000146   Section        0  libinit2.o(.ARM.Collect$$libinit$$0000000A)
    .ARM.Collect$$libinit$$0000000C          0x00000146   Section        0  libinit2.o(.ARM.Collect$$libinit$$0000000C)
    .ARM.Collect$$libinit$$0000000E          0x00000146   Section        0  libinit2.o(.ARM.Collect$$libinit$$0000000E)
    .ARM.Collect$$libinit$$00000011          0x00000146   Section        0  libinit2.o(.ARM.Collect$$libinit$$00000011)
    .ARM.Collect$$libinit$$00000013          0x00000146   Section        0  libinit2.o(.ARM.Collect$$libinit$$00000013)
    .ARM.Collect$$libinit$$00000015          0x00000146   Section        0  libinit2.o(.ARM.Collect$$libinit$$00000015)
    .ARM.Collect$$libinit$$00000017          0x00000146   Section        0  libinit2.o(.ARM.Collect$$libinit$$00000017)
    .ARM.Collect$$libinit$$00000019          0x00000146   Section        0  libinit2.o(.ARM.Collect$$libinit$$00000019)
    .ARM.Collect$$libinit$$0000001B          0x00000146   Section        0  libinit2.o(.ARM.Collect$$libinit$$0000001B)
    .ARM.Collect$$libinit$$0000001D          0x00000146   Section        0  libinit2.o(.ARM.Collect$$libinit$$0000001D)
    .ARM.Collect$$libinit$$0000001F          0x00000146   Section        0  libinit2.o(.ARM.Collect$$libinit$$0000001F)
    .ARM.Collect$$libinit$$00000021          0x00000146   Section        0  libinit2.o(.ARM.Collect$$libinit$$00000021)
    .ARM.Collect$$libinit$$00000023          0x00000146   Section        0  libinit2.o(.ARM.Collect$$libinit$$00000023)
    .ARM.Collect$$libinit$$00000025          0x00000146   Section        0  libinit2.o(.ARM.Collect$$libinit$$00000025)
    .ARM.Collect$$libinit$$0000002C          0x00000146   Section        0  libinit2.o(.ARM.Collect$$libinit$$0000002C)
    .ARM.Collect$$libinit$$0000002E          0x00000146   Section        0  libinit2.o(.ARM.Collect$$libinit$$0000002E)
    .ARM.Collect$$libinit$$00000030          0x00000146   Section        0  libinit2.o(.ARM.Collect$$libinit$$00000030)
    .ARM.Collect$$libinit$$00000032          0x00000146   Section        0  libinit2.o(.ARM.Collect$$libinit$$00000032)
    .ARM.Collect$$libinit$$00000033          0x00000146   Section        2  libinit2.o(.ARM.Collect$$libinit$$00000033)
    .ARM.Collect$$libshutdown$$00000000      0x00000148   Section        2  libshutdown.o(.ARM.Collect$$libshutdown$$00000000)
    .ARM.Collect$$libshutdown$$00000002      0x0000014a   Section        0  libshutdown2.o(.ARM.Collect$$libshutdown$$00000002)
    .ARM.Collect$$libshutdown$$00000004      0x0000014a   Section        0  libshutdown2.o(.ARM.Collect$$libshutdown$$00000004)
    .ARM.Collect$$libshutdown$$00000007      0x0000014a   Section        0  libshutdown2.o(.ARM.Collect$$libshutdown$$00000007)
    .ARM.Collect$$libshutdown$$0000000A      0x0000014a   Section        0  libshutdown2.o(.ARM.Collect$$libshutdown$$0000000A)
    .ARM.Collect$$libshutdown$$0000000C      0x0000014a   Section        0  libshutdown2.o(.ARM.Collect$$libshutdown$$0000000C)
    .ARM.Collect$$libshutdown$$0000000F      0x0000014a   Section        0  libshutdown2.o(.ARM.Collect$$libshutdown$$0000000F)
    .ARM.Collect$$libshutdown$$00000010      0x0000014a   Section        2  libshutdown2.o(.ARM.Collect$$libshutdown$$00000010)
    .ARM.Collect$$rtentry$$00000000          0x0000014c   Section        0  __rtentry.o(.ARM.Collect$$rtentry$$00000000)
    .ARM.Collect$$rtentry$$00000002          0x0000014c   Section        0  __rtentry2.o(.ARM.Collect$$rtentry$$00000002)
    .ARM.Collect$$rtentry$$00000004          0x0000014c   Section        6  __rtentry4.o(.ARM.Collect$$rtentry$$00000004)
    .ARM.Collect$$rtentry$$00000009          0x00000152   Section        0  __rtentry2.o(.ARM.Collect$$rtentry$$00000009)
    .ARM.Collect$$rtentry$$0000000A          0x00000152   Section        4  __rtentry2.o(.ARM.Collect$$rtentry$$0000000A)
    .ARM.Collect$$rtentry$$0000000C          0x00000156   Section        0  __rtentry2.o(.ARM.Collect$$rtentry$$0000000C)
    .ARM.Collect$$rtentry$$0000000D          0x00000156   Section        8  __rtentry2.o(.ARM.Collect$$rtentry$$0000000D)
    .ARM.Collect$$rtexit$$00000000           0x0000015e   Section        2  rtexit.o(.ARM.Collect$$rtexit$$00000000)
    .ARM.Collect$$rtexit$$00000002           0x00000160   Section        0  rtexit2.o(.ARM.Collect$$rtexit$$00000002)
    .ARM.Collect$$rtexit$$00000003           0x00000160   Section        4  rtexit2.o(.ARM.Collect$$rtexit$$00000003)
    .ARM.Collect$$rtexit$$00000004           0x00000164   Section        6  rtexit2.o(.ARM.Collect$$rtexit$$00000004)
    .text                                    0x0000016c   Section       48  startup_mspm0g350x_uvision.o(.text)
    .text                                    0x0000019c   Section        0  heapauxi.o(.text)
    _dadd1                                   0x000001a5   Thumb Code   290  daddsub.o(.text)
    .text                                    0x000001a4   Section        0  daddsub.o(.text)
    _dsub1                                   0x000002c7   Thumb Code   470  daddsub.o(.text)
    .text                                    0x000004fc   Section        0  dfixi.o(.text)
    .text                                    0x00000568   Section        0  dfixui.o(.text)
    .text                                    0x000005b0   Section        0  dflti.o(.text)
    .text                                    0x00000608   Section        0  dmul.o(.text)
    .text                                    0x00000850   Section        0  dcmpin.o(.text)
    .text                                    0x000008f0   Section       62  sys_stackheap_outer.o(.text)
    .text                                    0x0000092e   Section        0  exit.o(.text)
    .text                                    0x0000093e   Section        0  cmpret.o(.text)
    .text                                    0x0000096c   Section        0  dnan2.o(.text)
    .text                                    0x00000980   Section        8  libspace.o(.text)
    .text                                    0x00000988   Section        0  retnan.o(.text)
    .text                                    0x000009e8   Section        0  sys_exit.o(.text)
    .text                                    0x000009f4   Section        2  use_no_semi.o(.text)
    .text                                    0x000009f6   Section        0  indicate_semi.o(.text)
    [Anonymous Symbol]                       0x000009f8   Section        0  sysctl.o(.text.SYSCTL_SYSCLK_getMCLK)
    __arm_cp.1_0                             0x00000a00   Number         4  sysctl.o(.text.SYSCTL_SYSCLK_getMCLK)
    [Anonymous Symbol]                       0x00000a04   Section        0  timers.o(.text.TIMA0_PWM_DutyCycle)
    __arm_cp.7_0                             0x00000a78   Number         4  timers.o(.text.TIMA0_PWM_DutyCycle)
    [Anonymous Symbol]                       0x00000a7c   Section        0  timers.o(.text.TIMA0_PWM_freq_init)
    __arm_cp.5_0                             0x00000c0c   Number         4  timers.o(.text.TIMA0_PWM_freq_init)
    __arm_cp.5_1                             0x00000c10   Number         4  timers.o(.text.TIMA0_PWM_freq_init)
    __arm_cp.5_2                             0x00000c14   Number         4  timers.o(.text.TIMA0_PWM_freq_init)
    __arm_cp.5_3                             0x00000c18   Number         4  timers.o(.text.TIMA0_PWM_freq_init)
    __arm_cp.5_4                             0x00000c1c   Number         4  timers.o(.text.TIMA0_PWM_freq_init)
    __arm_cp.5_5                             0x00000c20   Number         4  timers.o(.text.TIMA0_PWM_freq_init)
    __arm_cp.5_6                             0x00000c24   Number         4  timers.o(.text.TIMA0_PWM_freq_init)
    __arm_cp.5_7                             0x00000c28   Number         4  timers.o(.text.TIMA0_PWM_freq_init)
    [Anonymous Symbol]                       0x00000c2c   Section        0  timers.o(.text.TIMA1_PWM_DutyCycle)
    __arm_cp.8_1                             0x00000c48   Number         4  timers.o(.text.TIMA1_PWM_DutyCycle)
    [Anonymous Symbol]                       0x00000c4c   Section        0  dc_motor.o(.text.dc_backwards)
    [Anonymous Symbol]                       0x00000c68   Section        0  dc_motor.o(.text.dc_forward)
    [Anonymous Symbol]                       0x00000c82   Section        0  main.o(.text.delay)
    [Anonymous Symbol]                       0x00000cae   Section        0  dc_motor.o(.text.init_dc_motor)
    [Anonymous Symbol]                       0x00000cbc   Section        0  main.o(.text.main)
    __arm_cp.3_0                             0x00000dc4   Number         4  main.o(.text.main)
    __arm_cp.3_1                             0x00000dc8   Number         4  main.o(.text.main)
    __arm_cp.3_2                             0x00000dcc   Number         4  main.o(.text.main)
    __arm_cp.3_3                             0x00000dd0   Number         4  main.o(.text.main)
    __arm_cp.3_4                             0x00000dd4   Number         4  main.o(.text.main)
    __arm_cp.3_5                             0x00000dd8   Number         4  main.o(.text.main)
    __arm_cp.3_6                             0x00000ddc   Number         4  main.o(.text.main)
    .text_divfast                            0x00000de0   Section      502  aeabi_sdivfast.o(.text_divfast)
    i._dgeq                                  0x00000fd6   Section        0  dcmp.o(i._dgeq)
    i._dgr                                   0x00000fec   Section        0  dcmp.o(i._dgr)
    i._dleq                                  0x00001002   Section        0  dcmp.o(i._dleq)
    i._dls                                   0x0000101c   Section        0  dcmp.o(i._dls)
    x$fpl$dgeqf                              0x00001034   Section      100  dgef.o(x$fpl$dgeqf)
    x$fpl$dleqf                              0x00001098   Section      100  dlef.o(x$fpl$dleqf)
    x$fpl$usenofp                            0x000010fc   Section        0  usenofp.o(x$fpl$usenofp)
    SystemMasterClock                        0x20200000   Data           4  sysctl.o(.data.SystemMasterClock)
    [Anonymous Symbol]                       0x20200000   Section        0  sysctl.o(.data.SystemMasterClock)
    .bss                                     0x20200008   Section       96  libspace.o(.bss)
    global_period_tim0                       0x20200068   Data           2  timers.o(.bss.global_period_tim0)
    [Anonymous Symbol]                       0x20200068   Section        0  timers.o(.bss.global_period_tim0)
    Heap_Mem                                 0x20200070   Data         512  startup_mspm0g350x_uvision.o(HEAP)
    HEAP                                     0x20200070   Section      512  startup_mspm0g350x_uvision.o(HEAP)
    Stack_Mem                                0x20200270   Data         512  startup_mspm0g350x_uvision.o(STACK)
    STACK                                    0x20200270   Section      512  startup_mspm0g350x_uvision.o(STACK)
    __initial_sp                             0x20200470   Data           0  startup_mspm0g350x_uvision.o(STACK)

    Global Symbols

    Symbol Name                              Value     Ov Type        Size  Object(Section)

    BuildAttributes$$THM_ISAv3M$S$PE$A:L22$X:L11$S22$IEEE1$IW$~IW$USESV6$~STKCKD$USESV7$~SHL$OTIME$ROPI$EBA8$UX$STANDARDLIB$REQ8$PRES8$EABIv2 0x00000000   Number         0  anon$$obj.o ABSOLUTE
    __Vectors                                0x00000000   Data           4  startup_mspm0g350x_uvision.o(RESET)
    __ARM_exceptions_init                     - Undefined Weak Reference
    __alloca_initialize                       - Undefined Weak Reference
    __arm_preinit_                            - Undefined Weak Reference
    __cpp_initialize__aeabi_                  - Undefined Weak Reference
    __cxa_finalize                            - Undefined Weak Reference
    __rt_locale                               - Undefined Weak Reference
    __sigvec_lookup                           - Undefined Weak Reference
    _atexit_init                              - Undefined Weak Reference
    _call_atexit_fns                          - Undefined Weak Reference
    _clock_init                               - Undefined Weak Reference
    _fp_trap_init                             - Undefined Weak Reference
    _fp_trap_shutdown                         - Undefined Weak Reference
    _get_lc_collate                           - Undefined Weak Reference
    _get_lc_ctype                             - Undefined Weak Reference
    _get_lc_monetary                          - Undefined Weak Reference
    _get_lc_numeric                           - Undefined Weak Reference
    _get_lc_time                              - Undefined Weak Reference
    _getenv_init                              - Undefined Weak Reference
    _handle_redirection                       - Undefined Weak Reference
    _init_alloc                               - Undefined Weak Reference
    _init_user_alloc                          - Undefined Weak Reference
    _initio                                   - Undefined Weak Reference
    _rand_init                                - Undefined Weak Reference
    _signal_finish                            - Undefined Weak Reference
    _signal_init                              - Undefined Weak Reference
    _terminate_alloc                          - Undefined Weak Reference
    _terminate_user_alloc                     - Undefined Weak Reference
    _terminateio                              - Undefined Weak Reference
    __Vectors_End                            0x000000c0   Data           0  startup_mspm0g350x_uvision.o(RESET)
    __Vectors_Size                           0x000000c0   Number         0  startup_mspm0g350x_uvision.o ABSOLUTE
    __main                                   0x000000c1   Thumb Code     8  __main.o(!!!main)
    __scatterload                            0x000000c9   Thumb Code     0  __scatter.o(!!!scatter)
    __scatterload_rt2                        0x000000c9   Thumb Code    52  __scatter.o(!!!scatter)
    __scatterload_rt2_thumb_only             0x000000c9   Thumb Code     0  __scatter.o(!!!scatter)
    __scatterload_null                       0x000000d9   Thumb Code     0  __scatter.o(!!!scatter)
    __scatterload_copy                       0x00000109   Thumb Code    26  __scatter_copy.o(!!handler_copy)
    __scatterload_zeroinit                   0x00000129   Thumb Code    28  __scatter_zi.o(!!handler_zi)
    __rt_lib_init                            0x00000145   Thumb Code     0  libinit.o(.ARM.Collect$$libinit$$00000000)
    __rt_lib_init_alloca_1                   0x00000147   Thumb Code     0  libinit2.o(.ARM.Collect$$libinit$$0000002E)
    __rt_lib_init_argv_1                     0x00000147   Thumb Code     0  libinit2.o(.ARM.Collect$$libinit$$0000002C)
    __rt_lib_init_atexit_1                   0x00000147   Thumb Code     0  libinit2.o(.ARM.Collect$$libinit$$0000001B)
    __rt_lib_init_clock_1                    0x00000147   Thumb Code     0  libinit2.o(.ARM.Collect$$libinit$$00000021)
    __rt_lib_init_cpp_1                      0x00000147   Thumb Code     0  libinit2.o(.ARM.Collect$$libinit$$00000032)
    __rt_lib_init_exceptions_1               0x00000147   Thumb Code     0  libinit2.o(.ARM.Collect$$libinit$$00000030)
    __rt_lib_init_fp_1                       0x00000147   Thumb Code     0  libinit2.o(.ARM.Collect$$libinit$$00000002)
    __rt_lib_init_fp_trap_1                  0x00000147   Thumb Code     0  libinit2.o(.ARM.Collect$$libinit$$0000001F)
    __rt_lib_init_getenv_1                   0x00000147   Thumb Code     0  libinit2.o(.ARM.Collect$$libinit$$00000023)
    __rt_lib_init_heap_1                     0x00000147   Thumb Code     0  libinit2.o(.ARM.Collect$$libinit$$0000000A)
    __rt_lib_init_lc_collate_1               0x00000147   Thumb Code     0  libinit2.o(.ARM.Collect$$libinit$$00000011)
    __rt_lib_init_lc_ctype_1                 0x00000147   Thumb Code     0  libinit2.o(.ARM.Collect$$libinit$$00000013)
    __rt_lib_init_lc_monetary_1              0x00000147   Thumb Code     0  libinit2.o(.ARM.Collect$$libinit$$00000015)
    __rt_lib_init_lc_numeric_1               0x00000147   Thumb Code     0  libinit2.o(.ARM.Collect$$libinit$$00000017)
    __rt_lib_init_lc_time_1                  0x00000147   Thumb Code     0  libinit2.o(.ARM.Collect$$libinit$$00000019)
    __rt_lib_init_preinit_1                  0x00000147   Thumb Code     0  libinit2.o(.ARM.Collect$$libinit$$00000004)
    __rt_lib_init_rand_1                     0x00000147   Thumb Code     0  libinit2.o(.ARM.Collect$$libinit$$0000000E)
    __rt_lib_init_return                     0x00000147   Thumb Code     0  libinit2.o(.ARM.Collect$$libinit$$00000033)
    __rt_lib_init_signal_1                   0x00000147   Thumb Code     0  libinit2.o(.ARM.Collect$$libinit$$0000001D)
    __rt_lib_init_stdio_1                    0x00000147   Thumb Code     0  libinit2.o(.ARM.Collect$$libinit$$00000025)
    __rt_lib_init_user_alloc_1               0x00000147   Thumb Code     0  libinit2.o(.ARM.Collect$$libinit$$0000000C)
    __rt_lib_shutdown                        0x00000149   Thumb Code     0  libshutdown.o(.ARM.Collect$$libshutdown$$00000000)
    __rt_lib_shutdown_cpp_1                  0x0000014b   Thumb Code     0  libshutdown2.o(.ARM.Collect$$libshutdown$$00000002)
    __rt_lib_shutdown_fp_trap_1              0x0000014b   Thumb Code     0  libshutdown2.o(.ARM.Collect$$libshutdown$$00000007)
    __rt_lib_shutdown_heap_1                 0x0000014b   Thumb Code     0  libshutdown2.o(.ARM.Collect$$libshutdown$$0000000F)
    __rt_lib_shutdown_return                 0x0000014b   Thumb Code     0  libshutdown2.o(.ARM.Collect$$libshutdown$$00000010)
    __rt_lib_shutdown_signal_1               0x0000014b   Thumb Code     0  libshutdown2.o(.ARM.Collect$$libshutdown$$0000000A)
    __rt_lib_shutdown_stdio_1                0x0000014b   Thumb Code     0  libshutdown2.o(.ARM.Collect$$libshutdown$$00000004)
    __rt_lib_shutdown_user_alloc_1           0x0000014b   Thumb Code     0  libshutdown2.o(.ARM.Collect$$libshutdown$$0000000C)
    __rt_entry                               0x0000014d   Thumb Code     0  __rtentry.o(.ARM.Collect$$rtentry$$00000000)
    __rt_entry_presh_1                       0x0000014d   Thumb Code     0  __rtentry2.o(.ARM.Collect$$rtentry$$00000002)
    __rt_entry_sh                            0x0000014d   Thumb Code     0  __rtentry4.o(.ARM.Collect$$rtentry$$00000004)
    __rt_entry_li                            0x00000153   Thumb Code     0  __rtentry2.o(.ARM.Collect$$rtentry$$0000000A)
    __rt_entry_postsh_1                      0x00000153   Thumb Code     0  __rtentry2.o(.ARM.Collect$$rtentry$$00000009)
    __rt_entry_main                          0x00000157   Thumb Code     0  __rtentry2.o(.ARM.Collect$$rtentry$$0000000D)
    __rt_entry_postli_1                      0x00000157   Thumb Code     0  __rtentry2.o(.ARM.Collect$$rtentry$$0000000C)
    __rt_exit                                0x0000015f   Thumb Code     0  rtexit.o(.ARM.Collect$$rtexit$$00000000)
    __rt_exit_ls                             0x00000161   Thumb Code     0  rtexit2.o(.ARM.Collect$$rtexit$$00000003)
    __rt_exit_prels_1                        0x00000161   Thumb Code     0  rtexit2.o(.ARM.Collect$$rtexit$$00000002)
    __rt_exit_exit                           0x00000165   Thumb Code     0  rtexit2.o(.ARM.Collect$$rtexit$$00000004)
    Reset_Handler                            0x0000016d   Thumb Code     4  startup_mspm0g350x_uvision.o(.text)
    NMI_Handler                              0x00000171   Thumb Code     2  startup_mspm0g350x_uvision.o(.text)
    HardFault_Handler                        0x00000173   Thumb Code     2  startup_mspm0g350x_uvision.o(.text)
    SVC_Handler                              0x00000175   Thumb Code     2  startup_mspm0g350x_uvision.o(.text)
    PendSV_Handler                           0x00000177   Thumb Code     2  startup_mspm0g350x_uvision.o(.text)
    SysTick_Handler                          0x00000179   Thumb Code     2  startup_mspm0g350x_uvision.o(.text)
    ADC0_IRQHandler                          0x0000017b   Thumb Code     0  startup_mspm0g350x_uvision.o(.text)
    ADC1_IRQHandler                          0x0000017b   Thumb Code     0  startup_mspm0g350x_uvision.o(.text)
    AES_IRQHandler                           0x0000017b   Thumb Code     0  startup_mspm0g350x_uvision.o(.text)
    CANFD0_IRQHandler                        0x0000017b   Thumb Code     0  startup_mspm0g350x_uvision.o(.text)
    DAC0_IRQHandler                          0x0000017b   Thumb Code     0  startup_mspm0g350x_uvision.o(.text)
    DMA_IRQHandler                           0x0000017b   Thumb Code     0  startup_mspm0g350x_uvision.o(.text)
    Default_Handler                          0x0000017b   Thumb Code     2  startup_mspm0g350x_uvision.o(.text)
    GROUP0_IRQHandler                        0x0000017b   Thumb Code     0  startup_mspm0g350x_uvision.o(.text)
    GROUP1_IRQHandler                        0x0000017b   Thumb Code     0  startup_mspm0g350x_uvision.o(.text)
    I2C0_IRQHandler                          0x0000017b   Thumb Code     0  startup_mspm0g350x_uvision.o(.text)
    I2C1_IRQHandler                          0x0000017b   Thumb Code     0  startup_mspm0g350x_uvision.o(.text)
    RTC_IRQHandler                           0x0000017b   Thumb Code     0  startup_mspm0g350x_uvision.o(.text)
    SPI0_IRQHandler                          0x0000017b   Thumb Code     0  startup_mspm0g350x_uvision.o(.text)
    SPI1_IRQHandler                          0x0000017b   Thumb Code     0  startup_mspm0g350x_uvision.o(.text)
    TIMA0_IRQHandler                         0x0000017b   Thumb Code     0  startup_mspm0g350x_uvision.o(.text)
    TIMA1_IRQHandler                         0x0000017b   Thumb Code     0  startup_mspm0g350x_uvision.o(.text)
    TIMG0_IRQHandler                         0x0000017b   Thumb Code     0  startup_mspm0g350x_uvision.o(.text)
    TIMG12_IRQHandler                        0x0000017b   Thumb Code     0  startup_mspm0g350x_uvision.o(.text)
    TIMG6_IRQHandler                         0x0000017b   Thumb Code     0  startup_mspm0g350x_uvision.o(.text)
    TIMG7_IRQHandler                         0x0000017b   Thumb Code     0  startup_mspm0g350x_uvision.o(.text)
    TIMG8_IRQHandler                         0x0000017b   Thumb Code     0  startup_mspm0g350x_uvision.o(.text)
    UART0_IRQHandler                         0x0000017b   Thumb Code     0  startup_mspm0g350x_uvision.o(.text)
    UART1_IRQHandler                         0x0000017b   Thumb Code     0  startup_mspm0g350x_uvision.o(.text)
    UART2_IRQHandler                         0x0000017b   Thumb Code     0  startup_mspm0g350x_uvision.o(.text)
    UART3_IRQHandler                         0x0000017b   Thumb Code     0  startup_mspm0g350x_uvision.o(.text)
    __user_initial_stackheap                 0x0000017d   Thumb Code    10  startup_mspm0g350x_uvision.o(.text)
    __use_two_region_memory                  0x0000019d   Thumb Code     2  heapauxi.o(.text)
    __rt_heap_escrow$2region                 0x0000019f   Thumb Code     2  heapauxi.o(.text)
    __rt_heap_expand$2region                 0x000001a1   Thumb Code     2  heapauxi.o(.text)
    __aeabi_dadd                             0x0000049d   Thumb Code     0  daddsub.o(.text)
    _dadd                                    0x0000049d   Thumb Code    26  daddsub.o(.text)
    __aeabi_dsub                             0x000004b7   Thumb Code     0  daddsub.o(.text)
    _dsub                                    0x000004b7   Thumb Code    22  daddsub.o(.text)
    __aeabi_drsub                            0x000004cd   Thumb Code     0  daddsub.o(.text)
    _drsb                                    0x000004cd   Thumb Code    28  daddsub.o(.text)
    __aeabi_d2iz                             0x000004fd   Thumb Code     0  dfixi.o(.text)
    _dfix                                    0x000004fd   Thumb Code    98  dfixi.o(.text)
    __aeabi_d2uiz                            0x00000569   Thumb Code     0  dfixui.o(.text)
    _dfixu                                   0x00000569   Thumb Code    68  dfixui.o(.text)
    __aeabi_i2d_normalise                    0x000005b1   Thumb Code    66  dflti.o(.text)
    __aeabi_i2d                              0x000005f3   Thumb Code    16  dflti.o(.text)
    _dflt                                    0x000005f3   Thumb Code     0  dflti.o(.text)
    __aeabi_ui2d                             0x00000603   Thumb Code     6  dflti.o(.text)
    _dfltu                                   0x00000603   Thumb Code     0  dflti.o(.text)
    __aeabi_dmul                             0x00000609   Thumb Code     0  dmul.o(.text)
    _dmul                                    0x00000609   Thumb Code   558  dmul.o(.text)
    __fpl_dcmp_InfNaN                        0x00000851   Thumb Code   154  dcmpin.o(.text)
    __user_setup_stackheap                   0x000008f1   Thumb Code    62  sys_stackheap_outer.o(.text)
    exit                                     0x0000092f   Thumb Code    16  exit.o(.text)
    __fpl_cmpreturn                          0x0000093f   Thumb Code    46  cmpret.o(.text)
    __fpl_dcheck_NaN2                        0x0000096d   Thumb Code    14  dnan2.o(.text)
    __user_libspace                          0x00000981   Thumb Code     8  libspace.o(.text)
    __user_perproc_libspace                  0x00000981   Thumb Code     0  libspace.o(.text)
    __user_perthread_libspace                0x00000981   Thumb Code     0  libspace.o(.text)
    __fpl_return_NaN                         0x00000989   Thumb Code    94  retnan.o(.text)
    _sys_exit                                0x000009e9   Thumb Code     8  sys_exit.o(.text)
    __I$use$semihosting                      0x000009f5   Thumb Code     0  use_no_semi.o(.text)
    __use_no_semihosting_swi                 0x000009f5   Thumb Code     2  use_no_semi.o(.text)
    __semihosting_library_function           0x000009f7   Thumb Code     0  indicate_semi.o(.text)
    SYSCTL_SYSCLK_getMCLK                    0x000009f9   Thumb Code    12  sysctl.o(.text.SYSCTL_SYSCLK_getMCLK)
    TIMA0_PWM_DutyCycle                      0x00000a05   Thumb Code   120  timers.o(.text.TIMA0_PWM_DutyCycle)
    TIMA0_PWM_freq_init                      0x00000a7d   Thumb Code   432  timers.o(.text.TIMA0_PWM_freq_init)
    TIMA1_PWM_DutyCycle                      0x00000c2d   Thumb Code    32  timers.o(.text.TIMA1_PWM_DutyCycle)
    dc_backwards                             0x00000c4d   Thumb Code    28  dc_motor.o(.text.dc_backwards)
    dc_forward                               0x00000c69   Thumb Code    26  dc_motor.o(.text.dc_forward)
    delay                                    0x00000c83   Thumb Code    44  main.o(.text.delay)
    init_dc_motor                            0x00000caf   Thumb Code    12  dc_motor.o(.text.init_dc_motor)
    main                                     0x00000cbd   Thumb Code   292  main.o(.text.main)
    __aeabi_uidiv                            0x00000de1   Thumb Code    68  aeabi_sdivfast.o(.text_divfast)
    __aeabi_idiv                             0x00000e25   Thumb Code   434  aeabi_sdivfast.o(.text_divfast)
    __aeabi_dcmpge                           0x00000fd7   Thumb Code     0  dcmp.o(i._dgeq)
    _dgeq                                    0x00000fd7   Thumb Code    22  dcmp.o(i._dgeq)
    __aeabi_dcmpgt                           0x00000fed   Thumb Code     0  dcmp.o(i._dgr)
    _dgr                                     0x00000fed   Thumb Code    22  dcmp.o(i._dgr)
    __aeabi_dcmple                           0x00001003   Thumb Code     0  dcmp.o(i._dleq)
    _dleq                                    0x00001003   Thumb Code    26  dcmp.o(i._dleq)
    __aeabi_dcmplt                           0x0000101d   Thumb Code     0  dcmp.o(i._dls)
    _dls                                     0x0000101d   Thumb Code    22  dcmp.o(i._dls)
    _dcmpge                                  0x00001035   Thumb Code    94  dgef.o(x$fpl$dgeqf)
    __aeabi_cdcmple                          0x00001099   Thumb Code     0  dlef.o(x$fpl$dleqf)
    _dcmple                                  0x00001099   Thumb Code    94  dlef.o(x$fpl$dleqf)
    __I$use$fp                               0x000010fc   Number         0  usenofp.o(x$fpl$usenofp)
    Region$$Table$$Base                      0x00001100   Number         0  anon$$obj.o(Region$$Table)
    Region$$Table$$Limit                     0x00001120   Number         0  anon$$obj.o(Region$$Table)
    __libspace_start                         0x20200008   Data          96  libspace.o(.bss)
    __temporary_stack_top$libspace           0x20200068   Data           0  libspace.o(.bss)



==============================================================================

Memory Map of the image

  Image Entry point : 0x000000c1

  Load Region LR_IROM1 (Base: 0x00000000, Size: 0x00001128, Max: 0x00020000, ABSOLUTE)

    Execution Region ER_IROM1 (Exec base: 0x00000000, Load base: 0x00000000, Size: 0x00001120, Max: 0x00020000, ABSOLUTE)

    Exec Addr    Load Addr    Size         Type   Attr      Idx    E Section Name        Object

    0x00000000   0x00000000   0x000000c0   Data   RO           34    RESET               startup_mspm0g350x_uvision.o
    0x000000c0   0x000000c0   0x00000008   Code   RO           95  * !!!main             c_p.l(__main.o)
    0x000000c8   0x000000c8   0x0000003c   Code   RO          307    !!!scatter          c_p.l(__scatter.o)
    0x00000104   0x00000104   0x00000004   PAD
    0x00000108   0x00000108   0x0000001a   Code   RO          309    !!handler_copy      c_p.l(__scatter_copy.o)
    0x00000122   0x00000122   0x00000006   PAD
    0x00000128   0x00000128   0x0000001c   Code   RO          311    !!handler_zi        c_p.l(__scatter_zi.o)
    0x00000144   0x00000144   0x00000002   Code   RO          164    .ARM.Collect$$libinit$$00000000  c_p.l(libinit.o)
    0x00000146   0x00000146   0x00000000   Code   RO          182    .ARM.Collect$$libinit$$00000002  c_p.l(libinit2.o)
    0x00000146   0x00000146   0x00000000   Code   RO          184    .ARM.Collect$$libinit$$00000004  c_p.l(libinit2.o)
    0x00000146   0x00000146   0x00000000   Code   RO          187    .ARM.Collect$$libinit$$0000000A  c_p.l(libinit2.o)
    0x00000146   0x00000146   0x00000000   Code   RO          189    .ARM.Collect$$libinit$$0000000C  c_p.l(libinit2.o)
    0x00000146   0x00000146   0x00000000   Code   RO          191    .ARM.Collect$$libinit$$0000000E  c_p.l(libinit2.o)
    0x00000146   0x00000146   0x00000000   Code   RO          194    .ARM.Collect$$libinit$$00000011  c_p.l(libinit2.o)
    0x00000146   0x00000146   0x00000000   Code   RO          196    .ARM.Collect$$libinit$$00000013  c_p.l(libinit2.o)
    0x00000146   0x00000146   0x00000000   Code   RO          198    .ARM.Collect$$libinit$$00000015  c_p.l(libinit2.o)
    0x00000146   0x00000146   0x00000000   Code   RO          200    .ARM.Collect$$libinit$$00000017  c_p.l(libinit2.o)
    0x00000146   0x00000146   0x00000000   Code   RO          202    .ARM.Collect$$libinit$$00000019  c_p.l(libinit2.o)
    0x00000146   0x00000146   0x00000000   Code   RO          204    .ARM.Collect$$libinit$$0000001B  c_p.l(libinit2.o)
    0x00000146   0x00000146   0x00000000   Code   RO          206    .ARM.Collect$$libinit$$0000001D  c_p.l(libinit2.o)
    0x00000146   0x00000146   0x00000000   Code   RO          208    .ARM.Collect$$libinit$$0000001F  c_p.l(libinit2.o)
    0x00000146   0x00000146   0x00000000   Code   RO          210    .ARM.Collect$$libinit$$00000021  c_p.l(libinit2.o)
    0x00000146   0x00000146   0x00000000   Code   RO          212    .ARM.Collect$$libinit$$00000023  c_p.l(libinit2.o)
    0x00000146   0x00000146   0x00000000   Code   RO          214    .ARM.Collect$$libinit$$00000025  c_p.l(libinit2.o)
    0x00000146   0x00000146   0x00000000   Code   RO          218    .ARM.Collect$$libinit$$0000002C  c_p.l(libinit2.o)
    0x00000146   0x00000146   0x00000000   Code   RO          220    .ARM.Collect$$libinit$$0000002E  c_p.l(libinit2.o)
    0x00000146   0x00000146   0x00000000   Code   RO          222    .ARM.Collect$$libinit$$00000030  c_p.l(libinit2.o)
    0x00000146   0x00000146   0x00000000   Code   RO          224    .ARM.Collect$$libinit$$00000032  c_p.l(libinit2.o)
    0x00000146   0x00000146   0x00000002   Code   RO          225    .ARM.Collect$$libinit$$00000033  c_p.l(libinit2.o)
    0x00000148   0x00000148   0x00000002   Code   RO          262    .ARM.Collect$$libshutdown$$00000000  c_p.l(libshutdown.o)
    0x0000014a   0x0000014a   0x00000000   Code   RO          290    .ARM.Collect$$libshutdown$$00000002  c_p.l(libshutdown2.o)
    0x0000014a   0x0000014a   0x00000000   Code   RO          292    .ARM.Collect$$libshutdown$$00000004  c_p.l(libshutdown2.o)
    0x0000014a   0x0000014a   0x00000000   Code   RO          295    .ARM.Collect$$libshutdown$$00000007  c_p.l(libshutdown2.o)
    0x0000014a   0x0000014a   0x00000000   Code   RO          298    .ARM.Collect$$libshutdown$$0000000A  c_p.l(libshutdown2.o)
    0x0000014a   0x0000014a   0x00000000   Code   RO          300    .ARM.Collect$$libshutdown$$0000000C  c_p.l(libshutdown2.o)
    0x0000014a   0x0000014a   0x00000000   Code   RO          303    .ARM.Collect$$libshutdown$$0000000F  c_p.l(libshutdown2.o)
    0x0000014a   0x0000014a   0x00000002   Code   RO          304    .ARM.Collect$$libshutdown$$00000010  c_p.l(libshutdown2.o)
    0x0000014c   0x0000014c   0x00000000   Code   RO          119    .ARM.Collect$$rtentry$$00000000  c_p.l(__rtentry.o)
    0x0000014c   0x0000014c   0x00000000   Code   RO          132    .ARM.Collect$$rtentry$$00000002  c_p.l(__rtentry2.o)
    0x0000014c   0x0000014c   0x00000006   Code   RO          144    .ARM.Collect$$rtentry$$00000004  c_p.l(__rtentry4.o)
    0x00000152   0x00000152   0x00000000   Code   RO          134    .ARM.Collect$$rtentry$$00000009  c_p.l(__rtentry2.o)
    0x00000152   0x00000152   0x00000004   Code   RO          135    .ARM.Collect$$rtentry$$0000000A  c_p.l(__rtentry2.o)
    0x00000156   0x00000156   0x00000000   Code   RO          137    .ARM.Collect$$rtentry$$0000000C  c_p.l(__rtentry2.o)
    0x00000156   0x00000156   0x00000008   Code   RO          138    .ARM.Collect$$rtentry$$0000000D  c_p.l(__rtentry2.o)
    0x0000015e   0x0000015e   0x00000002   Code   RO          173    .ARM.Collect$$rtexit$$00000000  c_p.l(rtexit.o)
    0x00000160   0x00000160   0x00000000   Code   RO          233    .ARM.Collect$$rtexit$$00000002  c_p.l(rtexit2.o)
    0x00000160   0x00000160   0x00000004   Code   RO          234    .ARM.Collect$$rtexit$$00000003  c_p.l(rtexit2.o)
    0x00000164   0x00000164   0x00000006   Code   RO          235    .ARM.Collect$$rtexit$$00000004  c_p.l(rtexit2.o)
    0x0000016a   0x0000016a   0x00000002   PAD
    0x0000016c   0x0000016c   0x00000030   Code   RO           35    .text               startup_mspm0g350x_uvision.o
    0x0000019c   0x0000019c   0x00000006   Code   RO           93    .text               c_p.l(heapauxi.o)
    0x000001a2   0x000001a2   0x00000002   PAD
    0x000001a4   0x000001a4   0x00000358   Code   RO           97    .text               fz_ps.l(daddsub.o)
    0x000004fc   0x000004fc   0x0000006c   Code   RO          111    .text               fz_ps.l(dfixi.o)
    0x00000568   0x00000568   0x00000048   Code   RO          113    .text               fz_ps.l(dfixui.o)
    0x000005b0   0x000005b0   0x00000058   Code   RO          115    .text               fz_ps.l(dflti.o)
    0x00000608   0x00000608   0x00000248   Code   RO          117    .text               fz_ps.l(dmul.o)
    0x00000850   0x00000850   0x000000a0   Code   RO          148    .text               fz_ps.l(dcmpin.o)
    0x000008f0   0x000008f0   0x0000003e   Code   RO          150    .text               c_p.l(sys_stackheap_outer.o)
    0x0000092e   0x0000092e   0x00000010   Code   RO          153    .text               c_p.l(exit.o)
    0x0000093e   0x0000093e   0x0000002e   Code   RO          165    .text               fz_ps.l(cmpret.o)
    0x0000096c   0x0000096c   0x00000014   Code   RO          167    .text               fz_ps.l(dnan2.o)
    0x00000980   0x00000980   0x00000008   Code   RO          169    .text               c_p.l(libspace.o)
    0x00000988   0x00000988   0x0000005e   Code   RO          226    .text               fz_ps.l(retnan.o)
    0x000009e6   0x000009e6   0x00000002   PAD
    0x000009e8   0x000009e8   0x0000000c   Code   RO          228    .text               c_p.l(sys_exit.o)
    0x000009f4   0x000009f4   0x00000002   Code   RO          251    .text               c_p.l(use_no_semi.o)
    0x000009f6   0x000009f6   0x00000000   Code   RO          253    .text               c_p.l(indicate_semi.o)
    0x000009f6   0x000009f6   0x00000002   PAD
    0x000009f8   0x000009f8   0x0000000c   Code   RO           44    .text.SYSCTL_SYSCLK_getMCLK  sysctl.o
    0x00000a04   0x00000a04   0x00000078   Code   RO           71    .text.TIMA0_PWM_DutyCycle  timers.o
    0x00000a7c   0x00000a7c   0x000001b0   Code   RO           67    .text.TIMA0_PWM_freq_init  timers.o
    0x00000c2c   0x00000c2c   0x00000020   Code   RO           73    .text.TIMA1_PWM_DutyCycle  timers.o
    0x00000c4c   0x00000c4c   0x0000001c   Code   RO           23    .text.dc_backwards  dc_motor.o
    0x00000c68   0x00000c68   0x0000001a   Code   RO           21    .text.dc_forward    dc_motor.o
    0x00000c82   0x00000c82   0x0000002c   Code   RO            2    .text.delay         main.o
    0x00000cae   0x00000cae   0x0000000c   Code   RO           19    .text.init_dc_motor  dc_motor.o
    0x00000cba   0x00000cba   0x00000002   PAD
    0x00000cbc   0x00000cbc   0x00000124   Code   RO            8    .text.main          main.o
    0x00000de0   0x00000de0   0x000001f6   Code   RO           86    .text_divfast       c_p.l(aeabi_sdivfast.o)
    0x00000fd6   0x00000fd6   0x00000016   Code   RO          100    i._dgeq             fz_ps.l(dcmp.o)
    0x00000fec   0x00000fec   0x00000016   Code   RO          101    i._dgr              fz_ps.l(dcmp.o)
    0x00001002   0x00001002   0x0000001a   Code   RO          102    i._dleq             fz_ps.l(dcmp.o)
    0x0000101c   0x0000101c   0x00000016   Code   RO          103    i._dls              fz_ps.l(dcmp.o)
    0x00001032   0x00001032   0x00000002   PAD
    0x00001034   0x00001034   0x00000064   Code   RO          126    x$fpl$dgeqf         fz_ps.l(dgef.o)
    0x00001098   0x00001098   0x00000064   Code   RO          128    x$fpl$dleqf         fz_ps.l(dlef.o)
    0x000010fc   0x000010fc   0x00000000   Code   RO          130    x$fpl$usenofp       fz_ps.l(usenofp.o)
    0x000010fc   0x000010fc   0x00000004   PAD
    0x00001100   0x00001100   0x00000020   Data   RO          306    Region$$Table       anon$$obj.o


    Execution Region RW_IRAM2 (Exec base: 0x20200000, Load base: 0x00001120, Size: 0x00000470, Max: 0x00008000, ABSOLUTE)

    Exec Addr    Load Addr    Size         Type   Attr      Idx    E Section Name        Object

    0x20200000   0x00001120   0x00000004   Data   RW           48    .data.SystemMasterClock  sysctl.o
    0x20200004   0x00001124   0x00000004   PAD
    0x20200008        -       0x00000060   Zero   RW          170    .bss                c_p.l(libspace.o)
    0x20200068        -       0x00000002   Zero   RW           75    .bss.global_period_tim0  timers.o
    0x2020006a   0x00001124   0x00000006   PAD
    0x20200070        -       0x00000200   Zero   RW           33    HEAP                startup_mspm0g350x_uvision.o
    0x20200270        -       0x00000200   Zero   RW           32    STACK               startup_mspm0g350x_uvision.o



  Load Region LR_BCR (Base: 0x41c00000, Size: 0x00000000, Max: 0x00000100, ABSOLUTE)

    Execution Region BCR_CONFIG (Exec base: 0x41c00000, Load base: 0x41c00000, Size: 0x00000000, Max: 0x00000080, ABSOLUTE)

    **** No section assigned to this execution region ****



  Load Region LR_BSL (Base: 0x41c00100, Size: 0x00000000, Max: 0x00000100, ABSOLUTE)

    Execution Region BSL_CONFIG (Exec base: 0x41c00100, Load base: 0x41c00100, Size: 0x00000000, Max: 0x00000080, ABSOLUTE)

    **** No section assigned to this execution region ****


==============================================================================

Image component sizes


      Code (inc. data)   RO Data    RW Data    ZI Data      Debug   Object Name

        66          0          0          0          0        922   dc_motor.o
       336         28          0          0          0       5925   main.o
        48         22        192          0       1024        772   startup_mspm0g350x_uvision.o
        12          4          0          4          0       3970   sysctl.o
       584         48          0          0          2      11250   timers.o

    ----------------------------------------------------------------------
      1048        102        224          4       1036      22839   Object Totals
         0          0         32          0          0          0   (incl. Generated)
         2          0          0          0         10          0   (incl. Padding)

    ----------------------------------------------------------------------

      Code (inc. data)   RO Data    RW Data    ZI Data      Debug   Library Member Name

         8          0          0          0          0         68   __main.o
         0          0          0          0          0          0   __rtentry.o
        12          0          0          0          0          0   __rtentry2.o
         6          0          0          0          0          0   __rtentry4.o
        60          8          0          0          0          0   __scatter.o
        26          0          0          0          0          0   __scatter_copy.o
        28          0          0          0          0          0   __scatter_zi.o
       502          0          0          0          0         92   aeabi_sdivfast.o
        16          0          0          0          0         68   exit.o
         6          0          0          0          0        136   heapauxi.o
         0          0          0          0          0          0   indicate_semi.o
         2          0          0          0          0          0   libinit.o
         2          0          0          0          0          0   libinit2.o
         2          0          0          0          0          0   libshutdown.o
         2          0          0          0          0          0   libshutdown2.o
         8          4          0          0         96         68   libspace.o
         2          0          0          0          0          0   rtexit.o
        10          0          0          0          0          0   rtexit2.o
        12          4          0          0          0         60   sys_exit.o
        62          0          0          0          0         80   sys_stackheap_outer.o
         2          0          0          0          0         68   use_no_semi.o
        46          0          0          0          0         60   cmpret.o
       856         20          0          0          0        208   daddsub.o
        92          0          0          0          0        272   dcmp.o
       160          6          0          0          0         76   dcmpin.o
       108         10          0          0          0         72   dfixi.o
        72          4          0          0          0         68   dfixui.o
        88          0          0          0          0         92   dflti.o
       100          4          0          0          0         92   dgef.o
       100          4          0          0          0         92   dlef.o
       584         26          0          0          0         84   dmul.o
        20          6          0          0          0         68   dnan2.o
        94          0          0          0          0         68   retnan.o
         0          0          0          0          0          0   usenofp.o

    ----------------------------------------------------------------------
      3112        100          0          0         96       1892   Library Totals
        24          4          0          0          0          0   (incl. Padding)

    ----------------------------------------------------------------------

      Code (inc. data)   RO Data    RW Data    ZI Data      Debug   Library Name

       768         16          0          0         96        640   c_p.l
      2320         80          0          0          0       1252   fz_ps.l

    ----------------------------------------------------------------------
      3112        100          0          0         96       1892   Library Totals

    ----------------------------------------------------------------------

==============================================================================


      Code (inc. data)   RO Data    RW Data    ZI Data      Debug   

      4160        202        224          4       1132      23863   Grand Totals
      4160        202        224          4       1132      23863   ELF Image Totals
      4160        202        224          4          0          0   ROM Totals

==============================================================================

    Total RO  Size (Code + RO Data)                 4384 (   4.28kB)
    Total RW  Size (RW Data + ZI Data)              1136 (   1.11kB)
    Total ROM Size (Code + RO Data + RW Data)       4388 (   4.29kB)

==============================================================================

